Archive member included to satisfy reference by file (symbol)

c:/program files (x86)/atmel/studio/7.0/toolchain/arm/arm-gnu-toolchain/bin/../lib/gcc/arm-none-eabi/5.3.1/../../../../arm-none-eabi/lib/armv7e-m\libc.a(lib_a-exit.o)
                              c:/program files (x86)/atmel/studio/7.0/toolchain/arm/arm-gnu-toolchain/bin/../lib/gcc/arm-none-eabi/5.3.1/../../../../arm-none-eabi/lib/armv7e-m/crt0.o (exit)
c:/program files (x86)/atmel/studio/7.0/toolchain/arm/arm-gnu-toolchain/bin/../lib/gcc/arm-none-eabi/5.3.1/../../../../arm-none-eabi/lib/armv7e-m\libc.a(lib_a-impure.o)
                              c:/program files (x86)/atmel/studio/7.0/toolchain/arm/arm-gnu-toolchain/bin/../lib/gcc/arm-none-eabi/5.3.1/../../../../arm-none-eabi/lib/armv7e-m\libc.a(lib_a-exit.o) (_global_impure_ptr)
c:/program files (x86)/atmel/studio/7.0/toolchain/arm/arm-gnu-toolchain/bin/../lib/gcc/arm-none-eabi/5.3.1/../../../../arm-none-eabi/lib/armv7e-m\libc.a(lib_a-init.o)
                              c:/program files (x86)/atmel/studio/7.0/toolchain/arm/arm-gnu-toolchain/bin/../lib/gcc/arm-none-eabi/5.3.1/../../../../arm-none-eabi/lib/armv7e-m/crt0.o (__libc_init_array)
c:/program files (x86)/atmel/studio/7.0/toolchain/arm/arm-gnu-toolchain/bin/../lib/gcc/arm-none-eabi/5.3.1/../../../../arm-none-eabi/lib/armv7e-m\libc.a(lib_a-memset.o)
                              c:/program files (x86)/atmel/studio/7.0/toolchain/arm/arm-gnu-toolchain/bin/../lib/gcc/arm-none-eabi/5.3.1/../../../../arm-none-eabi/lib/armv7e-m/crt0.o (memset)
c:/program files (x86)/atmel/studio/7.0/toolchain/arm/arm-gnu-toolchain/bin/../lib/gcc/arm-none-eabi/5.3.1/../../../../arm-none-eabi/lib/armv7e-m\libc.a(lib_a-__call_atexit.o)
                              c:/program files (x86)/atmel/studio/7.0/toolchain/arm/arm-gnu-toolchain/bin/../lib/gcc/arm-none-eabi/5.3.1/../../../../arm-none-eabi/lib/armv7e-m\libc.a(lib_a-exit.o) (__call_exitprocs)
c:/program files (x86)/atmel/studio/7.0/toolchain/arm/arm-gnu-toolchain/bin/../lib/gcc/arm-none-eabi/5.3.1/../../../../arm-none-eabi/lib/armv7e-m\libc.a(lib_a-atexit.o)
                              c:/program files (x86)/atmel/studio/7.0/toolchain/arm/arm-gnu-toolchain/bin/../lib/gcc/arm-none-eabi/5.3.1/../../../../arm-none-eabi/lib/armv7e-m\libc.a(lib_a-__call_atexit.o) (atexit)
c:/program files (x86)/atmel/studio/7.0/toolchain/arm/arm-gnu-toolchain/bin/../lib/gcc/arm-none-eabi/5.3.1/../../../../arm-none-eabi/lib/armv7e-m\libc.a(lib_a-fini.o)
                              c:/program files (x86)/atmel/studio/7.0/toolchain/arm/arm-gnu-toolchain/bin/../lib/gcc/arm-none-eabi/5.3.1/../../../../arm-none-eabi/lib/armv7e-m\libc.a(lib_a-__call_atexit.o) (__libc_fini_array)
c:/program files (x86)/atmel/studio/7.0/toolchain/arm/arm-gnu-toolchain/bin/../lib/gcc/arm-none-eabi/5.3.1/../../../../arm-none-eabi/lib/armv7e-m\libc.a(lib_a-__atexit.o)
                              c:/program files (x86)/atmel/studio/7.0/toolchain/arm/arm-gnu-toolchain/bin/../lib/gcc/arm-none-eabi/5.3.1/../../../../arm-none-eabi/lib/armv7e-m\libc.a(lib_a-atexit.o) (__register_exitproc)

Allocating common symbols
Common symbol       size              file

g_p_spis_pdc        0x4               src/spi_pdc_example.o
ptr_get             0x4               src/ASF/common/utils/stdio/read.o
ptr_put             0x4               src/ASF/common/utils/stdio/write.o
g_p_spim_pdc        0x4               src/spi_pdc_example.o
stdio_base          0x4               src/ASF/common/utils/stdio/write.o
sleepmgr_locks      0x6               src/ASF/common/services/sleepmgr/sam/sleepmgr.o

Discarded input sections

 .text          0x00000000        0x0 c:/program files (x86)/atmel/studio/7.0/toolchain/arm/arm-gnu-toolchain/bin/../lib/gcc/arm-none-eabi/5.3.1/armv7e-m/crti.o
 .data          0x00000000        0x0 c:/program files (x86)/atmel/studio/7.0/toolchain/arm/arm-gnu-toolchain/bin/../lib/gcc/arm-none-eabi/5.3.1/armv7e-m/crti.o
 .bss           0x00000000        0x0 c:/program files (x86)/atmel/studio/7.0/toolchain/arm/arm-gnu-toolchain/bin/../lib/gcc/arm-none-eabi/5.3.1/armv7e-m/crti.o
 .data          0x00000000        0x4 c:/program files (x86)/atmel/studio/7.0/toolchain/arm/arm-gnu-toolchain/bin/../lib/gcc/arm-none-eabi/5.3.1/armv7e-m/crtbegin.o
 .text          0x00000000       0x74 c:/program files (x86)/atmel/studio/7.0/toolchain/arm/arm-gnu-toolchain/bin/../lib/gcc/arm-none-eabi/5.3.1/../../../../arm-none-eabi/lib/armv7e-m/crt0.o
 .data          0x00000000        0x0 c:/program files (x86)/atmel/studio/7.0/toolchain/arm/arm-gnu-toolchain/bin/../lib/gcc/arm-none-eabi/5.3.1/../../../../arm-none-eabi/lib/armv7e-m/crt0.o
 .bss           0x00000000        0x0 c:/program files (x86)/atmel/studio/7.0/toolchain/arm/arm-gnu-toolchain/bin/../lib/gcc/arm-none-eabi/5.3.1/../../../../arm-none-eabi/lib/armv7e-m/crt0.o
[...]
Memory Configuration

Name             Origin             Length             Attributes
rom              0x00400000         0x00080000         xr
ram              0x20000000         0x00028000         xrw
*default*        0x00000000         0xffffffff

Linker script and memory map

LOAD c:/program files (x86)/atmel/studio/7.0/toolchain/arm/arm-gnu-toolchain/bin/../lib/gcc/arm-none-eabi/5.3.1/armv7e-m/crti.o
LOAD c:/program files (x86)/atmel/studio/7.0/toolchain/arm/arm-gnu-toolchain/bin/../lib/gcc/arm-none-eabi/5.3.1/armv7e-m/crtbegin.o
LOAD c:/program files (x86)/atmel/studio/7.0/toolchain/arm/arm-gnu-toolchain/bin/../lib/gcc/arm-none-eabi/5.3.1/../../../../arm-none-eabi/lib/armv7e-m/crt0.o
LOAD src/ASF/common/services/clock/samg/sysclk.o
LOAD src/ASF/common/services/delay/sam/cycle_counter.o
LOAD src/ASF/common/services/serial/usart_serial.o
LOAD src/ASF/common/services/sleepmgr/sam/sleepmgr.o
LOAD src/ASF/common/utils/interrupt/interrupt_sam_nvic.o
LOAD src/ASF/common/utils/stdio/read.o
LOAD src/ASF/common/utils/stdio/write.o
LOAD src/ASF/sam/boards/samg55_xplained_pro/board_init.o
LOAD src/ASF/sam/drivers/efc/efc.o
LOAD src/ASF/sam/drivers/flexcom/flexcom.o
LOAD src/ASF/sam/drivers/pdc/pdc.o
LOAD src/ASF/sam/drivers/pdm/pdm.o
LOAD src/ASF/sam/drivers/pmc/pmc.o
LOAD src/ASF/sam/drivers/pmc/sleep.o
LOAD src/ASF/sam/drivers/spi/spi.o
LOAD src/ASF/sam/drivers/supc/supc.o
LOAD src/ASF/sam/drivers/usart/usart.o
LOAD src/ASF/sam/utils/cmsis/samg/samg55/source/templates/gcc/startup_samg55.o
LOAD src/ASF/sam/utils/cmsis/samg/samg55/source/templates/system_samg55.o
LOAD src/ASF/sam/utils/syscalls/gcc/syscalls.o
LOAD src/pdm_lib.o
LOAD src/spi_pdc_example.o
START GROUP
LOAD ../src/ASF/thirdparty/CMSIS/Lib/GCC\libarm_cortexM4lf_math_softfp.a
LOAD c:/program files (x86)/atmel/studio/7.0/toolchain/arm/arm-gnu-toolchain/bin/../lib/gcc/arm-none-eabi/5.3.1/../../../../arm-none-eabi/lib/armv7e-m\libm.a
END GROUP
START GROUP
LOAD c:/program files (x86)/atmel/studio/7.0/toolchain/arm/arm-gnu-toolchain/bin/../lib/gcc/arm-none-eabi/5.3.1/armv7e-m\libgcc.a
LOAD c:/program files (x86)/atmel/studio/7.0/toolchain/arm/arm-gnu-toolchain/bin/../lib/gcc/arm-none-eabi/5.3.1/../../../../arm-none-eabi/lib/armv7e-m\libc.a
END GROUP
LOAD c:/program files (x86)/atmel/studio/7.0/toolchain/arm/arm-gnu-toolchain/bin/../lib/gcc/arm-none-eabi/5.3.1/armv7e-m/crtend.o
LOAD c:/program files (x86)/atmel/studio/7.0/toolchain/arm/arm-gnu-toolchain/bin/../lib/gcc/arm-none-eabi/5.3.1/armv7e-m/crtn.o
                0x00003000                __stack_size__ = DEFINED (__stack_size__)?__stack_size__:0x3000
                0x20027ffc                __ram_end__ = ((ORIGIN (ram) + LENGTH (ram)) - 0x4)

.text           0x00400000      0xed0
                0x00400000                . = ALIGN (0x4)
                0x00400000                _sfixed = .
 *(.vectors .vectors.*)
 .vectors       0x00400000      0x148 src/ASF/sam/utils/cmsis/samg/samg55/source/templates/gcc/startup_samg55.o
                0x00400000                exception_table
 *(.text .text.* .gnu.linkonce.t.*)
 .text          0x00400148       0x5c c:/program files (x86)/atmel/studio/7.0/toolchain/arm/arm-gnu-toolchain/bin/../lib/gcc/arm-none-eabi/5.3.1/armv7e-m/crtbegin.o
 .text.sysclk_init
                0x004001a4       0xb0 src/ASF/common/services/clock/samg/sysclk.o
                0x004001a4                sysclk_init
 .text.system_board_init
                0x00400254      0x178 src/ASF/sam/boards/samg55_xplained_pro/board_init.o
                0x00400254                board_init
                0x00400254                system_board_init
 .text.flexcom_enable
                0x004003cc      0x18c src/ASF/sam/drivers/flexcom/flexcom.o
                0x004003cc                flexcom_enable
 .text.flexcom_set_opmode
                0x00400558        0x4 src/ASF/sam/drivers/flexcom/flexcom.o
                0x00400558                flexcom_set_opmode
 .text.pdc_tx_init
                0x0040055c       0x18 src/ASF/sam/drivers/pdc/pdc.o
                0x0040055c                pdc_tx_init
 .text.pdc_rx_init
                0x00400574       0x18 src/ASF/sam/drivers/pdc/pdc.o
                0x00400574                pdc_rx_init
 .text.pdc_enable_transfer
                0x0040058c        0xc src/ASF/sam/drivers/pdc/pdc.o
                0x0040058c                pdc_enable_transfer
 .text.pdc_disable_transfer
                0x00400598       0x10 src/ASF/sam/drivers/pdc/pdc.o
                0x00400598                pdc_disable_transfer
 .text.PDMIC_Handler
                0x004005a8       0x80 src/ASF/sam/drivers/pdm/pdm.o
 .text.PDMIC0_Handler
                0x00400628       0x10 src/ASF/sam/drivers/pdm/pdm.o
                0x00400628                PDMIC0_Handler
 .text.PDMIC1_Handler
                0x00400638       0x10 src/ASF/sam/drivers/pdm/pdm.o
                0x00400638                PDMIC1_Handler
 .text.pdm_init
                0x00400648       0x94 src/ASF/sam/drivers/pdm/pdm.o
                0x00400648                pdm_init
 .text.pmc_switch_mck_to_pllack
                0x004006dc       0x68 src/ASF/sam/drivers/pmc/pmc.o
                0x004006dc                pmc_switch_mck_to_pllack
 .text.pmc_switch_sclk_to_32kxtal
                0x00400744       0x24 src/ASF/sam/drivers/pmc/pmc.o
                0x00400744                pmc_switch_sclk_to_32kxtal
 .text.pmc_osc_is_ready_32kxtal
                0x00400768       0x20 src/ASF/sam/drivers/pmc/pmc.o
                0x00400768                pmc_osc_is_ready_32kxtal
 .text.pmc_disable_pllack
                0x00400788        0xc src/ASF/sam/drivers/pmc/pmc.o
                0x00400788                pmc_disable_pllack
 .text.pmc_is_locked_pllack
                0x00400794       0x10 src/ASF/sam/drivers/pmc/pmc.o
                0x00400794                pmc_is_locked_pllack
 .text.pmc_enable_periph_clk
                0x004007a4       0x54 src/ASF/sam/drivers/pmc/pmc.o
                0x004007a4                pmc_enable_periph_clk
 .text.pmc_switch_pck_to_mck
                0x004007f8       0x44 src/ASF/sam/drivers/pmc/pmc.o
                0x004007f8                pmc_switch_pck_to_mck
 .text.pmc_enable_pck
                0x0040083c       0x14 src/ASF/sam/drivers/pmc/pmc.o
                0x0040083c                pmc_enable_pck
 .text.pmc_disable_pck
                0x00400850       0x14 src/ASF/sam/drivers/pmc/pmc.o
                0x00400850                pmc_disable_pck
 .text.spi_set_peripheral_chip_select_value
                0x00400864       0x18 src/ASF/sam/drivers/spi/spi.o
                0x00400864                spi_set_peripheral_chip_select_value
 .text.spi_set_clock_polarity
                0x0040087c       0x20 src/ASF/sam/drivers/spi/spi.o
                0x0040087c                spi_set_clock_polarity
 .text.spi_set_clock_phase
                0x0040089c       0x20 src/ASF/sam/drivers/spi/spi.o
                0x0040089c                spi_set_clock_phase
 .text.spi_set_bits_per_transfer
                0x004008bc       0x14 src/ASF/sam/drivers/spi/spi.o
                0x004008bc                spi_set_bits_per_transfer
 .text.supc_set_regulator_trim_user
                0x004008d0       0x1c src/ASF/sam/drivers/supc/supc.o
                0x004008d0                supc_set_regulator_trim_user
 .text.Dummy_Handler
                0x004008ec        0x4 src/ASF/sam/utils/cmsis/samg/samg55/source/templates/gcc/startup_samg55.o
                0x004008ec                FLEXCOM1_Handler
                0x004008ec                DebugMon_Handler
                0x004008ec                HardFault_Handler
                0x004008ec                TC2_Handler
                0x004008ec                FLEXCOM4_Handler
                0x004008ec                SysTick_Handler
                0x004008ec                PendSV_Handler
                0x004008ec                NMI_Handler
                0x004008ec                ADC_Handler
                0x004008ec                CRCCU_Handler
                0x004008ec                RTT_Handler
                0x004008ec                FLEXCOM6_Handler
                0x004008ec                PIOB_Handler
                0x004008ec                RTC_Handler
                0x004008ec                UsageFault_Handler
                0x004008ec                FLEXCOM0_Handler
                0x004008ec                WDT_Handler
                0x004008ec                TC4_Handler
                0x004008ec                TC1_Handler
                0x004008ec                TC3_Handler
                0x004008ec                ARM_Handler
                0x004008ec                Dummy_Handler
                0x004008ec                PIOA_Handler
                0x004008ec                MEM2MEM_Handler
                0x004008ec                PMC_Handler
                0x004008ec                MemManage_Handler
                0x004008ec                SUPC_Handler
                0x004008ec                SVC_Handler
                0x004008ec                UHP_Handler
                0x004008ec                EFC_Handler
                0x004008ec                FLEXCOM7_Handler
                0x004008ec                I2SC0_Handler
                0x004008ec                I2SC1_Handler
                0x004008ec                FLEXCOM2_Handler
                0x004008ec                UDP_Handler
                0x004008ec                FLEXCOM3_Handler
                0x004008ec                BusFault_Handler
                0x004008ec                RSTC_Handler
                0x004008ec                TC0_Handler
                0x004008ec                TC5_Handler
 .text.Reset_Handler
                0x004008f0       0xf0 src/ASF/sam/utils/cmsis/samg/samg55/source/templates/gcc/startup_samg55.o
                0x004008f0                Reset_Handler
 .text.SystemCoreClockUpdate
                0x004009e0       0xe8 src/ASF/sam/utils/cmsis/samg/samg55/source/templates/system_samg55.o
                0x004009e0                SystemCoreClockUpdate
 .text.system_init_flash
                0x00400ac8       0x74 src/ASF/sam/utils/cmsis/samg/samg55/source/templates/system_samg55.o
                0x00400ac8                system_init_flash
 .text.spi_slave_transfer
                0x00400b3c       0x50 src/spi_pdc_example.o
 .text.init_pdm
                0x00400b8c       0x64 src/spi_pdc_example.o
                0x00400b8c                init_pdm
 .text.enable_pdm
                0x00400bf0       0x10 src/spi_pdc_example.o
                0x00400bf0                enable_pdm
 .text.FLEXCOM5_Handler
                0x00400c00       0x44 src/spi_pdc_example.o
                0x00400c00                FLEXCOM5_Handler
 .text.main     0x00400c44      0x124 src/spi_pdc_example.o
                0x00400c44                main
 .text.__libc_init_array
                0x00400d68       0x50 c:/program files (x86)/atmel/studio/7.0/toolchain/arm/arm-gnu-toolchain/bin/../lib/gcc/arm-none-eabi/5.3.1/../../../../arm-none-eabi/lib/armv7e-m\libc.a(lib_a-init.o)
                0x00400d68                __libc_init_array
 .text.startup.register_fini
                0x00400db8       0x14 c:/program files (x86)/atmel/studio/7.0/toolchain/arm/arm-gnu-toolchain/bin/../lib/gcc/arm-none-eabi/5.3.1/../../../../arm-none-eabi/lib/armv7e-m\libc.a(lib_a-__call_atexit.o)
 .text.atexit   0x00400dcc        0xc c:/program files (x86)/atmel/studio/7.0/toolchain/arm/arm-gnu-toolchain/bin/../lib/gcc/arm-none-eabi/5.3.1/../../../../arm-none-eabi/lib/armv7e-m\libc.a(lib_a-atexit.o)
                0x00400dcc                atexit
 .text.__libc_fini_array
                0x00400dd8       0x28 c:/program files (x86)/atmel/studio/7.0/toolchain/arm/arm-gnu-toolchain/bin/../lib/gcc/arm-none-eabi/5.3.1/../../../../arm-none-eabi/lib/armv7e-m\libc.a(lib_a-fini.o)
                0x00400dd8                __libc_fini_array
 .text.__register_exitproc
                0x00400e00       0xa4 c:/program files (x86)/atmel/studio/7.0/toolchain/arm/arm-gnu-toolchain/bin/../lib/gcc/arm-none-eabi/5.3.1/../../../../arm-none-eabi/lib/armv7e-m\libc.a(lib_a-__atexit.o)
                0x00400e00                __register_exitproc
 *(.glue_7t)
 .glue_7t       0x00400ea4        0x0 linker stubs
 *(.glue_7)
 .glue_7        0x00400ea4        0x0 linker stubs
 *(.rodata .rodata* .gnu.linkonce.r.*)
 .rodata.str1.4
                0x00400ea4        0x4 c:/program files (x86)/atmel/studio/7.0/toolchain/arm/arm-gnu-toolchain/bin/../lib/gcc/arm-none-eabi/5.3.1/../../../../arm-none-eabi/lib/armv7e-m\libc.a(lib_a-impure.o)
                                  0x2 (size before relaxing)
 .rodata._global_impure_ptr
                0x00400ea8        0x4 c:/program files (x86)/atmel/studio/7.0/toolchain/arm/arm-gnu-toolchain/bin/../lib/gcc/arm-none-eabi/5.3.1/../../../../arm-none-eabi/lib/armv7e-m\libc.a(lib_a-impure.o)
                0x00400ea8                _global_impure_ptr
 *(.ARM.extab* .gnu.linkonce.armextab.*)
                0x00400eac                . = ALIGN (0x4)
 *(.init)
 .init          0x00400eac        0x4 c:/program files (x86)/atmel/studio/7.0/toolchain/arm/arm-gnu-toolchain/bin/../lib/gcc/arm-none-eabi/5.3.1/armv7e-m/crti.o
                0x00400eac                _init
 .init          0x00400eb0        0x8 c:/program files (x86)/atmel/studio/7.0/toolchain/arm/arm-gnu-toolchain/bin/../lib/gcc/arm-none-eabi/5.3.1/armv7e-m/crtn.o
                0x00400eb8                . = ALIGN (0x4)
                0x00400eb8                __preinit_array_start = .
 *(.preinit_array)
                0x00400eb8                __preinit_array_end = .
                0x00400eb8                . = ALIGN (0x4)
                0x00400eb8                __init_array_start = .
 *(SORT(.init_array.*))
 .init_array.00000
                0x00400eb8        0x4 c:/program files (x86)/atmel/studio/7.0/toolchain/arm/arm-gnu-toolchain/bin/../lib/gcc/arm-none-eabi/5.3.1/../../../../arm-none-eabi/lib/armv7e-m\libc.a(lib_a-__call_atexit.o)
 *(.init_array)
 .init_array    0x00400ebc        0x4 c:/program files (x86)/atmel/studio/7.0/toolchain/arm/arm-gnu-toolchain/bin/../lib/gcc/arm-none-eabi/5.3.1/armv7e-m/crtbegin.o
                0x00400ec0                __init_array_end = .
                0x00400ec0                . = ALIGN (0x4)
 *crtbegin.o(.ctors)
 *(EXCLUDE_FILE(*crtend.o) .ctors)
 *(SORT(.ctors.*))
 *crtend.o(.ctors)
                0x00400ec0                . = ALIGN (0x4)
 *(.fini)
 .fini          0x00400ec0        0x4 c:/program files (x86)/atmel/studio/7.0/toolchain/arm/arm-gnu-toolchain/bin/../lib/gcc/arm-none-eabi/5.3.1/armv7e-m/crti.o
                0x00400ec0                _fini
 .fini          0x00400ec4        0x8 c:/program files (x86)/atmel/studio/7.0/toolchain/arm/arm-gnu-toolchain/bin/../lib/gcc/arm-none-eabi/5.3.1/armv7e-m/crtn.o
                0x00400ecc                . = ALIGN (0x4)
                0x00400ecc                __fini_array_start = .
 *(.fini_array)
 .fini_array    0x00400ecc        0x4 c:/program files (x86)/atmel/studio/7.0/toolchain/arm/arm-gnu-toolchain/bin/../lib/gcc/arm-none-eabi/5.3.1/armv7e-m/crtbegin.o
 *(SORT(.fini_array.*))
                0x00400ed0                __fini_array_end = .
 *crtbegin.o(.dtors)
 *(EXCLUDE_FILE(*crtend.o) .dtors)
 *(SORT(.dtors.*))
 *crtend.o(.dtors)
                0x00400ed0                . = ALIGN (0x4)
                0x00400ed0                _efixed = .
                [!provide]                PROVIDE (__exidx_start, .)

.vfp11_veneer   0x00400ed0        0x0
 .vfp11_veneer  0x00400ed0        0x0 linker stubs

.v4_bx          0x00400ed0        0x0
 .v4_bx         0x00400ed0        0x0 linker stubs

.iplt           0x00400ed0        0x0
 .iplt          0x00400ed0        0x0 c:/program files (x86)/atmel/studio/7.0/toolchain/arm/arm-gnu-toolchain/bin/../lib/gcc/arm-none-eabi/5.3.1/armv7e-m/crtbegin.o

.eh_frame       0x00400ed0        0x0
 .eh_frame      0x00400ed0        0x0 c:/program files (x86)/atmel/studio/7.0/toolchain/arm/arm-gnu-toolchain/bin/../lib/gcc/arm-none-eabi/5.3.1/armv7e-m/crtbegin.o

.rel.dyn        0x00400ed0        0x0
 .rel.iplt      0x00400ed0        0x0 c:/program files (x86)/atmel/studio/7.0/toolchain/arm/arm-gnu-toolchain/bin/../lib/gcc/arm-none-eabi/5.3.1/armv7e-m/crtbegin.o

.jcr            0x00400ed0        0x0
 .jcr           0x00400ed0        0x0 c:/program files (x86)/atmel/studio/7.0/toolchain/arm/arm-gnu-toolchain/bin/../lib/gcc/arm-none-eabi/5.3.1/armv7e-m/crtbegin.o

.igot.plt       0x00400ed0        0x0
 .igot.plt      0x00400ed0        0x0 c:/program files (x86)/atmel/studio/7.0/toolchain/arm/arm-gnu-toolchain/bin/../lib/gcc/arm-none-eabi/5.3.1/armv7e-m/crtbegin.o

.ARM.exidx
 *(.ARM.exidx* .gnu.linkonce.armexidx.*)
                [!provide]                PROVIDE (__exidx_end, .)
                0x00400ed0                . = ALIGN (0x4)
                0x00400ed0                _etext = .

.relocate       0x20000000      0x4c0 load address 0x00400ed0
                0x20000000                . = ALIGN (0x4)
                0x20000000                _srelocate = .
 *(.ramfunc .ramfunc.*)
 .ramfunc       0x20000000       0x88 src/ASF/sam/drivers/efc/efc.o
                0x20000000                efc_perform_read_sequence
                0x20000068                efc_write_fmr
                0x2000006c                efc_perform_fcr
 *(.data .data.*)
 .data.g_interrupt_enabled
                0x20000088        0x1 src/ASF/common/utils/interrupt/interrupt_sam_nvic.o
                0x20000088                g_interrupt_enabled
 *fill*         0x20000089        0x3 
 .data.SystemCoreClock
                0x2000008c        0x4 src/ASF/sam/utils/cmsis/samg/samg55/source/templates/system_samg55.o
                0x2000008c                SystemCoreClock
 .data.test_data.8590
                0x20000090        0x2 src/spi_pdc_example.o
 *fill*         0x20000092        0x6 
 .data.impure_data
                0x20000098      0x428 c:/program files (x86)/atmel/studio/7.0/toolchain/arm/arm-gnu-toolchain/bin/../lib/gcc/arm-none-eabi/5.3.1/../../../../arm-none-eabi/lib/armv7e-m\libc.a(lib_a-impure.o)
                0x200004c0                . = ALIGN (0x4)
                0x200004c0                _erelocate = .

.bss            0x200004c0       0x54 load address 0x00401390
                0x200004c0                . = ALIGN (0x4)
                0x200004c0                _sbss = .
                0x200004c0                _szero = .
 *(.bss .bss.*)
 .bss           0x200004c0       0x1c c:/program files (x86)/atmel/studio/7.0/toolchain/arm/arm-gnu-toolchain/bin/../lib/gcc/arm-none-eabi/5.3.1/armv7e-m/crtbegin.o
 .bss._pdm_instances
                0x200004dc        0x8 src/ASF/sam/drivers/pdm/pdm.o
 .bss.gs_uc_spi_s_rbuffer
                0x200004e4        0x2 src/spi_pdc_example.o
 *fill*         0x200004e6        0x2 
 .bss.pdm0      0x200004e8       0x18 src/spi_pdc_example.o
 .bss.gs_uc_spi_s_tbuffer
                0x20000500        0x2 src/spi_pdc_example.o
 *(COMMON)
 *fill*         0x20000502        0x2 
 COMMON         0x20000504        0x6 src/ASF/common/services/sleepmgr/sam/sleepmgr.o
                0x20000504                sleepmgr_locks
 *fill*         0x2000050a        0x2 
 COMMON         0x2000050c        0x8 src/spi_pdc_example.o
                0x2000050c                g_p_spis_pdc
                0x20000510                g_p_spim_pdc
                0x20000514                . = ALIGN (0x4)
                0x20000514                _ebss = .
                0x20000514                _ezero = .

.stack          0x20000514     0x3004 load address 0x004013e4
                0x20000518                . = ALIGN (0x8)
 *fill*         0x20000514        0x4 
                0x20000518                _sstack = .
                0x20003518                . = (. + __stack_size__)
 *fill*         0x20000518     0x3000 
                0x20003518                . = ALIGN (0x8)
                0x20003518                _estack = .
                0x20003518                . = ALIGN (0x4)
                0x20003518                _end = .
OUTPUT(SPI_SPI_PDC_EXAMPLE1.elf elf32-littlearm)

.ARM.attributes
                0x00000000       0x2e
 .ARM.attributes
                0x00000000       0x1e c:/program files (x86)/atmel/studio/7.0/toolchain/arm/arm-gnu-toolchain/bin/../lib/gcc/arm-none-eabi/5.3.1/armv7e-m/crti.o
 .ARM.attributes
                0x0000001e       0x2e c:/program files (x86)/atmel/studio/7.0/toolchain/arm/arm-gnu-toolchain/bin/../lib/gcc/arm-none-eabi/5.3.1/armv7e-m/crtbegin.o
 .ARM.attributes
                0x0000004c       0x37 src/ASF/common/services/clock/samg/sysclk.o
 .ARM.attributes
                0x00000083       0x37 src/ASF/common/services/sleepmgr/sam/sleepmgr.o
 .ARM.attributes
                0x000000ba       0x37 src/ASF/common/utils/interrupt/interrupt_sam_nvic.o
 .ARM.attributes
                0x000000f1       0x37 src/ASF/sam/boards/samg55_xplained_pro/board_init.o
 .ARM.attributes
                0x00000128       0x37 src/ASF/sam/drivers/efc/efc.o
 .ARM.attributes
                0x0000015f       0x37 src/ASF/sam/drivers/flexcom/flexcom.o
 .ARM.attributes
                0x00000196       0x37 src/ASF/sam/drivers/pdc/pdc.o
 .ARM.attributes
                0x000001cd       0x37 src/ASF/sam/drivers/pdm/pdm.o
 .ARM.attributes
                0x00000204       0x37 src/ASF/sam/drivers/pmc/pmc.o
 .ARM.attributes
                0x0000023b       0x37 src/ASF/sam/drivers/spi/spi.o
 .ARM.attributes
                0x00000272       0x37 src/ASF/sam/drivers/supc/supc.o
 .ARM.attributes
                0x000002a9       0x37 src/ASF/sam/utils/cmsis/samg/samg55/source/templates/gcc/startup_samg55.o
 .ARM.attributes
                0x000002e0       0x37 src/ASF/sam/utils/cmsis/samg/samg55/source/templates/system_samg55.o
 .ARM.attributes
                0x00000317       0x37 src/spi_pdc_example.o
 .ARM.attributes
                0x0000034e       0x2e c:/program files (x86)/atmel/studio/7.0/toolchain/arm/arm-gnu-toolchain/bin/../lib/gcc/arm-none-eabi/5.3.1/../../../../arm-none-eabi/lib/armv7e-m\libc.a(lib_a-impure.o)
 .ARM.attributes
                0x0000037c       0x2e c:/program files (x86)/atmel/studio/7.0/toolchain/arm/arm-gnu-toolchain/bin/../lib/gcc/arm-none-eabi/5.3.1/../../../../arm-none-eabi/lib/armv7e-m\libc.a(lib_a-init.o)
 .ARM.attributes
                0x000003aa       0x2e c:/program files (x86)/atmel/studio/7.0/toolchain/arm/arm-gnu-toolchain/bin/../lib/gcc/arm-none-eabi/5.3.1/../../../../arm-none-eabi/lib/armv7e-m\libc.a(lib_a-__call_atexit.o)
 .ARM.attributes
                0x000003d8       0x2e c:/program files (x86)/atmel/studio/7.0/toolchain/arm/arm-gnu-toolchain/bin/../lib/gcc/arm-none-eabi/5.3.1/../../../../arm-none-eabi/lib/armv7e-m\libc.a(lib_a-atexit.o)
 .ARM.attributes
                0x00000406       0x2e c:/program files (x86)/atmel/studio/7.0/toolchain/arm/arm-gnu-toolchain/bin/../lib/gcc/arm-none-eabi/5.3.1/../../../../arm-none-eabi/lib/armv7e-m\libc.a(lib_a-fini.o)
 .ARM.attributes
                0x00000434       0x2e c:/program files (x86)/atmel/studio/7.0/toolchain/arm/arm-gnu-toolchain/bin/../lib/gcc/arm-none-eabi/5.3.1/../../../../arm-none-eabi/lib/armv7e-m\libc.a(lib_a-__atexit.o)
 .ARM.attributes
                0x00000462       0x1e c:/program files (x86)/atmel/studio/7.0/toolchain/arm/arm-gnu-toolchain/bin/../lib/gcc/arm-none-eabi/5.3.1/armv7e-m/crtn.o

.comment        0x00000000       0x59
 .comment       0x00000000       0x59 src/ASF/common/services/clock/samg/sysclk.o
                                 0x5a (size before relaxing)
 .comment       0x00000059       0x5a src/ASF/common/services/sleepmgr/sam/sleepmgr.o
 .comment       0x00000059       0x5a src/ASF/common/utils/interrupt/interrupt_sam_nvic.o
 .comment       0x00000059       0x5a src/ASF/sam/boards/samg55_xplained_pro/board_init.o
 .comment       0x00000059       0x5a src/ASF/sam/drivers/efc/efc.o
 .comment       0x00000059       0x5a src/ASF/sam/drivers/flexcom/flexcom.o
 .comment       0x00000059       0x5a src/ASF/sam/drivers/pdc/pdc.o
 .comment       0x00000059       0x5a src/ASF/sam/drivers/pdm/pdm.o
 .comment       0x00000059       0x5a src/ASF/sam/drivers/pmc/pmc.o
 .comment       0x00000059       0x5a src/ASF/sam/drivers/spi/spi.o
 .comment       0x00000059       0x5a src/ASF/sam/drivers/supc/supc.o
 .comment       0x00000059       0x5a src/ASF/sam/utils/cmsis/samg/samg55/source/templates/gcc/startup_samg55.o
 .comment       0x00000059       0x5a src/ASF/sam/utils/cmsis/samg/samg55/source/templates/system_samg55.o
 .comment       0x00000059       0x5a src/spi_pdc_example.o

.debug_info     0x00000000     0x9454
 .debug_info    0x00000000      0x944 src/ASF/common/services/clock/samg/sysclk.o
 .debug_info    0x00000944      0x176 src/ASF/common/services/sleepmgr/sam/sleepmgr.o
 .debug_info    0x00000aba      0x1e4 src/ASF/common/utils/interrupt/interrupt_sam_nvic.o
 .debug_info    0x00000c9e     0x12e9 src/ASF/sam/boards/samg55_xplained_pro/board_init.o
 .debug_info    0x00001f87      0x7ea src/ASF/sam/drivers/efc/efc.o
 .debug_info    0x00002771      0xa7f src/ASF/sam/drivers/flexcom/flexcom.o
 .debug_info    0x000031f0      0x4ab src/ASF/sam/drivers/pdc/pdc.o
 .debug_info    0x0000369b      0x7ec src/ASF/sam/drivers/pdm/pdm.o
 .debug_info    0x00003e87     0x12f4 src/ASF/sam/drivers/pmc/pmc.o
 .debug_info    0x0000517b      0xaea src/ASF/sam/drivers/spi/spi.o
 .debug_info    0x00005c65      0x516 src/ASF/sam/drivers/supc/supc.o
 .debug_info    0x0000617b      0xa37 src/ASF/sam/utils/cmsis/samg/samg55/source/templates/gcc/startup_samg55.o
 .debug_info    0x00006bb2      0x54f src/ASF/sam/utils/cmsis/samg/samg55/source/templates/system_samg55.o
 .debug_info    0x00007101     0x2353 src/spi_pdc_example.o

.debug_abbrev   0x00000000     0x1d2a
 .debug_abbrev  0x00000000      0x267 src/ASF/common/services/clock/samg/sysclk.o
 .debug_abbrev  0x00000267       0xab src/ASF/common/services/sleepmgr/sam/sleepmgr.o
 .debug_abbrev  0x00000312       0xed src/ASF/common/utils/interrupt/interrupt_sam_nvic.o
 .debug_abbrev  0x000003ff      0x1f9 src/ASF/sam/boards/samg55_xplained_pro/board_init.o
 .debug_abbrev  0x000005f8      0x2c5 src/ASF/sam/drivers/efc/efc.o
 .debug_abbrev  0x000008bd      0x267 src/ASF/sam/drivers/flexcom/flexcom.o
 .debug_abbrev  0x00000b24      0x13b src/ASF/sam/drivers/pdc/pdc.o
 .debug_abbrev  0x00000c5f      0x2b9 src/ASF/sam/drivers/pdm/pdm.o
 .debug_abbrev  0x00000f18      0x2af src/ASF/sam/drivers/pmc/pmc.o
 .debug_abbrev  0x000011c7      0x2ae src/ASF/sam/drivers/spi/spi.o
 .debug_abbrev  0x00001475      0x15c src/ASF/sam/drivers/supc/supc.o
 .debug_abbrev  0x000015d1      0x210 src/ASF/sam/utils/cmsis/samg/samg55/source/templates/gcc/startup_samg55.o
 .debug_abbrev  0x000017e1       0xf5 src/ASF/sam/utils/cmsis/samg/samg55/source/templates/system_samg55.o
 .debug_abbrev  0x000018d6      0x454 src/spi_pdc_example.o

.debug_loc      0x00000000     0x30b6
 .debug_loc     0x00000000      0x177 src/ASF/common/services/clock/samg/sysclk.o
 .debug_loc     0x00000177      0x3d4 src/ASF/sam/boards/samg55_xplained_pro/board_init.o
 .debug_loc     0x0000054b      0x620 src/ASF/sam/drivers/efc/efc.o
 .debug_loc     0x00000b6b      0x378 src/ASF/sam/drivers/flexcom/flexcom.o
 .debug_loc     0x00000ee3      0x1c3 src/ASF/sam/drivers/pdc/pdc.o
 .debug_loc     0x000010a6      0x30e src/ASF/sam/drivers/pdm/pdm.o
 .debug_loc     0x000013b4      0xecd src/ASF/sam/drivers/pmc/pmc.o
 .debug_loc     0x00002281      0x890 src/ASF/sam/drivers/spi/spi.o
 .debug_loc     0x00002b11      0x1a0 src/ASF/sam/drivers/supc/supc.o
 .debug_loc     0x00002cb1       0x6a src/ASF/sam/utils/cmsis/samg/samg55/source/templates/gcc/startup_samg55.o
 .debug_loc     0x00002d1b      0x39b src/spi_pdc_example.o

.debug_aranges  0x00000000      0x640
 .debug_aranges
                0x00000000       0x30 src/ASF/common/services/clock/samg/sysclk.o
 .debug_aranges
                0x00000030       0x18 src/ASF/common/services/sleepmgr/sam/sleepmgr.o
 .debug_aranges
                0x00000048       0x28 src/ASF/common/utils/interrupt/interrupt_sam_nvic.o
 .debug_aranges
                0x00000070       0x20 src/ASF/sam/boards/samg55_xplained_pro/board_init.o
 .debug_aranges
                0x00000090       0x90 src/ASF/sam/drivers/efc/efc.o
 .debug_aranges
                0x00000120       0x48 src/ASF/sam/drivers/flexcom/flexcom.o
 .debug_aranges
                0x00000168       0x88 src/ASF/sam/drivers/pdc/pdc.o
 .debug_aranges
                0x000001f0       0x50 src/ASF/sam/drivers/pdm/pdm.o
 .debug_aranges
                0x00000240      0x240 src/ASF/sam/drivers/pmc/pmc.o
 .debug_aranges
                0x00000480       0x90 src/ASF/sam/drivers/spi/spi.o
 .debug_aranges
                0x00000510       0x98 src/ASF/sam/drivers/supc/supc.o
 .debug_aranges
                0x000005a8       0x28 src/ASF/sam/utils/cmsis/samg/samg55/source/templates/gcc/startup_samg55.o
 .debug_aranges
                0x000005d0       0x30 src/ASF/sam/utils/cmsis/samg/samg55/source/templates/system_samg55.o
 .debug_aranges
                0x00000600       0x40 src/spi_pdc_example.o

.debug_ranges   0x00000000      0x588
 .debug_ranges  0x00000000       0x20 src/ASF/common/services/clock/samg/sysclk.o
 .debug_ranges  0x00000020       0x18 src/ASF/common/utils/interrupt/interrupt_sam_nvic.o
 .debug_ranges  0x00000038       0x10 src/ASF/sam/boards/samg55_xplained_pro/board_init.o
 .debug_ranges  0x00000048       0x80 src/ASF/sam/drivers/efc/efc.o
 .debug_ranges  0x000000c8       0x68 src/ASF/sam/drivers/flexcom/flexcom.o
 .debug_ranges  0x00000130       0x78 src/ASF/sam/drivers/pdc/pdc.o
 .debug_ranges  0x000001a8       0x40 src/ASF/sam/drivers/pdm/pdm.o
 .debug_ranges  0x000001e8      0x230 src/ASF/sam/drivers/pmc/pmc.o
 .debug_ranges  0x00000418       0x80 src/ASF/sam/drivers/spi/spi.o
 .debug_ranges  0x00000498       0x88 src/ASF/sam/drivers/supc/supc.o
 .debug_ranges  0x00000520       0x18 src/ASF/sam/utils/cmsis/samg/samg55/source/templates/gcc/startup_samg55.o
 .debug_ranges  0x00000538       0x20 src/ASF/sam/utils/cmsis/samg/samg55/source/templates/system_samg55.o
 .debug_ranges  0x00000558       0x30 src/spi_pdc_example.o

.debug_macro    0x00000000    0x1406a
 .debug_macro   0x00000000      0x66e src/ASF/common/services/clock/samg/sysclk.o
 .debug_macro   0x0000066e      0x8aa src/ASF/common/services/clock/samg/sysclk.o
 .debug_macro   0x00000f18      0x652 src/ASF/common/services/clock/samg/sysclk.o
 .debug_macro   0x0000156a       0x28 src/ASF/common/services/clock/samg/sysclk.o
 .debug_macro   0x00001592      0x16d src/ASF/common/services/clock/samg/sysclk.o
 .debug_macro   0x000016ff       0x76 src/ASF/common/services/clock/samg/sysclk.o
 .debug_macro   0x00001775       0x16 src/ASF/common/services/clock/samg/sysclk.o
 .debug_macro   0x0000178b      0x6e4 src/ASF/common/services/clock/samg/sysclk.o
 .debug_macro   0x00001e6f       0x22 src/ASF/common/services/clock/samg/sysclk.o
 .debug_macro   0x00001e91       0x87 src/ASF/common/services/clock/samg/sysclk.o
 .debug_macro   0x00001f18       0x44 src/ASF/common/services/clock/samg/sysclk.o
 .debug_macro   0x00001f5c       0xfd src/ASF/common/services/clock/samg/sysclk.o
 .debug_macro   0x00002059       0x22 src/ASF/common/services/clock/samg/sysclk.o
 .debug_macro   0x0000207b      0x1df src/ASF/common/services/clock/samg/sysclk.o
 .debug_macro   0x0000225a       0x27 src/ASF/common/services/clock/samg/sysclk.o
 .debug_macro   0x00002281       0x3b src/ASF/common/services/clock/samg/sysclk.o
 .debug_macro   0x000022bc       0x2d src/ASF/common/services/clock/samg/sysclk.o
 .debug_macro   0x000022e9       0x26 src/ASF/common/services/clock/samg/sysclk.o
 .debug_macro   0x0000230f      0xd39 src/ASF/common/services/clock/samg/sysclk.o
 .debug_macro   0x00003048      0x7a4 src/ASF/common/services/clock/samg/sysclk.o
 .debug_macro   0x000037ec      0x19e src/ASF/common/services/clock/samg/sysclk.o
 .debug_macro   0x0000398a      0x13e src/ASF/common/services/clock/samg/sysclk.o
 .debug_macro   0x00003ac8       0xbe src/ASF/common/services/clock/samg/sysclk.o
 .debug_macro   0x00003b86      0x11e src/ASF/common/services/clock/samg/sysclk.o
 .debug_macro   0x00003ca4       0x4c src/ASF/common/services/clock/samg/sysclk.o
 .debug_macro   0x00003cf0       0x1c src/ASF/common/services/clock/samg/sysclk.o
 .debug_macro   0x00003d0c      0x3bf src/ASF/common/services/clock/samg/sysclk.o
 .debug_macro   0x000040cb      0x31f src/ASF/common/services/clock/samg/sysclk.o
 .debug_macro   0x000043ea      0x15e src/ASF/common/services/clock/samg/sysclk.o
 .debug_macro   0x00004548       0xee src/ASF/common/services/clock/samg/sysclk.o
 .debug_macro   0x00004636      0x1ff src/ASF/common/services/clock/samg/sysclk.o
 .debug_macro   0x00004835     0x25e8 src/ASF/common/services/clock/samg/sysclk.o
 .debug_macro   0x00006e1d      0xc32 src/ASF/common/services/clock/samg/sysclk.o
 .debug_macro   0x00007a4f       0xa6 src/ASF/common/services/clock/samg/sysclk.o
 .debug_macro   0x00007af5      0x37c src/ASF/common/services/clock/samg/sysclk.o
 .debug_macro   0x00007e71       0xee src/ASF/common/services/clock/samg/sysclk.o
 .debug_macro   0x00007f5f      0x436 src/ASF/common/services/clock/samg/sysclk.o
 .debug_macro   0x00008395      0x710 src/ASF/common/services/clock/samg/sysclk.o
 .debug_macro   0x00008aa5      0x5c6 src/ASF/common/services/clock/samg/sysclk.o
 .debug_macro   0x0000906b      0x65c src/ASF/common/services/clock/samg/sysclk.o
 .debug_macro   0x000096c7      0x291 src/ASF/common/services/clock/samg/sysclk.o
 .debug_macro   0x00009958      0x3df src/ASF/common/services/clock/samg/sysclk.o
 .debug_macro   0x00009d37      0x7d7 src/ASF/common/services/clock/samg/sysclk.o
 .debug_macro   0x0000a50e       0x76 src/ASF/common/services/clock/samg/sysclk.o
 .debug_macro   0x0000a584       0x82 src/ASF/common/services/clock/samg/sysclk.o
 .debug_macro   0x0000a606       0x82 src/ASF/common/services/clock/samg/sysclk.o
 .debug_macro   0x0000a688       0x1c src/ASF/common/services/clock/samg/sysclk.o
 .debug_macro   0x0000a6a4       0xb8 src/ASF/common/services/clock/samg/sysclk.o
 .debug_macro   0x0000a75c       0x8e src/ASF/common/services/clock/samg/sysclk.o
 .debug_macro   0x0000a7ea       0xac src/ASF/common/services/clock/samg/sysclk.o
 .debug_macro   0x0000a896       0x1c src/ASF/common/services/clock/samg/sysclk.o
 .debug_macro   0x0000a8b2       0xb8 src/ASF/common/services/clock/samg/sysclk.o
 .debug_macro   0x0000a96a       0x8e src/ASF/common/services/clock/samg/sysclk.o
 .debug_macro   0x0000a9f8       0xac src/ASF/common/services/clock/samg/sysclk.o
 .debug_macro   0x0000aaa4      0x10d src/ASF/common/services/clock/samg/sysclk.o
 .debug_macro   0x0000abb1       0xe2 src/ASF/common/services/clock/samg/sysclk.o
 .debug_macro   0x0000ac93       0x1c src/ASF/common/services/clock/samg/sysclk.o
 .debug_macro   0x0000acaf       0xb8 src/ASF/common/services/clock/samg/sysclk.o
 .debug_macro   0x0000ad67       0x8e src/ASF/common/services/clock/samg/sysclk.o
 .debug_macro   0x0000adf5       0xac src/ASF/common/services/clock/samg/sysclk.o
 .debug_macro   0x0000aea1       0x1c src/ASF/common/services/clock/samg/sysclk.o
 .debug_macro   0x0000aebd       0xb8 src/ASF/common/services/clock/samg/sysclk.o
 .debug_macro   0x0000af75       0x8e src/ASF/common/services/clock/samg/sysclk.o
 .debug_macro   0x0000b003       0xac src/ASF/common/services/clock/samg/sysclk.o
 .debug_macro   0x0000b0af       0x1c src/ASF/common/services/clock/samg/sysclk.o
 .debug_macro   0x0000b0cb       0xb8 src/ASF/common/services/clock/samg/sysclk.o
 .debug_macro   0x0000b183       0x8e src/ASF/common/services/clock/samg/sysclk.o
 .debug_macro   0x0000b211       0xac src/ASF/common/services/clock/samg/sysclk.o
 .debug_macro   0x0000b2bd       0x1c src/ASF/common/services/clock/samg/sysclk.o
 .debug_macro   0x0000b2d9       0xb8 src/ASF/common/services/clock/samg/sysclk.o
 .debug_macro   0x0000b391       0x8e src/ASF/common/services/clock/samg/sysclk.o
 .debug_macro   0x0000b41f       0xac src/ASF/common/services/clock/samg/sysclk.o
 .debug_macro   0x0000b4cb       0x6a src/ASF/common/services/clock/samg/sysclk.o
 .debug_macro   0x0000b535       0x70 src/ASF/common/services/clock/samg/sysclk.o
 .debug_macro   0x0000b5a5       0x70 src/ASF/common/services/clock/samg/sysclk.o
 .debug_macro   0x0000b615       0x1c src/ASF/common/services/clock/samg/sysclk.o
 .debug_macro   0x0000b631       0xb8 src/ASF/common/services/clock/samg/sysclk.o
 .debug_macro   0x0000b6e9       0x8e src/ASF/common/services/clock/samg/sysclk.o
 .debug_macro   0x0000b777       0xac src/ASF/common/services/clock/samg/sysclk.o
 .debug_macro   0x0000b823       0xa6 src/ASF/common/services/clock/samg/sysclk.o
 .debug_macro   0x0000b8c9       0x46 src/ASF/common/services/clock/samg/sysclk.o
 .debug_macro   0x0000b90f       0x1c src/ASF/common/services/clock/samg/sysclk.o
 .debug_macro   0x0000b92b       0xb8 src/ASF/common/services/clock/samg/sysclk.o
 .debug_macro   0x0000b9e3       0x8e src/ASF/common/services/clock/samg/sysclk.o
 .debug_macro   0x0000ba71       0xac src/ASF/common/services/clock/samg/sysclk.o
 .debug_macro   0x0000bb1d       0x52 src/ASF/common/services/clock/samg/sysclk.o
 .debug_macro   0x0000bb6f       0x64 src/ASF/common/services/clock/samg/sysclk.o
 .debug_macro   0x0000bbd3       0x8e src/ASF/common/services/clock/samg/sysclk.o
 .debug_macro   0x0000bc61       0x58 src/ASF/common/services/clock/samg/sysclk.o
 .debug_macro   0x0000bcb9       0xb8 src/ASF/common/services/clock/samg/sysclk.o
 .debug_macro   0x0000bd71       0x16 src/ASF/common/services/clock/samg/sysclk.o
 .debug_macro   0x0000bd87       0x28 src/ASF/common/services/clock/samg/sysclk.o
 .debug_macro   0x0000bdaf      0x135 src/ASF/common/services/clock/samg/sysclk.o
 .debug_macro   0x0000bee4      0x135 src/ASF/common/services/clock/samg/sysclk.o
 .debug_macro   0x0000c019       0x1c src/ASF/common/services/clock/samg/sysclk.o
 .debug_macro   0x0000c035       0x34 src/ASF/common/services/clock/samg/sysclk.o
 .debug_macro   0x0000c069       0x28 src/ASF/common/services/clock/samg/sysclk.o
 .debug_macro   0x0000c091       0x1c src/ASF/common/services/clock/samg/sysclk.o
 .debug_macro   0x0000c0ad       0x5e src/ASF/common/services/clock/samg/sysclk.o
 .debug_macro   0x0000c10b       0x10 src/ASF/common/services/clock/samg/sysclk.o
 .debug_macro   0x0000c11b      0x353 src/ASF/common/services/clock/samg/sysclk.o
 .debug_macro   0x0000c46e      0xb4f src/ASF/common/services/clock/samg/sysclk.o
 .debug_macro   0x0000cfbd       0xc8 src/ASF/common/services/clock/samg/sysclk.o
 .debug_macro   0x0000d085       0x52 src/ASF/common/services/clock/samg/sysclk.o
 .debug_macro   0x0000d0d7       0x35 src/ASF/common/services/clock/samg/sysclk.o
 .debug_macro   0x0000d10c       0x9c src/ASF/common/services/clock/samg/sysclk.o
 .debug_macro   0x0000d1a8       0x16 src/ASF/common/services/clock/samg/sysclk.o
 .debug_macro   0x0000d1be       0x35 src/ASF/common/services/clock/samg/sysclk.o
 .debug_macro   0x0000d1f3      0x330 src/ASF/common/services/clock/samg/sysclk.o
 .debug_macro   0x0000d523       0x10 src/ASF/common/services/clock/samg/sysclk.o
 .debug_macro   0x0000d533       0x52 src/ASF/common/services/clock/samg/sysclk.o
 .debug_macro   0x0000d585       0x16 src/ASF/common/services/clock/samg/sysclk.o
 .debug_macro   0x0000d59b       0x43 src/ASF/common/services/clock/samg/sysclk.o
 .debug_macro   0x0000d5de      0x187 src/ASF/common/services/clock/samg/sysclk.o
 .debug_macro   0x0000d765       0x22 src/ASF/common/services/clock/samg/sysclk.o
 .debug_macro   0x0000d787       0x3a src/ASF/common/services/clock/samg/sysclk.o
 .debug_macro   0x0000d7c1       0x10 src/ASF/common/services/clock/samg/sysclk.o
 .debug_macro   0x0000d7d1       0x40 src/ASF/common/services/clock/samg/sysclk.o
 .debug_macro   0x0000d811       0x6c src/ASF/common/services/clock/samg/sysclk.o
 .debug_macro   0x0000d87d       0x16 src/ASF/common/services/clock/samg/sysclk.o
 .debug_macro   0x0000d893      0x182 src/ASF/common/services/clock/samg/sysclk.o
 .debug_macro   0x0000da15       0x22 src/ASF/common/services/clock/samg/sysclk.o
 .debug_macro   0x0000da37       0x16 src/ASF/common/services/clock/samg/sysclk.o
 .debug_macro   0x0000da4d       0x16 src/ASF/common/services/clock/samg/sysclk.o
 .debug_macro   0x0000da63       0x29 src/ASF/common/services/clock/samg/sysclk.o
 .debug_macro   0x0000da8c       0x75 src/ASF/common/services/clock/samg/sysclk.o
 .debug_macro   0x0000db01       0x3f src/ASF/common/services/clock/samg/sysclk.o
 .debug_macro   0x0000db40      0x3ca src/ASF/common/services/clock/samg/sysclk.o
 .debug_macro   0x0000df0a      0x2b9 src/ASF/common/services/clock/samg/sysclk.o
 .debug_macro   0x0000e1c3       0x52 src/ASF/common/services/clock/samg/sysclk.o
 .debug_macro   0x0000e215      0x988 src/ASF/common/services/clock/samg/sysclk.o
 .debug_macro   0x0000eb9d       0x76 src/ASF/common/services/clock/samg/sysclk.o
 .debug_macro   0x0000ec13       0x64 src/ASF/common/services/clock/samg/sysclk.o
 .debug_macro   0x0000ec77       0x40 src/ASF/common/services/clock/samg/sysclk.o
 .debug_macro   0x0000ecb7       0x90 src/ASF/common/services/clock/samg/sysclk.o
 .debug_macro   0x0000ed47       0x9a src/ASF/common/services/clock/samg/sysclk.o
 .debug_macro   0x0000ede1      0x5f9 src/ASF/common/services/sleepmgr/sam/sleepmgr.o
 .debug_macro   0x0000f3da       0x10 src/ASF/common/services/sleepmgr/sam/sleepmgr.o
 .debug_macro   0x0000f3ea       0x34 src/ASF/common/services/sleepmgr/sam/sleepmgr.o
 .debug_macro   0x0000f41e      0x5cf src/ASF/common/utils/interrupt/interrupt_sam_nvic.o
 .debug_macro   0x0000f9ed      0x67b src/ASF/sam/boards/samg55_xplained_pro/board_init.o
 .debug_macro   0x00010068       0x82 src/ASF/sam/boards/samg55_xplained_pro/board_init.o
 .debug_macro   0x000100ea      0x5f7 src/ASF/sam/drivers/efc/efc.o
 .debug_macro   0x000106e1       0x94 src/ASF/sam/drivers/efc/efc.o
 .debug_macro   0x00010775      0x699 src/ASF/sam/drivers/flexcom/flexcom.o
 .debug_macro   0x00010e0e      0x5da src/ASF/sam/drivers/pdc/pdc.o
 .debug_macro   0x000113e8      0x674 src/ASF/sam/drivers/pdm/pdm.o
 .debug_macro   0x00011a5c       0x1f src/ASF/sam/drivers/pdm/pdm.o
 .debug_macro   0x00011a7b      0x5e5 src/ASF/sam/drivers/pmc/pmc.o
 .debug_macro   0x00012060       0x70 src/ASF/sam/drivers/pmc/pmc.o
 .debug_macro   0x000120d0      0x663 src/ASF/sam/drivers/spi/spi.o
 .debug_macro   0x00012733       0x10 src/ASF/sam/drivers/spi/spi.o
 .debug_macro   0x00012743      0x5da src/ASF/sam/drivers/supc/supc.o
 .debug_macro   0x00012d1d      0x5ec src/ASF/sam/utils/cmsis/samg/samg55/source/templates/gcc/startup_samg55.o
 .debug_macro   0x00013309       0x10 src/ASF/sam/utils/cmsis/samg/samg55/source/templates/gcc/startup_samg55.o
 .debug_macro   0x00013319      0x40f src/ASF/sam/utils/cmsis/samg/samg55/source/templates/system_samg55.o
 .debug_macro   0x00013728       0x2d src/ASF/sam/utils/cmsis/samg/samg55/source/templates/system_samg55.o
 .debug_macro   0x00013755      0x7a9 src/spi_pdc_example.o
 .debug_macro   0x00013efe       0x28 src/spi_pdc_example.o
 .debug_macro   0x00013f26       0x23 src/spi_pdc_example.o
 .debug_macro   0x00013f49       0x88 src/spi_pdc_example.o
 .debug_macro   0x00013fd1       0x25 src/spi_pdc_example.o
 .debug_macro   0x00013ff6       0x16 src/spi_pdc_example.o
 .debug_macro   0x0001400c       0x1c src/spi_pdc_example.o
 .debug_macro   0x00014028       0x16 src/spi_pdc_example.o
 .debug_macro   0x0001403e       0x16 src/spi_pdc_example.o
 .debug_macro   0x00014054       0x16 src/spi_pdc_example.o

.debug_line     0x00000000     0x9f23
 .debug_line    0x00000000      0xb1a src/ASF/common/services/clock/samg/sysclk.o
 .debug_line    0x00000b1a      0x9db src/ASF/common/services/sleepmgr/sam/sleepmgr.o
 .debug_line    0x000014f5      0x98d src/ASF/common/utils/interrupt/interrupt_sam_nvic.o
 .debug_line    0x00001e82      0xb97 src/ASF/sam/boards/samg55_xplained_pro/board_init.o
 .debug_line    0x00002a19      0xac1 src/ASF/sam/drivers/efc/efc.o
 .debug_line    0x000034da      0xcf9 src/ASF/sam/drivers/flexcom/flexcom.o
 .debug_line    0x000041d3      0xa4f src/ASF/sam/drivers/pdc/pdc.o
 .debug_line    0x00004c22      0xb6c src/ASF/sam/drivers/pdm/pdm.o
 .debug_line    0x0000578e      0xfab src/ASF/sam/drivers/pmc/pmc.o
 .debug_line    0x00006739      0xc8a src/ASF/sam/drivers/spi/spi.o
 .debug_line    0x000073c3      0xa6b src/ASF/sam/drivers/supc/supc.o
 .debug_line    0x00007e2e      0xa08 src/ASF/sam/utils/cmsis/samg/samg55/source/templates/gcc/startup_samg55.o
 .debug_line    0x00008836      0x799 src/ASF/sam/utils/cmsis/samg/samg55/source/templates/system_samg55.o
 .debug_line    0x00008fcf      0xf54 src/spi_pdc_example.o

.debug_str      0x00000000    0x51134
 .debug_str     0x00000000    0x4d616 src/ASF/common/services/clock/samg/sysclk.o
                              0x4d9e4 (size before relaxing)
 .debug_str     0x0004d616      0x1b9 src/ASF/common/services/sleepmgr/sam/sleepmgr.o
                              0x4956a (size before relaxing)
 .debug_str     0x0004d7cf       0x94 src/ASF/common/utils/interrupt/interrupt_sam_nvic.o
                              0x4942e (size before relaxing)
 .debug_str     0x0004d863      0x796 src/ASF/sam/boards/samg55_xplained_pro/board_init.o
                              0x4dc86 (size before relaxing)
 .debug_str     0x0004dff9      0x31d src/ASF/sam/drivers/efc/efc.o
                              0x49913 (size before relaxing)
 .debug_str     0x0004e316      0x198 src/ASF/sam/drivers/flexcom/flexcom.o
                              0x4d7f4 (size before relaxing)
 .debug_str     0x0004e4ae      0x1f4 src/ASF/sam/drivers/pdc/pdc.o
                              0x4958f (size before relaxing)
 .debug_str     0x0004e6a2      0x44c src/ASF/sam/drivers/pdm/pdm.o
                              0x4d944 (size before relaxing)
 .debug_str     0x0004eaee      0x7c4 src/ASF/sam/drivers/pmc/pmc.o
                              0x49fa1 (size before relaxing)
 .debug_str     0x0004f2b2      0x425 src/ASF/sam/drivers/spi/spi.o
                              0x4d8c9 (size before relaxing)
 .debug_str     0x0004f6d7      0x21c src/ASF/sam/drivers/supc/supc.o
                              0x49631 (size before relaxing)
 .debug_str     0x0004f8f3      0x67e src/ASF/sam/utils/cmsis/samg/samg55/source/templates/gcc/startup_samg55.o
                              0x49b1a (size before relaxing)
 .debug_str     0x0004ff71      0x18d src/ASF/sam/utils/cmsis/samg/samg55/source/templates/system_samg55.o
                              0x3a617 (size before relaxing)
 .debug_str     0x000500fe     0x1036 src/spi_pdc_example.o
                              0x4f451 (size before relaxing)

.debug_frame    0x00000000      0xda4
 .debug_frame   0x00000000       0x60 src/ASF/common/services/clock/samg/sysclk.o
 .debug_frame   0x00000060       0x30 src/ASF/common/utils/interrupt/interrupt_sam_nvic.o
 .debug_frame   0x00000090       0x2c src/ASF/sam/boards/samg55_xplained_pro/board_init.o
 .debug_frame   0x000000bc      0x174 src/ASF/sam/drivers/efc/efc.o
 .debug_frame   0x00000230       0x88 src/ASF/sam/drivers/flexcom/flexcom.o
 .debug_frame   0x000002b8       0xf0 src/ASF/sam/drivers/pdc/pdc.o
 .debug_frame   0x000003a8       0xa4 src/ASF/sam/drivers/pdm/pdm.o
 .debug_frame   0x0000044c      0x4e4 src/ASF/sam/drivers/pmc/pmc.o
 .debug_frame   0x00000930      0x148 src/ASF/sam/drivers/spi/spi.o
 .debug_frame   0x00000a78      0x110 src/ASF/sam/drivers/supc/supc.o
 .debug_frame   0x00000b88       0x38 src/ASF/sam/utils/cmsis/samg/samg55/source/templates/gcc/startup_samg55.o
 .debug_frame   0x00000bc0       0x40 src/ASF/sam/utils/cmsis/samg/samg55/source/templates/system_samg55.o
 .debug_frame   0x00000c00       0xa0 src/spi_pdc_example.o
 .debug_frame   0x00000ca0       0x2c c:/program files (x86)/atmel/studio/7.0/toolchain/arm/arm-gnu-toolchain/bin/../lib/gcc/arm-none-eabi/5.3.1/../../../../arm-none-eabi/lib/armv7e-m\libc.a(lib_a-init.o)
 .debug_frame   0x00000ccc       0x50 c:/program files (x86)/atmel/studio/7.0/toolchain/arm/arm-gnu-toolchain/bin/../lib/gcc/arm-none-eabi/5.3.1/../../../../arm-none-eabi/lib/armv7e-m\libc.a(lib_a-__call_atexit.o)
 .debug_frame   0x00000d1c       0x20 c:/program files (x86)/atmel/studio/7.0/toolchain/arm/arm-gnu-toolchain/bin/../lib/gcc/arm-none-eabi/5.3.1/../../../../arm-none-eabi/lib/armv7e-m\libc.a(lib_a-atexit.o)
 .debug_frame   0x00000d3c       0x34 c:/program files (x86)/atmel/studio/7.0/toolchain/arm/arm-gnu-toolchain/bin/../lib/gcc/arm-none-eabi/5.3.1/../../../../arm-none-eabi/lib/armv7e-m\libc.a(lib_a-fini.o)
 .debug_frame   0x00000d70       0x34 c:/program files (x86)/atmel/studio/7.0/toolchain/arm/arm-gnu-toolchain/bin/../lib/gcc/arm-none-eabi/5.3.1/../../../../arm-none-eabi/lib/armv7e-m\libc.a(lib_a-__atexit.o)

Cross Reference Table

Symbol                                            File
ADC_Handler                                       src/ASF/sam/utils/cmsis/samg/samg55/source/templates/gcc/startup_samg55.o
ARM_Handler                                       src/ASF/sam/utils/cmsis/samg/samg55/source/templates/gcc/startup_samg55.o
BusFault_Handler                                  src/ASF/sam/utils/cmsis/samg/samg55/source/templates/gcc/startup_samg55.o
CRCCU_Handler                                     src/ASF/sam/utils/cmsis/samg/samg55/source/templates/gcc/startup_samg55.o
DebugMon_Handler                                  src/ASF/sam/utils/cmsis/samg/samg55/source/templates/gcc/startup_samg55.o
Dummy_Handler                                     src/ASF/sam/utils/cmsis/samg/samg55/source/templates/gcc/startup_samg55.o
EFC_Handler                                       src/ASF/sam/utils/cmsis/samg/samg55/source/templates/gcc/startup_samg55.o
FLEXCOM0_Handler                                  src/ASF/sam/utils/cmsis/samg/samg55/source/templates/gcc/startup_samg55.o
FLEXCOM1_Handler                                  src/ASF/sam/utils/cmsis/samg/samg55/source/templates/gcc/startup_samg55.o
FLEXCOM2_Handler                                  src/ASF/sam/utils/cmsis/samg/samg55/source/templates/gcc/startup_samg55.o
FLEXCOM3_Handler                                  src/ASF/sam/utils/cmsis/samg/samg55/source/templates/gcc/startup_samg55.o
FLEXCOM4_Handler                                  src/ASF/sam/utils/cmsis/samg/samg55/source/templates/gcc/startup_samg55.o
FLEXCOM5_Handler                                  src/spi_pdc_example.o
                                                  src/ASF/sam/utils/cmsis/samg/samg55/source/templates/gcc/startup_samg55.o
FLEXCOM6_Handler                                  src/ASF/sam/utils/cmsis/samg/samg55/source/templates/gcc/startup_samg55.o
FLEXCOM7_Handler                                  src/ASF/sam/utils/cmsis/samg/samg55/source/templates/gcc/startup_samg55.o
HardFault_Handler                                 src/ASF/sam/utils/cmsis/samg/samg55/source/templates/gcc/startup_samg55.o
I2SC0_Handler                                     src/ASF/sam/utils/cmsis/samg/samg55/source/templates/gcc/startup_samg55.o
I2SC1_Handler                                     src/ASF/sam/utils/cmsis/samg/samg55/source/templates/gcc/startup_samg55.o
MEM2MEM_Handler                                   src/ASF/sam/utils/cmsis/samg/samg55/source/templates/gcc/startup_samg55.o
MemManage_Handler                                 src/ASF/sam/utils/cmsis/samg/samg55/source/templates/gcc/startup_samg55.o
NMI_Handler                                       src/ASF/sam/utils/cmsis/samg/samg55/source/templates/gcc/startup_samg55.o
PDMIC0_Handler                                    src/ASF/sam/drivers/pdm/pdm.o
PDMIC1_Handler                                    src/ASF/sam/drivers/pdm/pdm.o
PIOA_Handler                                      src/ASF/sam/utils/cmsis/samg/samg55/source/templates/gcc/startup_samg55.o
PIOB_Handler                                      src/ASF/sam/utils/cmsis/samg/samg55/source/templates/gcc/startup_samg55.o
PMC_Handler                                       src/ASF/sam/utils/cmsis/samg/samg55/source/templates/gcc/startup_samg55.o
PendSV_Handler                                    src/ASF/sam/utils/cmsis/samg/samg55/source/templates/gcc/startup_samg55.o
RSTC_Handler                                      src/ASF/sam/utils/cmsis/samg/samg55/source/templates/gcc/startup_samg55.o
RTC_Handler                                       src/ASF/sam/utils/cmsis/samg/samg55/source/templates/gcc/startup_samg55.o
RTT_Handler                                       src/ASF/sam/utils/cmsis/samg/samg55/source/templates/gcc/startup_samg55.o
Reset_Handler                                     src/ASF/sam/utils/cmsis/samg/samg55/source/templates/gcc/startup_samg55.o
SUPC_Handler                                      src/ASF/sam/utils/cmsis/samg/samg55/source/templates/gcc/startup_samg55.o
SVC_Handler                                       src/ASF/sam/utils/cmsis/samg/samg55/source/templates/gcc/startup_samg55.o
SysTick_Handler                                   src/ASF/sam/utils/cmsis/samg/samg55/source/templates/gcc/startup_samg55.o
SystemCoreClock                                   src/ASF/sam/utils/cmsis/samg/samg55/source/templates/system_samg55.o
                                                  src/ASF/common/services/clock/samg/sysclk.o
SystemCoreClockUpdate                             src/ASF/sam/utils/cmsis/samg/samg55/source/templates/system_samg55.o
                                                  src/ASF/common/services/clock/samg/sysclk.o
SystemInit                                        src/ASF/sam/utils/cmsis/samg/samg55/source/templates/system_samg55.o
TC0_Handler                                       src/ASF/sam/utils/cmsis/samg/samg55/source/templates/gcc/startup_samg55.o
TC1_Handler                                       src/ASF/sam/utils/cmsis/samg/samg55/source/templates/gcc/startup_samg55.o
TC2_Handler                                       src/ASF/sam/utils/cmsis/samg/samg55/source/templates/gcc/startup_samg55.o
TC3_Handler                                       src/ASF/sam/utils/cmsis/samg/samg55/source/templates/gcc/startup_samg55.o
TC4_Handler                                       src/ASF/sam/utils/cmsis/samg/samg55/source/templates/gcc/startup_samg55.o
TC5_Handler                                       src/ASF/sam/utils/cmsis/samg/samg55/source/templates/gcc/startup_samg55.o
UDP_Handler                                       src/ASF/sam/utils/cmsis/samg/samg55/source/templates/gcc/startup_samg55.o
UHP_Handler                                       src/ASF/sam/utils/cmsis/samg/samg55/source/templates/gcc/startup_samg55.o
UsageFault_Handler                                src/ASF/sam/utils/cmsis/samg/samg55/source/templates/gcc/startup_samg55.o
WDT_Handler                                       src/ASF/sam/utils/cmsis/samg/samg55/source/templates/gcc/startup_samg55.o
_Jv_RegisterClasses                               c:/program files (x86)/atmel/studio/7.0/toolchain/arm/arm-gnu-toolchain/bin/../lib/gcc/arm-none-eabi/5.3.1/armv7e-m/crtbegin.o
__bss_end__                                       c:/program files (x86)/atmel/studio/7.0/toolchain/arm/arm-gnu-toolchain/bin/../lib/gcc/arm-none-eabi/5.3.1/../../../../arm-none-eabi/lib/armv7e-m/crt0.o
__bss_start__                                     c:/program files (x86)/atmel/studio/7.0/toolchain/arm/arm-gnu-toolchain/bin/../lib/gcc/arm-none-eabi/5.3.1/../../../../arm-none-eabi/lib/armv7e-m/crt0.o
__call_exitprocs                                  c:/program files (x86)/atmel/studio/7.0/toolchain/arm/arm-gnu-toolchain/bin/../lib/gcc/arm-none-eabi/5.3.1/../../../../arm-none-eabi/lib/armv7e-m\libc.a(lib_a-__call_atexit.o)
                                                  c:/program files (x86)/atmel/studio/7.0/toolchain/arm/arm-gnu-toolchain/bin/../lib/gcc/arm-none-eabi/5.3.1/../../../../arm-none-eabi/lib/armv7e-m\libc.a(lib_a-exit.o)
__deregister_frame_info                           c:/program files (x86)/atmel/studio/7.0/toolchain/arm/arm-gnu-toolchain/bin/../lib/gcc/arm-none-eabi/5.3.1/armv7e-m/crtbegin.o
__dso_handle                                      c:/program files (x86)/atmel/studio/7.0/toolchain/arm/arm-gnu-toolchain/bin/../lib/gcc/arm-none-eabi/5.3.1/armv7e-m/crtbegin.o
__fini_array_end                                  c:/program files (x86)/atmel/studio/7.0/toolchain/arm/arm-gnu-toolchain/bin/../lib/gcc/arm-none-eabi/5.3.1/../../../../arm-none-eabi/lib/armv7e-m\libc.a(lib_a-fini.o)
__fini_array_start                                c:/program files (x86)/atmel/studio/7.0/toolchain/arm/arm-gnu-toolchain/bin/../lib/gcc/arm-none-eabi/5.3.1/../../../../arm-none-eabi/lib/armv7e-m\libc.a(lib_a-fini.o)
__init_array_end                                  c:/program files (x86)/atmel/studio/7.0/toolchain/arm/arm-gnu-toolchain/bin/../lib/gcc/arm-none-eabi/5.3.1/../../../../arm-none-eabi/lib/armv7e-m\libc.a(lib_a-init.o)
__init_array_start                                c:/program files (x86)/atmel/studio/7.0/toolchain/arm/arm-gnu-toolchain/bin/../lib/gcc/arm-none-eabi/5.3.1/../../../../arm-none-eabi/lib/armv7e-m\libc.a(lib_a-init.o)
__libc_fini                                       c:/program files (x86)/atmel/studio/7.0/toolchain/arm/arm-gnu-toolchain/bin/../lib/gcc/arm-none-eabi/5.3.1/../../../../arm-none-eabi/lib/armv7e-m\libc.a(lib_a-__call_atexit.o)
__libc_fini_array                                 c:/program files (x86)/atmel/studio/7.0/toolchain/arm/arm-gnu-toolchain/bin/../lib/gcc/arm-none-eabi/5.3.1/../../../../arm-none-eabi/lib/armv7e-m\libc.a(lib_a-fini.o)
                                                  c:/program files (x86)/atmel/studio/7.0/toolchain/arm/arm-gnu-toolchain/bin/../lib/gcc/arm-none-eabi/5.3.1/../../../../arm-none-eabi/lib/armv7e-m\libc.a(lib_a-__call_atexit.o)
                                                  c:/program files (x86)/atmel/studio/7.0/toolchain/arm/arm-gnu-toolchain/bin/../lib/gcc/arm-none-eabi/5.3.1/../../../../arm-none-eabi/lib/armv7e-m/crt0.o
__libc_init_array                                 c:/program files (x86)/atmel/studio/7.0/toolchain/arm/arm-gnu-toolchain/bin/../lib/gcc/arm-none-eabi/5.3.1/../../../../arm-none-eabi/lib/armv7e-m\libc.a(lib_a-init.o)
                                                  src/ASF/sam/utils/cmsis/samg/samg55/source/templates/gcc/startup_samg55.o
                                                  c:/program files (x86)/atmel/studio/7.0/toolchain/arm/arm-gnu-toolchain/bin/../lib/gcc/arm-none-eabi/5.3.1/../../../../arm-none-eabi/lib/armv7e-m/crt0.o
__preinit_array_end                               c:/program files (x86)/atmel/studio/7.0/toolchain/arm/arm-gnu-toolchain/bin/../lib/gcc/arm-none-eabi/5.3.1/../../../../arm-none-eabi/lib/armv7e-m\libc.a(lib_a-init.o)
__preinit_array_start                             c:/program files (x86)/atmel/studio/7.0/toolchain/arm/arm-gnu-toolchain/bin/../lib/gcc/arm-none-eabi/5.3.1/../../../../arm-none-eabi/lib/armv7e-m\libc.a(lib_a-init.o)
__ram_end__                                       src/ASF/sam/utils/syscalls/gcc/syscalls.o
__register_exitproc                               c:/program files (x86)/atmel/studio/7.0/toolchain/arm/arm-gnu-toolchain/bin/../lib/gcc/arm-none-eabi/5.3.1/../../../../arm-none-eabi/lib/armv7e-m\libc.a(lib_a-__atexit.o)
                                                  c:/program files (x86)/atmel/studio/7.0/toolchain/arm/arm-gnu-toolchain/bin/../lib/gcc/arm-none-eabi/5.3.1/../../../../arm-none-eabi/lib/armv7e-m\libc.a(lib_a-atexit.o)
__register_frame_info                             c:/program files (x86)/atmel/studio/7.0/toolchain/arm/arm-gnu-toolchain/bin/../lib/gcc/arm-none-eabi/5.3.1/armv7e-m/crtbegin.o
__stack                                           c:/program files (x86)/atmel/studio/7.0/toolchain/arm/arm-gnu-toolchain/bin/../lib/gcc/arm-none-eabi/5.3.1/../../../../arm-none-eabi/lib/armv7e-m/crt0.o
_close                                            src/ASF/sam/utils/syscalls/gcc/syscalls.o
_end                                              src/ASF/sam/utils/syscalls/gcc/syscalls.o
_erelocate                                        src/ASF/sam/utils/cmsis/samg/samg55/source/templates/gcc/startup_samg55.o
_estack                                           src/ASF/sam/utils/cmsis/samg/samg55/source/templates/gcc/startup_samg55.o
_etext                                            src/ASF/sam/utils/cmsis/samg/samg55/source/templates/gcc/startup_samg55.o
_exit                                             src/ASF/sam/utils/syscalls/gcc/syscalls.o
                                                  c:/program files (x86)/atmel/studio/7.0/toolchain/arm/arm-gnu-toolchain/bin/../lib/gcc/arm-none-eabi/5.3.1/../../../../arm-none-eabi/lib/armv7e-m\libc.a(lib_a-exit.o)
_ezero                                            src/ASF/sam/utils/cmsis/samg/samg55/source/templates/gcc/startup_samg55.o
_fini                                             c:/program files (x86)/atmel/studio/7.0/toolchain/arm/arm-gnu-toolchain/bin/../lib/gcc/arm-none-eabi/5.3.1/armv7e-m/crti.o
                                                  c:/program files (x86)/atmel/studio/7.0/toolchain/arm/arm-gnu-toolchain/bin/../lib/gcc/arm-none-eabi/5.3.1/../../../../arm-none-eabi/lib/armv7e-m\libc.a(lib_a-fini.o)
_fstat                                            src/ASF/sam/utils/syscalls/gcc/syscalls.o
_getpid                                           src/ASF/sam/utils/syscalls/gcc/syscalls.o
_global_impure_ptr                                c:/program files (x86)/atmel/studio/7.0/toolchain/arm/arm-gnu-toolchain/bin/../lib/gcc/arm-none-eabi/5.3.1/../../../../arm-none-eabi/lib/armv7e-m\libc.a(lib_a-impure.o)
                                                  c:/program files (x86)/atmel/studio/7.0/toolchain/arm/arm-gnu-toolchain/bin/../lib/gcc/arm-none-eabi/5.3.1/../../../../arm-none-eabi/lib/armv7e-m\libc.a(lib_a-__atexit.o)
                                                  c:/program files (x86)/atmel/studio/7.0/toolchain/arm/arm-gnu-toolchain/bin/../lib/gcc/arm-none-eabi/5.3.1/../../../../arm-none-eabi/lib/armv7e-m\libc.a(lib_a-__call_atexit.o)
                                                  c:/program files (x86)/atmel/studio/7.0/toolchain/arm/arm-gnu-toolchain/bin/../lib/gcc/arm-none-eabi/5.3.1/../../../../arm-none-eabi/lib/armv7e-m\libc.a(lib_a-exit.o)
_impure_ptr                                       c:/program files (x86)/atmel/studio/7.0/toolchain/arm/arm-gnu-toolchain/bin/../lib/gcc/arm-none-eabi/5.3.1/../../../../arm-none-eabi/lib/armv7e-m\libc.a(lib_a-impure.o)
_init                                             c:/program files (x86)/atmel/studio/7.0/toolchain/arm/arm-gnu-toolchain/bin/../lib/gcc/arm-none-eabi/5.3.1/armv7e-m/crti.o
                                                  c:/program files (x86)/atmel/studio/7.0/toolchain/arm/arm-gnu-toolchain/bin/../lib/gcc/arm-none-eabi/5.3.1/../../../../arm-none-eabi/lib/armv7e-m\libc.a(lib_a-init.o)
_isatty                                           src/ASF/sam/utils/syscalls/gcc/syscalls.o
_kill                                             src/ASF/sam/utils/syscalls/gcc/syscalls.o
_lseek                                            src/ASF/sam/utils/syscalls/gcc/syscalls.o
_mainCRTStartup                                   c:/program files (x86)/atmel/studio/7.0/toolchain/arm/arm-gnu-toolchain/bin/../lib/gcc/arm-none-eabi/5.3.1/../../../../arm-none-eabi/lib/armv7e-m/crt0.o
_read                                             src/ASF/common/utils/stdio/read.o
_sbrk                                             src/ASF/sam/utils/syscalls/gcc/syscalls.o
_sfixed                                           src/ASF/sam/utils/cmsis/samg/samg55/source/templates/gcc/startup_samg55.o
_srelocate                                        src/ASF/sam/utils/cmsis/samg/samg55/source/templates/gcc/startup_samg55.o
_start                                            c:/program files (x86)/atmel/studio/7.0/toolchain/arm/arm-gnu-toolchain/bin/../lib/gcc/arm-none-eabi/5.3.1/../../../../arm-none-eabi/lib/armv7e-m/crt0.o
_szero                                            src/ASF/sam/utils/cmsis/samg/samg55/source/templates/gcc/startup_samg55.o
_write                                            src/ASF/common/utils/stdio/write.o
atexit                                            c:/program files (x86)/atmel/studio/7.0/toolchain/arm/arm-gnu-toolchain/bin/../lib/gcc/arm-none-eabi/5.3.1/../../../../arm-none-eabi/lib/armv7e-m\libc.a(lib_a-atexit.o)
                                                  c:/program files (x86)/atmel/studio/7.0/toolchain/arm/arm-gnu-toolchain/bin/../lib/gcc/arm-none-eabi/5.3.1/../../../../arm-none-eabi/lib/armv7e-m\libc.a(lib_a-__call_atexit.o)
                                                  c:/program files (x86)/atmel/studio/7.0/toolchain/arm/arm-gnu-toolchain/bin/../lib/gcc/arm-none-eabi/5.3.1/../../../../arm-none-eabi/lib/armv7e-m/crt0.o
board_init                                        src/ASF/sam/boards/samg55_xplained_pro/board_init.o
                                                  src/spi_pdc_example.o
cpu_irq_enter_critical                            src/ASF/common/utils/interrupt/interrupt_sam_nvic.o
cpu_irq_leave_critical                            src/ASF/common/utils/interrupt/interrupt_sam_nvic.o
efc_disable_cloe                                  src/ASF/sam/drivers/efc/efc.o
efc_disable_frdy_interrupt                        src/ASF/sam/drivers/efc/efc.o
efc_enable_cloe                                   src/ASF/sam/drivers/efc/efc.o
efc_enable_frdy_interrupt                         src/ASF/sam/drivers/efc/efc.o
efc_get_flash_access_mode                         src/ASF/sam/drivers/efc/efc.o
efc_get_result                                    src/ASF/sam/drivers/efc/efc.o
efc_get_status                                    src/ASF/sam/drivers/efc/efc.o
efc_get_wait_state                                src/ASF/sam/drivers/efc/efc.o
efc_init                                          src/ASF/sam/drivers/efc/efc.o
efc_perform_command                               src/ASF/sam/drivers/efc/efc.o
efc_perform_fcr                                   src/ASF/sam/drivers/efc/efc.o
efc_perform_read_sequence                         src/ASF/sam/drivers/efc/efc.o
                                                  src/ASF/common/services/clock/samg/sysclk.o
efc_set_flash_access_mode                         src/ASF/sam/drivers/efc/efc.o
efc_set_wait_state                                src/ASF/sam/drivers/efc/efc.o
efc_write_fmr                                     src/ASF/sam/drivers/efc/efc.o
enable_pdm                                        src/spi_pdc_example.o
exception_table                                   src/ASF/sam/utils/cmsis/samg/samg55/source/templates/gcc/startup_samg55.o
exit                                              c:/program files (x86)/atmel/studio/7.0/toolchain/arm/arm-gnu-toolchain/bin/../lib/gcc/arm-none-eabi/5.3.1/../../../../arm-none-eabi/lib/armv7e-m\libc.a(lib_a-exit.o)
                                                  c:/program files (x86)/atmel/studio/7.0/toolchain/arm/arm-gnu-toolchain/bin/../lib/gcc/arm-none-eabi/5.3.1/../../../../arm-none-eabi/lib/armv7e-m/crt0.o
flexcom_disable                                   src/ASF/sam/drivers/flexcom/flexcom.o
flexcom_enable                                    src/ASF/sam/drivers/flexcom/flexcom.o
                                                  src/spi_pdc_example.o
flexcom_get_opmode                                src/ASF/sam/drivers/flexcom/flexcom.o
flexcom_read                                      src/ASF/sam/drivers/flexcom/flexcom.o
flexcom_set_opmode                                src/ASF/sam/drivers/flexcom/flexcom.o
                                                  src/spi_pdc_example.o
flexcom_write                                     src/ASF/sam/drivers/flexcom/flexcom.o
free                                              c:/program files (x86)/atmel/studio/7.0/toolchain/arm/arm-gnu-toolchain/bin/../lib/gcc/arm-none-eabi/5.3.1/../../../../arm-none-eabi/lib/armv7e-m\libc.a(lib_a-__call_atexit.o)
g_interrupt_enabled                               src/ASF/common/utils/interrupt/interrupt_sam_nvic.o
                                                  src/spi_pdc_example.o
                                                  src/ASF/sam/utils/cmsis/samg/samg55/source/templates/gcc/startup_samg55.o
                                                  src/ASF/sam/drivers/pmc/sleep.o
                                                  src/ASF/sam/drivers/flexcom/flexcom.o
                                                  src/ASF/sam/drivers/efc/efc.o
g_p_spim_pdc                                      src/spi_pdc_example.o
g_p_spis_pdc                                      src/spi_pdc_example.o
hardware_init_hook                                c:/program files (x86)/atmel/studio/7.0/toolchain/arm/arm-gnu-toolchain/bin/../lib/gcc/arm-none-eabi/5.3.1/../../../../arm-none-eabi/lib/armv7e-m/crt0.o
init_pdm                                          src/spi_pdc_example.o
link                                              src/ASF/sam/utils/syscalls/gcc/syscalls.o
main                                              src/spi_pdc_example.o
                                                  src/ASF/sam/utils/cmsis/samg/samg55/source/templates/gcc/startup_samg55.o
                                                  c:/program files (x86)/atmel/studio/7.0/toolchain/arm/arm-gnu-toolchain/bin/../lib/gcc/arm-none-eabi/5.3.1/../../../../arm-none-eabi/lib/armv7e-m/crt0.o
malloc                                            c:/program files (x86)/atmel/studio/7.0/toolchain/arm/arm-gnu-toolchain/bin/../lib/gcc/arm-none-eabi/5.3.1/../../../../arm-none-eabi/lib/armv7e-m\libc.a(lib_a-__atexit.o)
memset                                            c:/program files (x86)/atmel/studio/7.0/toolchain/arm/arm-gnu-toolchain/bin/../lib/gcc/arm-none-eabi/5.3.1/../../../../arm-none-eabi/lib/armv7e-m\libc.a(lib_a-memset.o)
                                                  c:/program files (x86)/atmel/studio/7.0/toolchain/arm/arm-gnu-toolchain/bin/../lib/gcc/arm-none-eabi/5.3.1/../../../../arm-none-eabi/lib/armv7e-m/crt0.o
pdc_disable_transfer                              src/ASF/sam/drivers/pdc/pdc.o
                                                  src/spi_pdc_example.o
pdc_enable_transfer                               src/ASF/sam/drivers/pdc/pdc.o
                                                  src/spi_pdc_example.o
pdc_read_rx_counter                               src/ASF/sam/drivers/pdc/pdc.o
pdc_read_rx_next_counter                          src/ASF/sam/drivers/pdc/pdc.o
pdc_read_rx_next_ptr                              src/ASF/sam/drivers/pdc/pdc.o
pdc_read_rx_ptr                                   src/ASF/sam/drivers/pdc/pdc.o
pdc_read_status                                   src/ASF/sam/drivers/pdc/pdc.o
pdc_read_tx_counter                               src/ASF/sam/drivers/pdc/pdc.o
pdc_read_tx_next_counter                          src/ASF/sam/drivers/pdc/pdc.o
pdc_read_tx_next_ptr                              src/ASF/sam/drivers/pdc/pdc.o
pdc_read_tx_ptr                                   src/ASF/sam/drivers/pdc/pdc.o
pdc_rx_clear_cnt                                  src/ASF/sam/drivers/pdc/pdc.o
pdc_rx_init                                       src/ASF/sam/drivers/pdc/pdc.o
                                                  src/spi_pdc_example.o
pdc_tx_init                                       src/ASF/sam/drivers/pdc/pdc.o
                                                  src/spi_pdc_example.o
pdm_init                                          src/ASF/sam/drivers/pdm/pdm.o
                                                  src/spi_pdc_example.o
pdm_read_convert_data                             src/ASF/sam/drivers/pdm/pdm.o
pdm_register_callback                             src/ASF/sam/drivers/pdm/pdm.o
pdm_unregister_callback                           src/ASF/sam/drivers/pdm/pdm.o
pmc_clr_fast_startup_input                        src/ASF/sam/drivers/pmc/pmc.o
pmc_disable_all_pck                               src/ASF/sam/drivers/pmc/pmc.o
pmc_disable_all_periph_clk                        src/ASF/sam/drivers/pmc/pmc.o
pmc_disable_clock_failure_detector                src/ASF/sam/drivers/pmc/pmc.o
pmc_disable_interrupt                             src/ASF/sam/drivers/pmc/pmc.o
pmc_disable_pck                                   src/ASF/sam/drivers/pmc/pmc.o
                                                  src/ASF/sam/drivers/flexcom/flexcom.o
pmc_disable_periph_clk                            src/ASF/sam/drivers/pmc/pmc.o
                                                  src/ASF/sam/drivers/spi/spi.o
                                                  src/ASF/sam/drivers/flexcom/flexcom.o
pmc_disable_pllack                                src/ASF/sam/drivers/pmc/pmc.o
                                                  src/ASF/sam/drivers/pmc/sleep.o
                                                  src/ASF/common/services/clock/samg/sysclk.o
pmc_disable_pllbck                                src/ASF/sam/drivers/pmc/pmc.o
pmc_disable_sleepwalking                          src/ASF/sam/drivers/pmc/pmc.o
pmc_disable_udpck                                 src/ASF/sam/drivers/pmc/pmc.o
pmc_enable_all_pck                                src/ASF/sam/drivers/pmc/pmc.o
pmc_enable_all_periph_clk                         src/ASF/sam/drivers/pmc/pmc.o
pmc_enable_backupmode                             src/ASF/sam/drivers/pmc/pmc.o
pmc_enable_clock_failure_detector                 src/ASF/sam/drivers/pmc/pmc.o
pmc_enable_interrupt                              src/ASF/sam/drivers/pmc/pmc.o
pmc_enable_pck                                    src/ASF/sam/drivers/pmc/pmc.o
                                                  src/ASF/sam/drivers/flexcom/flexcom.o
pmc_enable_periph_clk                             src/ASF/sam/drivers/pmc/pmc.o
                                                  src/ASF/sam/drivers/spi/spi.o
                                                  src/ASF/sam/drivers/pdm/pdm.o
                                                  src/ASF/sam/drivers/flexcom/flexcom.o
                                                  src/ASF/sam/boards/samg55_xplained_pro/board_init.o
pmc_enable_pllack                                 src/ASF/sam/drivers/pmc/pmc.o
pmc_enable_pllbck                                 src/ASF/sam/drivers/pmc/pmc.o
pmc_enable_sleepmode                              src/ASF/sam/drivers/pmc/pmc.o
pmc_enable_sleepwalking                           src/ASF/sam/drivers/pmc/pmc.o
pmc_enable_udpck                                  src/ASF/sam/drivers/pmc/pmc.o
pmc_enable_uhpck                                  src/ASF/sam/drivers/pmc/pmc.o
pmc_enable_waitmode                               src/ASF/sam/drivers/pmc/pmc.o
                                                  src/ASF/sam/drivers/pmc/sleep.o
pmc_get_active_status0                            src/ASF/sam/drivers/pmc/pmc.o
pmc_get_interrupt_mask                            src/ASF/sam/drivers/pmc/pmc.o
pmc_get_sleepwalking_status0                      src/ASF/sam/drivers/pmc/pmc.o
pmc_get_status                                    src/ASF/sam/drivers/pmc/pmc.o
pmc_get_writeprotect_status                       src/ASF/sam/drivers/pmc/pmc.o
pmc_is_locked_pllack                              src/ASF/sam/drivers/pmc/pmc.o
                                                  src/ASF/common/services/clock/samg/sysclk.o
pmc_is_locked_pllbck                              src/ASF/sam/drivers/pmc/pmc.o
pmc_is_pck_enabled                                src/ASF/sam/drivers/pmc/pmc.o
pmc_is_periph_clk_enabled                         src/ASF/sam/drivers/pmc/pmc.o
pmc_is_wakeup_clocks_restored                     src/ASF/sam/drivers/pmc/sleep.o
pmc_mainck_osc_select                             src/ASF/sam/drivers/pmc/pmc.o
pmc_mck_set_prescaler                             src/ASF/sam/drivers/pmc/pmc.o
                                                  src/ASF/common/services/clock/samg/sysclk.o
pmc_mck_set_source                                src/ASF/sam/drivers/pmc/pmc.o
                                                  src/ASF/common/services/clock/samg/sysclk.o
pmc_osc_bypass_main_xtal                          src/ASF/sam/drivers/pmc/pmc.o
pmc_osc_disable_fastrc                            src/ASF/sam/drivers/pmc/pmc.o
pmc_osc_disable_main_xtal                         src/ASF/sam/drivers/pmc/pmc.o
pmc_osc_disable_xtal                              src/ASF/sam/drivers/pmc/pmc.o
pmc_osc_enable_fastrc                             src/ASF/sam/drivers/pmc/pmc.o
pmc_osc_enable_main_xtal                          src/ASF/sam/drivers/pmc/pmc.o
pmc_osc_is_bypassed_main_xtal                     src/ASF/sam/drivers/pmc/pmc.o
pmc_osc_is_ready_32kxtal                          src/ASF/sam/drivers/pmc/pmc.o
                                                  src/ASF/common/services/clock/samg/sysclk.o
pmc_osc_is_ready_fastrc                           src/ASF/sam/drivers/pmc/pmc.o
pmc_osc_is_ready_main_xtal                        src/ASF/sam/drivers/pmc/pmc.o
pmc_osc_is_ready_mainck                           src/ASF/sam/drivers/pmc/pmc.o
pmc_pck_set_prescaler                             src/ASF/sam/drivers/pmc/pmc.o
pmc_pck_set_source                                src/ASF/sam/drivers/pmc/pmc.o
pmc_set_fast_startup_input                        src/ASF/sam/drivers/pmc/pmc.o
pmc_set_flash_in_wait_mode                        src/ASF/sam/drivers/pmc/pmc.o
                                                  src/ASF/sam/drivers/pmc/sleep.o
pmc_set_writeprotect                              src/ASF/sam/drivers/pmc/pmc.o
pmc_sleep                                         src/ASF/sam/drivers/pmc/sleep.o
pmc_switch_mainck_to_fastrc                       src/ASF/sam/drivers/pmc/pmc.o
pmc_switch_mainck_to_xtal                         src/ASF/sam/drivers/pmc/pmc.o
pmc_switch_mck_to_mainck                          src/ASF/sam/drivers/pmc/pmc.o
pmc_switch_mck_to_pllack                          src/ASF/sam/drivers/pmc/pmc.o
                                                  src/ASF/common/services/clock/samg/sysclk.o
pmc_switch_mck_to_pllbck                          src/ASF/sam/drivers/pmc/pmc.o
pmc_switch_mck_to_sclk                            src/ASF/sam/drivers/pmc/pmc.o
pmc_switch_pck_to_mainck                          src/ASF/sam/drivers/pmc/pmc.o
pmc_switch_pck_to_mck                             src/ASF/sam/drivers/pmc/pmc.o
                                                  src/ASF/sam/drivers/flexcom/flexcom.o
pmc_switch_pck_to_pllack                          src/ASF/sam/drivers/pmc/pmc.o
pmc_switch_pck_to_pllbck                          src/ASF/sam/drivers/pmc/pmc.o
pmc_switch_pck_to_sclk                            src/ASF/sam/drivers/pmc/pmc.o
pmc_switch_sclk_to_32kxtal                        src/ASF/sam/drivers/pmc/pmc.o
                                                  src/ASF/common/services/clock/samg/sysclk.o
pmc_switch_udpck_to_pllack                        src/ASF/sam/drivers/pmc/pmc.o
pmc_switch_udpck_to_pllbck                        src/ASF/sam/drivers/pmc/pmc.o
pmc_switch_uhpck_to_pllack                        src/ASF/sam/drivers/pmc/pmc.o
pmc_switch_uhpck_to_pllbck                        src/ASF/sam/drivers/pmc/pmc.o
pmc_wait_wakeup_clocks_restore                    src/ASF/sam/drivers/pmc/sleep.o
portable_delay_cycles                             src/ASF/common/services/delay/sam/cycle_counter.o
ptr_get                                           src/ASF/common/utils/stdio/read.o
ptr_put                                           src/ASF/common/utils/stdio/write.o
sleepmgr_locks                                    src/ASF/common/services/sleepmgr/sam/sleepmgr.o
                                                  src/ASF/sam/drivers/flexcom/flexcom.o
software_init_hook                                c:/program files (x86)/atmel/studio/7.0/toolchain/arm/arm-gnu-toolchain/bin/../lib/gcc/arm-none-eabi/5.3.1/../../../../arm-none-eabi/lib/armv7e-m/crt0.o
spi_calc_baudrate_div                             src/ASF/sam/drivers/spi/spi.o
spi_configure_cs_behavior                         src/ASF/sam/drivers/spi/spi.o
spi_disable_clock                                 src/ASF/sam/drivers/spi/spi.o
spi_enable_clock                                  src/ASF/sam/drivers/spi/spi.o
spi_get_writeprotect_status                       src/ASF/sam/drivers/spi/spi.o
spi_read                                          src/ASF/sam/drivers/spi/spi.o
spi_set_baudrate_div                              src/ASF/sam/drivers/spi/spi.o
spi_set_bits_per_transfer                         src/ASF/sam/drivers/spi/spi.o
                                                  src/spi_pdc_example.o
spi_set_clock_phase                               src/ASF/sam/drivers/spi/spi.o
                                                  src/spi_pdc_example.o
spi_set_clock_polarity                            src/ASF/sam/drivers/spi/spi.o
                                                  src/spi_pdc_example.o
spi_set_delay_between_chip_select                 src/ASF/sam/drivers/spi/spi.o
spi_set_peripheral_chip_select_value              src/ASF/sam/drivers/spi/spi.o
                                                  src/spi_pdc_example.o
spi_set_transfer_delay                            src/ASF/sam/drivers/spi/spi.o
spi_set_writeprotect                              src/ASF/sam/drivers/spi/spi.o
spi_write                                         src/ASF/sam/drivers/spi/spi.o
stdio_base                                        src/ASF/common/utils/stdio/write.o
                                                  src/ASF/common/utils/stdio/read.o
supc_disable_brownout_detector                    src/ASF/sam/drivers/supc/supc.o
supc_disable_brownout_reset                       src/ASF/sam/drivers/supc/supc.o
supc_disable_monitor_interrupt                    src/ASF/sam/drivers/supc/supc.o
supc_disable_monitor_reset                        src/ASF/sam/drivers/supc/supc.o
supc_enable_brownout_detector                     src/ASF/sam/drivers/supc/supc.o
supc_enable_brownout_reset                        src/ASF/sam/drivers/supc/supc.o
supc_enable_monitor_interrupt                     src/ASF/sam/drivers/supc/supc.o
supc_enable_monitor_reset                         src/ASF/sam/drivers/supc/supc.o
supc_get_status                                   src/ASF/sam/drivers/supc/supc.o
supc_set_monitor_sampling_period                  src/ASF/sam/drivers/supc/supc.o
supc_set_monitor_threshold                        src/ASF/sam/drivers/supc/supc.o
supc_set_regulator_trim_factory                   src/ASF/sam/drivers/supc/supc.o
supc_set_regulator_trim_user                      src/ASF/sam/drivers/supc/supc.o
                                                  src/ASF/common/services/clock/samg/sysclk.o
supc_set_wakeup_inputs                            src/ASF/sam/drivers/supc/supc.o
supc_set_wakeup_mode                              src/ASF/sam/drivers/supc/supc.o
supc_switch_sclk_to_32kxtal                       src/ASF/sam/drivers/supc/supc.o
sysclk_init                                       src/ASF/common/services/clock/samg/sysclk.o
                                                  src/spi_pdc_example.o
sysclk_set_prescalers                             src/ASF/common/services/clock/samg/sysclk.o
sysclk_set_source                                 src/ASF/common/services/clock/samg/sysclk.o
system_board_init                                 src/ASF/sam/boards/samg55_xplained_pro/board_init.o
system_init_flash                                 src/ASF/sam/utils/cmsis/samg/samg55/source/templates/system_samg55.o
                                                  src/ASF/common/services/clock/samg/sysclk.o
usart_disable_interrupt                           src/ASF/sam/drivers/usart/usart.o
usart_disable_rx                                  src/ASF/sam/drivers/usart/usart.o
usart_disable_tx                                  src/ASF/sam/drivers/usart/usart.o
usart_disable_writeprotect                        src/ASF/sam/drivers/usart/usart.o
usart_drive_RTS_pin_high                          src/ASF/sam/drivers/usart/usart.o
usart_drive_RTS_pin_low                           src/ASF/sam/drivers/usart/usart.o
usart_enable_interrupt                            src/ASF/sam/drivers/usart/usart.o
usart_enable_rx                                   src/ASF/sam/drivers/usart/usart.o
usart_enable_tx                                   src/ASF/sam/drivers/usart/usart.o
usart_enable_writeprotect                         src/ASF/sam/drivers/usart/usart.o
usart_get_error_number                            src/ASF/sam/drivers/usart/usart.o
usart_get_interrupt_mask                          src/ASF/sam/drivers/usart/usart.o
usart_get_pdc_base                                src/ASF/sam/drivers/usart/usart.o
usart_get_status                                  src/ASF/sam/drivers/usart/usart.o
usart_get_writeprotect_status                     src/ASF/sam/drivers/usart/usart.o
usart_getchar                                     src/ASF/sam/drivers/usart/usart.o
usart_init_hw_handshaking                         src/ASF/sam/drivers/usart/usart.o
usart_init_iso7816                                src/ASF/sam/drivers/usart/usart.o
usart_init_lin_master                             src/ASF/sam/drivers/usart/usart.o
usart_init_lin_slave                              src/ASF/sam/drivers/usart/usart.o
usart_init_rs232                                  src/ASF/sam/drivers/usart/usart.o
usart_init_rs485                                  src/ASF/sam/drivers/usart/usart.o
usart_init_spi_master                             src/ASF/sam/drivers/usart/usart.o
usart_init_spi_slave                              src/ASF/sam/drivers/usart/usart.o
usart_init_sync_master                            src/ASF/sam/drivers/usart/usart.o
usart_init_sync_slave                             src/ASF/sam/drivers/usart/usart.o
usart_is_rx_buf_end                               src/ASF/sam/drivers/usart/usart.o
usart_is_rx_buf_full                              src/ASF/sam/drivers/usart/usart.o
usart_is_rx_ready                                 src/ASF/sam/drivers/usart/usart.o
usart_is_tx_buf_empty                             src/ASF/sam/drivers/usart/usart.o
usart_is_tx_buf_end                               src/ASF/sam/drivers/usart/usart.o
usart_is_tx_empty                                 src/ASF/sam/drivers/usart/usart.o
usart_is_tx_ready                                 src/ASF/sam/drivers/usart/usart.o
usart_lin_abort_tx                                src/ASF/sam/drivers/usart/usart.o
usart_lin_disable_checksum                        src/ASF/sam/drivers/usart/usart.o
usart_lin_disable_frame_slot                      src/ASF/sam/drivers/usart/usart.o
usart_lin_disable_parity                          src/ASF/sam/drivers/usart/usart.o
usart_lin_disable_pdc_mode                        src/ASF/sam/drivers/usart/usart.o
usart_lin_enable_checksum                         src/ASF/sam/drivers/usart/usart.o
usart_lin_enable_frame_slot                       src/ASF/sam/drivers/usart/usart.o
usart_lin_enable_parity                           src/ASF/sam/drivers/usart/usart.o
usart_lin_enable_pdc_mode                         src/ASF/sam/drivers/usart/usart.o
usart_lin_get_data_length                         src/ASF/sam/drivers/usart/usart.o
usart_lin_read_identifier                         src/ASF/sam/drivers/usart/usart.o
usart_lin_send_wakeup_signal                      src/ASF/sam/drivers/usart/usart.o
usart_lin_set_checksum_type                       src/ASF/sam/drivers/usart/usart.o
usart_lin_set_data_len_mode                       src/ASF/sam/drivers/usart/usart.o
usart_lin_set_node_action                         src/ASF/sam/drivers/usart/usart.o
usart_lin_set_response_data_len                   src/ASF/sam/drivers/usart/usart.o
usart_lin_set_tx_identifier                       src/ASF/sam/drivers/usart/usart.o
usart_lin_set_wakeup_signal_type                  src/ASF/sam/drivers/usart/usart.o
usart_putchar                                     src/ASF/sam/drivers/usart/usart.o
usart_read                                        src/ASF/sam/drivers/usart/usart.o
                                                  src/ASF/common/services/serial/usart_serial.o
usart_reset                                       src/ASF/sam/drivers/usart/usart.o
usart_reset_iterations                            src/ASF/sam/drivers/usart/usart.o
usart_reset_nack                                  src/ASF/sam/drivers/usart/usart.o
usart_reset_rx                                    src/ASF/sam/drivers/usart/usart.o
usart_reset_status                                src/ASF/sam/drivers/usart/usart.o
usart_reset_tx                                    src/ASF/sam/drivers/usart/usart.o
usart_restart_rx_timeout                          src/ASF/sam/drivers/usart/usart.o
usart_send_address                                src/ASF/sam/drivers/usart/usart.o
usart_serial_read_packet                          src/ASF/common/services/serial/usart_serial.o
usart_serial_write_packet                         src/ASF/common/services/serial/usart_serial.o
usart_set_async_baudrate                          src/ASF/sam/drivers/usart/usart.o
usart_set_rx_timeout                              src/ASF/sam/drivers/usart/usart.o
usart_set_sleepwalking                            src/ASF/sam/drivers/usart/usart.o
usart_set_tx_timeguard                            src/ASF/sam/drivers/usart/usart.o
usart_spi_force_chip_select                       src/ASF/sam/drivers/usart/usart.o
usart_spi_release_chip_select                     src/ASF/sam/drivers/usart/usart.o
usart_start_rx_timeout                            src/ASF/sam/drivers/usart/usart.o
usart_start_tx_break                              src/ASF/sam/drivers/usart/usart.o
usart_stop_tx_break                               src/ASF/sam/drivers/usart/usart.o
usart_write                                       src/ASF/sam/drivers/usart/usart.o
                                                  src/ASF/common/services/serial/usart_serial.o
usart_write_line                                  src/ASF/sam/drivers/usart/usart.o
