Archive member included to satisfy reference by file (symbol)

d:/program files (x86)/atmel/studio/7.0/toolchain/arm/arm-gnu-toolchain/bin/../lib/gcc/arm-none-eabi/6.3.1/../../../../arm-none-eabi/lib/thumb/v7e-m\libc.a(lib_a-exit.o)
                              d:/program files (x86)/atmel/studio/7.0/toolchain/arm/arm-gnu-toolchain/bin/../lib/gcc/arm-none-eabi/6.3.1/../../../../arm-none-eabi/lib/thumb/v7e-m/crt0.o (exit)
d:/program files (x86)/atmel/studio/7.0/toolchain/arm/arm-gnu-toolchain/bin/../lib/gcc/arm-none-eabi/6.3.1/../../../../arm-none-eabi/lib/thumb/v7e-m\libc.a(lib_a-impure.o)
                              d:/program files (x86)/atmel/studio/7.0/toolchain/arm/arm-gnu-toolchain/bin/../lib/gcc/arm-none-eabi/6.3.1/../../../../arm-none-eabi/lib/thumb/v7e-m\libc.a(lib_a-exit.o) (_global_impure_ptr)
d:/program files (x86)/atmel/studio/7.0/toolchain/arm/arm-gnu-toolchain/bin/../lib/gcc/arm-none-eabi/6.3.1/../../../../arm-none-eabi/lib/thumb/v7e-m\libc.a(lib_a-init.o)
                              d:/program files (x86)/atmel/studio/7.0/toolchain/arm/arm-gnu-toolchain/bin/../lib/gcc/arm-none-eabi/6.3.1/../../../../arm-none-eabi/lib/thumb/v7e-m/crt0.o (__libc_init_array)
d:/program files (x86)/atmel/studio/7.0/toolchain/arm/arm-gnu-toolchain/bin/../lib/gcc/arm-none-eabi/6.3.1/../../../../arm-none-eabi/lib/thumb/v7e-m\libc.a(lib_a-memset.o)
                              d:/program files (x86)/atmel/studio/7.0/toolchain/arm/arm-gnu-toolchain/bin/../lib/gcc/arm-none-eabi/6.3.1/../../../../arm-none-eabi/lib/thumb/v7e-m/crt0.o (memset)
d:/program files (x86)/atmel/studio/7.0/toolchain/arm/arm-gnu-toolchain/bin/../lib/gcc/arm-none-eabi/6.3.1/../../../../arm-none-eabi/lib/thumb/v7e-m\libc.a(lib_a-__call_atexit.o)
                              d:/program files (x86)/atmel/studio/7.0/toolchain/arm/arm-gnu-toolchain/bin/../lib/gcc/arm-none-eabi/6.3.1/../../../../arm-none-eabi/lib/thumb/v7e-m\libc.a(lib_a-exit.o) (__call_exitprocs)
d:/program files (x86)/atmel/studio/7.0/toolchain/arm/arm-gnu-toolchain/bin/../lib/gcc/arm-none-eabi/6.3.1/../../../../arm-none-eabi/lib/thumb/v7e-m\libc.a(lib_a-atexit.o)
                              d:/program files (x86)/atmel/studio/7.0/toolchain/arm/arm-gnu-toolchain/bin/../lib/gcc/arm-none-eabi/6.3.1/../../../../arm-none-eabi/lib/thumb/v7e-m\libc.a(lib_a-__call_atexit.o) (atexit)
d:/program files (x86)/atmel/studio/7.0/toolchain/arm/arm-gnu-toolchain/bin/../lib/gcc/arm-none-eabi/6.3.1/../../../../arm-none-eabi/lib/thumb/v7e-m\libc.a(lib_a-fini.o)
                              d:/program files (x86)/atmel/studio/7.0/toolchain/arm/arm-gnu-toolchain/bin/../lib/gcc/arm-none-eabi/6.3.1/../../../../arm-none-eabi/lib/thumb/v7e-m\libc.a(lib_a-__call_atexit.o) (__libc_fini_array)
d:/program files (x86)/atmel/studio/7.0/toolchain/arm/arm-gnu-toolchain/bin/../lib/gcc/arm-none-eabi/6.3.1/../../../../arm-none-eabi/lib/thumb/v7e-m\libc.a(lib_a-lock.o)
                              d:/program files (x86)/atmel/studio/7.0/toolchain/arm/arm-gnu-toolchain/bin/../lib/gcc/arm-none-eabi/6.3.1/../../../../arm-none-eabi/lib/thumb/v7e-m\libc.a(lib_a-__call_atexit.o) (__retarget_lock_acquire_recursive)
d:/program files (x86)/atmel/studio/7.0/toolchain/arm/arm-gnu-toolchain/bin/../lib/gcc/arm-none-eabi/6.3.1/../../../../arm-none-eabi/lib/thumb/v7e-m\libc.a(lib_a-__atexit.o)
                              d:/program files (x86)/atmel/studio/7.0/toolchain/arm/arm-gnu-toolchain/bin/../lib/gcc/arm-none-eabi/6.3.1/../../../../arm-none-eabi/lib/thumb/v7e-m\libc.a(lib_a-atexit.o) (__register_exitproc)

Allocating common symbols
Common symbol       size              file

__lock___atexit_recursive_mutex
                    0x1               d:/program files (x86)/atmel/studio/7.0/toolchain/arm/arm-gnu-toolchain/bin/../lib/gcc/arm-none-eabi/6.3.1/../../../../arm-none-eabi/lib/thumb/v7e-m\libc.a(lib_a-lock.o)
g_p_spis_pdc        0x4               src/main.o
__lock___arc4random_mutex
                    0x1               d:/program files (x86)/atmel/studio/7.0/toolchain/arm/arm-gnu-toolchain/bin/../lib/gcc/arm-none-eabi/6.3.1/../../../../arm-none-eabi/lib/thumb/v7e-m\libc.a(lib_a-lock.o)
ptr_get             0x4               src/ASF/common/utils/stdio/read.o
__lock___env_recursive_mutex
                    0x1               d:/program files (x86)/atmel/studio/7.0/toolchain/arm/arm-gnu-toolchain/bin/../lib/gcc/arm-none-eabi/6.3.1/../../../../arm-none-eabi/lib/thumb/v7e-m\libc.a(lib_a-lock.o)
__lock___sinit_recursive_mutex
                    0x1               d:/program files (x86)/atmel/studio/7.0/toolchain/arm/arm-gnu-toolchain/bin/../lib/gcc/arm-none-eabi/6.3.1/../../../../arm-none-eabi/lib/thumb/v7e-m\libc.a(lib_a-lock.o)
ptr_put             0x4               src/ASF/common/utils/stdio/write.o
g_p_spim_pdc        0x4               src/main.o
__lock___malloc_recursive_mutex
[...]
Memory Configuration

Name             Origin             Length             Attributes
rom              0x00400000         0x00080000         xr
ram              0x20000000         0x00028000         xrw
*default*        0x00000000         0xffffffff

Linker script and memory map

LOAD d:/program files (x86)/atmel/studio/7.0/toolchain/arm/arm-gnu-toolchain/bin/../lib/gcc/arm-none-eabi/6.3.1/thumb/v7e-m/crti.o
LOAD d:/program files (x86)/atmel/studio/7.0/toolchain/arm/arm-gnu-toolchain/bin/../lib/gcc/arm-none-eabi/6.3.1/thumb/v7e-m/crtbegin.o
LOAD d:/program files (x86)/atmel/studio/7.0/toolchain/arm/arm-gnu-toolchain/bin/../lib/gcc/arm-none-eabi/6.3.1/../../../../arm-none-eabi/lib/thumb/v7e-m/crt0.o
LOAD src/ASF/sam/drivers/tc/tc.o
LOAD src/filter_design.o
LOAD src/yas_acc_driver-lis331dlh.o
LOAD src/ASF/common/services/clock/samg/sysclk.o
LOAD src/ASF/common/services/delay/sam/cycle_counter.o
LOAD src/ASF/common/services/serial/usart_serial.o
LOAD src/ASF/common/services/sleepmgr/sam/sleepmgr.o
LOAD src/ASF/common/utils/interrupt/interrupt_sam_nvic.o
LOAD src/ASF/common/utils/stdio/read.o
LOAD src/ASF/common/utils/stdio/write.o
LOAD src/ASF/sam/boards/samg55_xplained_pro/board_init.o
LOAD src/ASF/sam/drivers/efc/efc.o
LOAD src/ASF/sam/drivers/flexcom/flexcom.o
LOAD src/ASF/sam/drivers/pdc/pdc.o
LOAD src/ASF/sam/drivers/pdm/pdm.o
LOAD src/ASF/sam/drivers/pmc/pmc.o
LOAD src/ASF/sam/drivers/pmc/sleep.o
LOAD src/ASF/sam/drivers/spi/spi.o
LOAD src/ASF/sam/drivers/supc/supc.o
LOAD src/ASF/sam/drivers/twi/twi.o
LOAD src/ASF/sam/drivers/usart/usart.o
LOAD src/ASF/sam/utils/cmsis/samg/samg55/source/templates/gcc/startup_samg55.o
LOAD src/ASF/sam/utils/cmsis/samg/samg55/source/templates/system_samg55.o
LOAD src/ASF/sam/utils/syscalls/gcc/syscalls.o
LOAD src/pdm_lib.o
LOAD src/main.o
START GROUP
LOAD ../src/ASF/thirdparty/CMSIS/Lib/GCC\libarm_cortexM4lf_math_softfp.a
LOAD d:/program files (x86)/atmel/studio/7.0/toolchain/arm/arm-gnu-toolchain/bin/../lib/gcc/arm-none-eabi/6.3.1/../../../../arm-none-eabi/lib/thumb/v7e-m\libm.a
END GROUP
START GROUP
LOAD d:/program files (x86)/atmel/studio/7.0/toolchain/arm/arm-gnu-toolchain/bin/../lib/gcc/arm-none-eabi/6.3.1/thumb/v7e-m\libgcc.a
LOAD d:/program files (x86)/atmel/studio/7.0/toolchain/arm/arm-gnu-toolchain/bin/../lib/gcc/arm-none-eabi/6.3.1/../../../../arm-none-eabi/lib/thumb/v7e-m\libc.a
END GROUP
LOAD d:/program files (x86)/atmel/studio/7.0/toolchain/arm/arm-gnu-toolchain/bin/../lib/gcc/arm-none-eabi/6.3.1/thumb/v7e-m/crtend.o
LOAD d:/program files (x86)/atmel/studio/7.0/toolchain/arm/arm-gnu-toolchain/bin/../lib/gcc/arm-none-eabi/6.3.1/thumb/v7e-m/crtn.o
                0x00003000                __stack_size__ = DEFINED (__stack_size__)?__stack_size__:0x3000
                0x20027ffc                __ram_end__ = ((ORIGIN (ram) + LENGTH (ram)) - 0x4)

.text           0x00400000     0x1070
                0x00400000                . = ALIGN (0x4)
                0x00400000                _sfixed = .
 *(.vectors .vectors.*)
 .vectors       0x00400000      0x148 src/ASF/sam/utils/cmsis/samg/samg55/source/templates/gcc/startup_samg55.o
                0x00400000                exception_table
 *(.text .text.* .gnu.linkonce.t.*)
 .text          0x00400148       0x6c d:/program files (x86)/atmel/studio/7.0/toolchain/arm/arm-gnu-toolchain/bin/../lib/gcc/arm-none-eabi/6.3.1/thumb/v7e-m/crtbegin.o
 .text.tc_init  0x004001b4       0x1a src/ASF/sam/drivers/tc/tc.o
                0x004001b4                tc_init
 .text.tc_start
                0x004001ce        0x8 src/ASF/sam/drivers/tc/tc.o
                0x004001ce                tc_start
 .text.tc_write_ra
                0x004001d6        0x8 src/ASF/sam/drivers/tc/tc.o
                0x004001d6                tc_write_ra
 .text.tc_write_rb
                0x004001de        0x8 src/ASF/sam/drivers/tc/tc.o
                0x004001de                tc_write_rb
 .text.tc_write_rc
                0x004001e6        0x8 src/ASF/sam/drivers/tc/tc.o
                0x004001e6                tc_write_rc
 *fill*         0x004001ee        0x2 
 .text.sysclk_init
                0x004001f0       0xb0 src/ASF/common/services/clock/samg/sysclk.o
                0x004001f0                sysclk_init
 .text.system_board_init
                0x004002a0      0x248 src/ASF/sam/boards/samg55_xplained_pro/board_init.o
                0x004002a0                board_init
                0x004002a0                system_board_init
 .text.flexcom_enable
                0x004004e8      0x18c src/ASF/sam/drivers/flexcom/flexcom.o
                0x004004e8                flexcom_enable
 .text.flexcom_set_opmode
                0x00400674        0x4 src/ASF/sam/drivers/flexcom/flexcom.o
                0x00400674                flexcom_set_opmode
 .text.pdc_tx_init
                0x00400678       0x18 src/ASF/sam/drivers/pdc/pdc.o
                0x00400678                pdc_tx_init
 .text.pdc_enable_transfer
                0x00400690        0xc src/ASF/sam/drivers/pdc/pdc.o
                0x00400690                pdc_enable_transfer
 .text.pdc_disable_transfer
                0x0040069c       0x10 src/ASF/sam/drivers/pdc/pdc.o
                0x0040069c                pdc_disable_transfer
 .text.PDMIC_Handler
                0x004006ac       0x80 src/ASF/sam/drivers/pdm/pdm.o
 .text.PDMIC0_Handler
                0x0040072c       0x10 src/ASF/sam/drivers/pdm/pdm.o
                0x0040072c                PDMIC0_Handler
 .text.PDMIC1_Handler
                0x0040073c       0x10 src/ASF/sam/drivers/pdm/pdm.o
                0x0040073c                PDMIC1_Handler
 .text.pdm_init
                0x0040074c       0x94 src/ASF/sam/drivers/pdm/pdm.o
                0x0040074c                pdm_init
 .text.pmc_switch_mck_to_pllack
                0x004007e0       0x64 src/ASF/sam/drivers/pmc/pmc.o
                0x004007e0                pmc_switch_mck_to_pllack
 .text.pmc_switch_sclk_to_32kxtal
                0x00400844       0x24 src/ASF/sam/drivers/pmc/pmc.o
                0x00400844                pmc_switch_sclk_to_32kxtal
 .text.pmc_osc_is_ready_32kxtal
                0x00400868       0x20 src/ASF/sam/drivers/pmc/pmc.o
                0x00400868                pmc_osc_is_ready_32kxtal
 .text.pmc_disable_pllack
                0x00400888        0xc src/ASF/sam/drivers/pmc/pmc.o
                0x00400888                pmc_disable_pllack
 .text.pmc_is_locked_pllack
                0x00400894       0x10 src/ASF/sam/drivers/pmc/pmc.o
                0x00400894                pmc_is_locked_pllack
 .text.pmc_enable_periph_clk
                0x004008a4       0x54 src/ASF/sam/drivers/pmc/pmc.o
                0x004008a4                pmc_enable_periph_clk
 .text.pmc_switch_pck_to_mck
                0x004008f8       0x3c src/ASF/sam/drivers/pmc/pmc.o
                0x004008f8                pmc_switch_pck_to_mck
 .text.pmc_enable_pck
                0x00400934       0x14 src/ASF/sam/drivers/pmc/pmc.o
                0x00400934                pmc_enable_pck
 .text.pmc_disable_pck
                0x00400948       0x14 src/ASF/sam/drivers/pmc/pmc.o
                0x00400948                pmc_disable_pck
 .text.spi_set_peripheral_chip_select_value
                0x0040095c       0x16 src/ASF/sam/drivers/spi/spi.o
                0x0040095c                spi_set_peripheral_chip_select_value
 .text.spi_set_clock_polarity
                0x00400972       0x1e src/ASF/sam/drivers/spi/spi.o
                0x00400972                spi_set_clock_polarity
 .text.spi_set_clock_phase
                0x00400990       0x1e src/ASF/sam/drivers/spi/spi.o
                0x00400990                spi_set_clock_phase
 .text.spi_set_bits_per_transfer
                0x004009ae       0x14 src/ASF/sam/drivers/spi/spi.o
                0x004009ae                spi_set_bits_per_transfer
 .text.supc_set_regulator_trim_user
                0x004009c2       0x1a src/ASF/sam/drivers/supc/supc.o
                0x004009c2                supc_set_regulator_trim_user
 .text.Dummy_Handler
                0x004009dc        0x2 src/ASF/sam/utils/cmsis/samg/samg55/source/templates/gcc/startup_samg55.o
                0x004009dc                FLEXCOM1_Handler
                0x004009dc                DebugMon_Handler
                0x004009dc                HardFault_Handler
                0x004009dc                TC2_Handler
                0x004009dc                FLEXCOM4_Handler
                0x004009dc                SysTick_Handler
                0x004009dc                PendSV_Handler
                0x004009dc                NMI_Handler
                0x004009dc                ADC_Handler
                0x004009dc                CRCCU_Handler
                0x004009dc                RTT_Handler
                0x004009dc                FLEXCOM6_Handler
                0x004009dc                PIOB_Handler
                0x004009dc                RTC_Handler
                0x004009dc                UsageFault_Handler
                0x004009dc                FLEXCOM0_Handler
                0x004009dc                WDT_Handler
                0x004009dc                TC4_Handler
                0x004009dc                TC1_Handler
                0x004009dc                TC3_Handler
                0x004009dc                ARM_Handler
                0x004009dc                Dummy_Handler
                0x004009dc                PIOA_Handler
                0x004009dc                MEM2MEM_Handler
                0x004009dc                PMC_Handler
                0x004009dc                MemManage_Handler
                0x004009dc                SUPC_Handler
                0x004009dc                SVC_Handler
                0x004009dc                UHP_Handler
                0x004009dc                EFC_Handler
                0x004009dc                FLEXCOM7_Handler
                0x004009dc                I2SC0_Handler
                0x004009dc                I2SC1_Handler
                0x004009dc                FLEXCOM2_Handler
                0x004009dc                UDP_Handler
                0x004009dc                FLEXCOM3_Handler
                0x004009dc                BusFault_Handler
                0x004009dc                RSTC_Handler
                0x004009dc                TC0_Handler
                0x004009dc                TC5_Handler
 *fill*         0x004009de        0x2 
 .text.Reset_Handler
                0x004009e0       0xdc src/ASF/sam/utils/cmsis/samg/samg55/source/templates/gcc/startup_samg55.o
                0x004009e0                Reset_Handler
 .text.SystemCoreClockUpdate
                0x00400abc       0xe8 src/ASF/sam/utils/cmsis/samg/samg55/source/templates/system_samg55.o
                0x00400abc                SystemCoreClockUpdate
 .text.system_init_flash
                0x00400ba4       0x74 src/ASF/sam/utils/cmsis/samg/samg55/source/templates/system_samg55.o
                0x00400ba4                system_init_flash
 .text.FLEXCOM5_Handler
                0x00400c18       0xa0 src/main.o
                0x00400c18                FLEXCOM5_Handler
 .text.init_pdm
                0x00400cb8       0x6c src/main.o
                0x00400cb8                init_pdm
 .text.enable_pdm
                0x00400d24       0x10 src/main.o
                0x00400d24                enable_pdm
 .text.main     0x00400d34      0x1a4 src/main.o
                0x00400d34                main
 .text.__libc_init_array
                0x00400ed8       0x50 d:/program files (x86)/atmel/studio/7.0/toolchain/arm/arm-gnu-toolchain/bin/../lib/gcc/arm-none-eabi/6.3.1/../../../../arm-none-eabi/lib/thumb/v7e-m\libc.a(lib_a-init.o)
                0x00400ed8                __libc_init_array
 .text.startup.register_fini
                0x00400f28       0x14 d:/program files (x86)/atmel/studio/7.0/toolchain/arm/arm-gnu-toolchain/bin/../lib/gcc/arm-none-eabi/6.3.1/../../../../arm-none-eabi/lib/thumb/v7e-m\libc.a(lib_a-__call_atexit.o)
 .text.atexit   0x00400f3c        0xc d:/program files (x86)/atmel/studio/7.0/toolchain/arm/arm-gnu-toolchain/bin/../lib/gcc/arm-none-eabi/6.3.1/../../../../arm-none-eabi/lib/thumb/v7e-m\libc.a(lib_a-atexit.o)
                0x00400f3c                atexit
 .text.__libc_fini_array
                0x00400f48       0x34 d:/program files (x86)/atmel/studio/7.0/toolchain/arm/arm-gnu-toolchain/bin/../lib/gcc/arm-none-eabi/6.3.1/../../../../arm-none-eabi/lib/thumb/v7e-m\libc.a(lib_a-fini.o)
                0x00400f48                __libc_fini_array
 .text.__retarget_lock_acquire_recursive
                0x00400f7c        0x4 d:/program files (x86)/atmel/studio/7.0/toolchain/arm/arm-gnu-toolchain/bin/../lib/gcc/arm-none-eabi/6.3.1/../../../../arm-none-eabi/lib/thumb/v7e-m\libc.a(lib_a-lock.o)
                0x00400f7c                __retarget_lock_acquire_recursive
 .text.__retarget_lock_release_recursive
                0x00400f80        0x4 d:/program files (x86)/atmel/studio/7.0/toolchain/arm/arm-gnu-toolchain/bin/../lib/gcc/arm-none-eabi/6.3.1/../../../../arm-none-eabi/lib/thumb/v7e-m\libc.a(lib_a-lock.o)
                0x00400f80                __retarget_lock_release_recursive
 .text.__register_exitproc
                0x00400f84       0xc4 d:/program files (x86)/atmel/studio/7.0/toolchain/arm/arm-gnu-toolchain/bin/../lib/gcc/arm-none-eabi/6.3.1/../../../../arm-none-eabi/lib/thumb/v7e-m\libc.a(lib_a-__atexit.o)
                0x00400f84                __register_exitproc
 *(.glue_7t)
 .glue_7t       0x00401048        0x0 linker stubs
 *(.glue_7)
 .glue_7        0x00401048        0x0 linker stubs
 *(.rodata .rodata* .gnu.linkonce.r.*)
 .rodata._global_impure_ptr
                0x00401048        0x4 d:/program files (x86)/atmel/studio/7.0/toolchain/arm/arm-gnu-toolchain/bin/../lib/gcc/arm-none-eabi/6.3.1/../../../../arm-none-eabi/lib/thumb/v7e-m\libc.a(lib_a-impure.o)
                0x00401048                _global_impure_ptr
 *(.ARM.extab* .gnu.linkonce.armextab.*)
                0x0040104c                . = ALIGN (0x4)
 *(.init)
 .init          0x0040104c        0x4 d:/program files (x86)/atmel/studio/7.0/toolchain/arm/arm-gnu-toolchain/bin/../lib/gcc/arm-none-eabi/6.3.1/thumb/v7e-m/crti.o
                0x0040104c                _init
 .init          0x00401050        0x8 d:/program files (x86)/atmel/studio/7.0/toolchain/arm/arm-gnu-toolchain/bin/../lib/gcc/arm-none-eabi/6.3.1/thumb/v7e-m/crtn.o
                0x00401058                . = ALIGN (0x4)
                0x00401058                __preinit_array_start = .
 *(.preinit_array)
                0x00401058                __preinit_array_end = .
                0x00401058                . = ALIGN (0x4)
                0x00401058                __init_array_start = .
 *(SORT(.init_array.*))
 .init_array.00000
                0x00401058        0x4 d:/program files (x86)/atmel/studio/7.0/toolchain/arm/arm-gnu-toolchain/bin/../lib/gcc/arm-none-eabi/6.3.1/../../../../arm-none-eabi/lib/thumb/v7e-m\libc.a(lib_a-__call_atexit.o)
 *(.init_array)
 .init_array    0x0040105c        0x4 d:/program files (x86)/atmel/studio/7.0/toolchain/arm/arm-gnu-toolchain/bin/../lib/gcc/arm-none-eabi/6.3.1/thumb/v7e-m/crtbegin.o
                0x00401060                __init_array_end = .
                0x00401060                . = ALIGN (0x4)
 *crtbegin.o(.ctors)
 *(EXCLUDE_FILE(*crtend.o) .ctors)
 *(SORT(.ctors.*))
 *crtend.o(.ctors)
                0x00401060                . = ALIGN (0x4)
 *(.fini)
 .fini          0x00401060        0x4 d:/program files (x86)/atmel/studio/7.0/toolchain/arm/arm-gnu-toolchain/bin/../lib/gcc/arm-none-eabi/6.3.1/thumb/v7e-m/crti.o
                0x00401060                _fini
 .fini          0x00401064        0x8 d:/program files (x86)/atmel/studio/7.0/toolchain/arm/arm-gnu-toolchain/bin/../lib/gcc/arm-none-eabi/6.3.1/thumb/v7e-m/crtn.o
                0x0040106c                . = ALIGN (0x4)
                0x0040106c                __fini_array_start = .
 *(.fini_array)
 .fini_array    0x0040106c        0x4 d:/program files (x86)/atmel/studio/7.0/toolchain/arm/arm-gnu-toolchain/bin/../lib/gcc/arm-none-eabi/6.3.1/thumb/v7e-m/crtbegin.o
 *(SORT(.fini_array.*))
                0x00401070                __fini_array_end = .
 *crtbegin.o(.dtors)
 *(EXCLUDE_FILE(*crtend.o) .dtors)
 *(SORT(.dtors.*))
 *crtend.o(.dtors)
                0x00401070                . = ALIGN (0x4)
                0x00401070                _efixed = .
                [!provide]                PROVIDE (__exidx_start, .)

.vfp11_veneer   0x00401070        0x0
 .vfp11_veneer  0x00401070        0x0 linker stubs

.v4_bx          0x00401070        0x0
 .v4_bx         0x00401070        0x0 linker stubs

.iplt           0x00401070        0x0
 .iplt          0x00401070        0x0 d:/program files (x86)/atmel/studio/7.0/toolchain/arm/arm-gnu-toolchain/bin/../lib/gcc/arm-none-eabi/6.3.1/thumb/v7e-m/crtbegin.o

.eh_frame       0x00401070        0x0
 .eh_frame      0x00401070        0x0 d:/program files (x86)/atmel/studio/7.0/toolchain/arm/arm-gnu-toolchain/bin/../lib/gcc/arm-none-eabi/6.3.1/thumb/v7e-m/crtbegin.o

.rel.dyn        0x00401070        0x0
 .rel.iplt      0x00401070        0x0 d:/program files (x86)/atmel/studio/7.0/toolchain/arm/arm-gnu-toolchain/bin/../lib/gcc/arm-none-eabi/6.3.1/thumb/v7e-m/crtbegin.o

.jcr            0x00401070        0x0
 .jcr           0x00401070        0x0 d:/program files (x86)/atmel/studio/7.0/toolchain/arm/arm-gnu-toolchain/bin/../lib/gcc/arm-none-eabi/6.3.1/thumb/v7e-m/crtbegin.o

.igot.plt       0x00401070        0x0
 .igot.plt      0x00401070        0x0 d:/program files (x86)/atmel/studio/7.0/toolchain/arm/arm-gnu-toolchain/bin/../lib/gcc/arm-none-eabi/6.3.1/thumb/v7e-m/crtbegin.o

.ARM.exidx
 *(.ARM.exidx* .gnu.linkonce.armexidx.*)
                [!provide]                PROVIDE (__exidx_end, .)
                0x00401070                . = ALIGN (0x4)
                0x00401070                _etext = .

.relocate       0x20000000      0x4c4 load address 0x00401070
                0x20000000                . = ALIGN (0x4)
                0x20000000                _srelocate = .
 *(.ramfunc .ramfunc.*)
 .ramfunc       0x20000000       0x88 src/ASF/sam/drivers/efc/efc.o
                0x20000000                efc_perform_read_sequence
                0x20000068                efc_write_fmr
                0x2000006c                efc_perform_fcr
 *(.data .data.*)
 .data.g_interrupt_enabled
                0x20000088        0x1 src/ASF/common/utils/interrupt/interrupt_sam_nvic.o
                0x20000088                g_interrupt_enabled
 *fill*         0x20000089        0x3 
 .data.SystemCoreClock
                0x2000008c        0x4 src/ASF/sam/utils/cmsis/samg/samg55/source/templates/system_samg55.o
                0x2000008c                SystemCoreClock
 .data.g_mic_gain
                0x20000090        0x2 src/main.o
                0x20000090                g_mic_gain
 *fill*         0x20000092        0x6 
 .data.impure_data
                0x20000098      0x428 d:/program files (x86)/atmel/studio/7.0/toolchain/arm/arm-gnu-toolchain/bin/../lib/gcc/arm-none-eabi/6.3.1/../../../../arm-none-eabi/lib/thumb/v7e-m\libc.a(lib_a-impure.o)
 .data.__atexit_recursive_mutex
                0x200004c0        0x4 d:/program files (x86)/atmel/studio/7.0/toolchain/arm/arm-gnu-toolchain/bin/../lib/gcc/arm-none-eabi/6.3.1/../../../../arm-none-eabi/lib/thumb/v7e-m\libc.a(lib_a-__call_atexit.o)
                0x200004c0                __atexit_recursive_mutex
                0x200004c4                . = ALIGN (0x4)
                0x200004c4                _erelocate = .

.bss            0x200004c4       0x7c load address 0x00401534
                0x200004c4                . = ALIGN (0x4)
                0x200004c4                _sbss = .
                0x200004c4                _szero = .
 *(.bss .bss.*)
 .bss           0x200004c4       0x1c d:/program files (x86)/atmel/studio/7.0/toolchain/arm/arm-gnu-toolchain/bin/../lib/gcc/arm-none-eabi/6.3.1/thumb/v7e-m/crtbegin.o
 .bss._pdm_instances
                0x200004e0        0x8 src/ASF/sam/drivers/pdm/pdm.o
 .bss.counterClock
                0x200004e8        0x4 src/main.o
                0x200004e8                counterClock
 .bss.g_pdm0    0x200004ec       0x18 src/main.o
 .bss.gs_uc_spi_s_tbuffer
                0x20000504        0x4 src/main.o
 .bss.pdm0_data.10055
                0x20000508        0x4 src/main.o
 *(COMMON)
 COMMON         0x2000050c        0x6 src/ASF/common/services/sleepmgr/sam/sleepmgr.o
                0x2000050c                sleepmgr_locks
 *fill*         0x20000512        0x2 
 COMMON         0x20000514        0x8 src/main.o
                0x20000514                g_p_spis_pdc
                0x20000518                g_p_spim_pdc
 COMMON         0x2000051c       0x21 d:/program files (x86)/atmel/studio/7.0/toolchain/arm/arm-gnu-toolchain/bin/../lib/gcc/arm-none-eabi/6.3.1/../../../../arm-none-eabi/lib/thumb/v7e-m\libc.a(lib_a-lock.o)
                0x2000051c                __lock___atexit_recursive_mutex
                0x20000520                __lock___arc4random_mutex
                0x20000524                __lock___env_recursive_mutex
                0x20000528                __lock___sinit_recursive_mutex
                0x2000052c                __lock___malloc_recursive_mutex
                0x20000530                __lock___at_quick_exit_mutex
                0x20000534                __lock___dd_hash_mutex
                0x20000538                __lock___tz_mutex
                0x2000053c                __lock___sfp_recursive_mutex
                0x20000540                . = ALIGN (0x4)
 *fill*         0x2000053d        0x3 
                0x20000540                _ebss = .
                0x20000540                _ezero = .

.stack          0x20000540     0x3000 load address 0x004015b0
                0x20000540                . = ALIGN (0x8)
                0x20000540                _sstack = .
                0x20003540                . = (. + __stack_size__)
 *fill*         0x20000540     0x3000 
                0x20003540                . = ALIGN (0x8)
                0x20003540                _estack = .
                0x20003540                . = ALIGN (0x4)
                0x20003540                _end = .
OUTPUT(MultisensorBoard.elf elf32-littlearm)

.ARM.attributes
                0x00000000       0x2e
 .ARM.attributes
                0x00000000       0x1e d:/program files (x86)/atmel/studio/7.0/toolchain/arm/arm-gnu-toolchain/bin/../lib/gcc/arm-none-eabi/6.3.1/thumb/v7e-m/crti.o
 .ARM.attributes
                0x0000001e       0x2e d:/program files (x86)/atmel/studio/7.0/toolchain/arm/arm-gnu-toolchain/bin/../lib/gcc/arm-none-eabi/6.3.1/thumb/v7e-m/crtbegin.o
 .ARM.attributes
                0x0000004c       0x37 src/ASF/sam/drivers/tc/tc.o
 .ARM.attributes
                0x00000083       0x37 src/ASF/common/services/clock/samg/sysclk.o
 .ARM.attributes
                0x000000ba       0x37 src/ASF/common/services/sleepmgr/sam/sleepmgr.o
 .ARM.attributes
                0x000000f1       0x37 src/ASF/common/utils/interrupt/interrupt_sam_nvic.o
 .ARM.attributes
                0x00000128       0x37 src/ASF/sam/boards/samg55_xplained_pro/board_init.o
 .ARM.attributes
                0x0000015f       0x37 src/ASF/sam/drivers/efc/efc.o
 .ARM.attributes
                0x00000196       0x37 src/ASF/sam/drivers/flexcom/flexcom.o
 .ARM.attributes
                0x000001cd       0x37 src/ASF/sam/drivers/pdc/pdc.o
 .ARM.attributes
                0x00000204       0x37 src/ASF/sam/drivers/pdm/pdm.o
 .ARM.attributes
                0x0000023b       0x37 src/ASF/sam/drivers/pmc/pmc.o
 .ARM.attributes
                0x00000272       0x37 src/ASF/sam/drivers/spi/spi.o
 .ARM.attributes
                0x000002a9       0x37 src/ASF/sam/drivers/supc/supc.o
 .ARM.attributes
                0x000002e0       0x37 src/ASF/sam/utils/cmsis/samg/samg55/source/templates/gcc/startup_samg55.o
 .ARM.attributes
                0x00000317       0x37 src/ASF/sam/utils/cmsis/samg/samg55/source/templates/system_samg55.o
 .ARM.attributes
                0x0000034e       0x37 src/main.o
 .ARM.attributes
                0x00000385       0x2e d:/program files (x86)/atmel/studio/7.0/toolchain/arm/arm-gnu-toolchain/bin/../lib/gcc/arm-none-eabi/6.3.1/../../../../arm-none-eabi/lib/thumb/v7e-m\libc.a(lib_a-impure.o)
 .ARM.attributes
                0x000003b3       0x2e d:/program files (x86)/atmel/studio/7.0/toolchain/arm/arm-gnu-toolchain/bin/../lib/gcc/arm-none-eabi/6.3.1/../../../../arm-none-eabi/lib/thumb/v7e-m\libc.a(lib_a-init.o)
 .ARM.attributes
                0x000003e1       0x2e d:/program files (x86)/atmel/studio/7.0/toolchain/arm/arm-gnu-toolchain/bin/../lib/gcc/arm-none-eabi/6.3.1/../../../../arm-none-eabi/lib/thumb/v7e-m\libc.a(lib_a-__call_atexit.o)
 .ARM.attributes
                0x0000040f       0x2e d:/program files (x86)/atmel/studio/7.0/toolchain/arm/arm-gnu-toolchain/bin/../lib/gcc/arm-none-eabi/6.3.1/../../../../arm-none-eabi/lib/thumb/v7e-m\libc.a(lib_a-atexit.o)
 .ARM.attributes
                0x0000043d       0x2e d:/program files (x86)/atmel/studio/7.0/toolchain/arm/arm-gnu-toolchain/bin/../lib/gcc/arm-none-eabi/6.3.1/../../../../arm-none-eabi/lib/thumb/v7e-m\libc.a(lib_a-fini.o)
 .ARM.attributes
                0x0000046b       0x2e d:/program files (x86)/atmel/studio/7.0/toolchain/arm/arm-gnu-toolchain/bin/../lib/gcc/arm-none-eabi/6.3.1/../../../../arm-none-eabi/lib/thumb/v7e-m\libc.a(lib_a-lock.o)
 .ARM.attributes
                0x00000499       0x2e d:/program files (x86)/atmel/studio/7.0/toolchain/arm/arm-gnu-toolchain/bin/../lib/gcc/arm-none-eabi/6.3.1/../../../../arm-none-eabi/lib/thumb/v7e-m\libc.a(lib_a-__atexit.o)
 .ARM.attributes
                0x000004c7       0x1e d:/program files (x86)/atmel/studio/7.0/toolchain/arm/arm-gnu-toolchain/bin/../lib/gcc/arm-none-eabi/6.3.1/thumb/v7e-m/crtn.o

.comment        0x00000000       0x59
 .comment       0x00000000       0x59 src/ASF/sam/drivers/tc/tc.o
                                 0x5a (size before relaxing)
 .comment       0x00000059       0x5a src/ASF/common/services/clock/samg/sysclk.o
 .comment       0x00000059       0x5a src/ASF/common/services/sleepmgr/sam/sleepmgr.o
 .comment       0x00000059       0x5a src/ASF/common/utils/interrupt/interrupt_sam_nvic.o
 .comment       0x00000059       0x5a src/ASF/sam/boards/samg55_xplained_pro/board_init.o
 .comment       0x00000059       0x5a src/ASF/sam/drivers/efc/efc.o
 .comment       0x00000059       0x5a src/ASF/sam/drivers/flexcom/flexcom.o
 .comment       0x00000059       0x5a src/ASF/sam/drivers/pdc/pdc.o
 .comment       0x00000059       0x5a src/ASF/sam/drivers/pdm/pdm.o
 .comment       0x00000059       0x5a src/ASF/sam/drivers/pmc/pmc.o
 .comment       0x00000059       0x5a src/ASF/sam/drivers/spi/spi.o
 .comment       0x00000059       0x5a src/ASF/sam/drivers/supc/supc.o
 .comment       0x00000059       0x5a src/ASF/sam/utils/cmsis/samg/samg55/source/templates/gcc/startup_samg55.o
 .comment       0x00000059       0x5a src/ASF/sam/utils/cmsis/samg/samg55/source/templates/system_samg55.o
 .comment       0x00000059       0x5a src/main.o

.debug_info     0x00000000    0x11e35
 .debug_info    0x00000000     0x11e9 src/ASF/sam/drivers/tc/tc.o
 .debug_info    0x000011e9     0x131b src/ASF/common/services/clock/samg/sysclk.o
 .debug_info    0x00002504      0xa8e src/ASF/common/services/sleepmgr/sam/sleepmgr.o
 .debug_info    0x00002f92      0xb01 src/ASF/common/utils/interrupt/interrupt_sam_nvic.o
 .debug_info    0x00003a93     0x20a2 src/ASF/sam/boards/samg55_xplained_pro/board_init.o
 .debug_info    0x00005b35     0x10ca src/ASF/sam/drivers/efc/efc.o
 .debug_info    0x00006bff     0x1490 src/ASF/sam/drivers/flexcom/flexcom.o
 .debug_info    0x0000808f      0xdbc src/ASF/sam/drivers/pdc/pdc.o
 .debug_info    0x00008e4b     0x110d src/ASF/sam/drivers/pdm/pdm.o
 .debug_info    0x00009f58     0x1bde src/ASF/sam/drivers/pmc/pmc.o
 .debug_info    0x0000bb36     0x144c src/ASF/sam/drivers/spi/spi.o
 .debug_info    0x0000cf82      0xe27 src/ASF/sam/drivers/supc/supc.o
 .debug_info    0x0000dda9     0x1384 src/ASF/sam/utils/cmsis/samg/samg55/source/templates/gcc/startup_samg55.o
 .debug_info    0x0000f12d      0x53e src/ASF/sam/utils/cmsis/samg/samg55/source/templates/system_samg55.o
 .debug_info    0x0000f66b     0x27ca src/main.o

.debug_abbrev   0x00000000     0x2aa3
 .debug_abbrev  0x00000000      0x2a0 src/ASF/sam/drivers/tc/tc.o
 .debug_abbrev  0x000002a0      0x336 src/ASF/common/services/clock/samg/sysclk.o
 .debug_abbrev  0x000005d6      0x1b2 src/ASF/common/services/sleepmgr/sam/sleepmgr.o
 .debug_abbrev  0x00000788      0x212 src/ASF/common/utils/interrupt/interrupt_sam_nvic.o
 .debug_abbrev  0x0000099a      0x2e4 src/ASF/sam/boards/samg55_xplained_pro/board_init.o
 .debug_abbrev  0x00000c7e      0x3a9 src/ASF/sam/drivers/efc/efc.o
 .debug_abbrev  0x00001027      0x372 src/ASF/sam/drivers/flexcom/flexcom.o
 .debug_abbrev  0x00001399      0x230 src/ASF/sam/drivers/pdc/pdc.o
 .debug_abbrev  0x000015c9      0x378 src/ASF/sam/drivers/pdm/pdm.o
 .debug_abbrev  0x00001941      0x35c src/ASF/sam/drivers/pmc/pmc.o
 .debug_abbrev  0x00001c9d      0x3b2 src/ASF/sam/drivers/spi/spi.o
 .debug_abbrev  0x0000204f      0x24e src/ASF/sam/drivers/supc/supc.o
 .debug_abbrev  0x0000229d      0x2c6 src/ASF/sam/utils/cmsis/samg/samg55/source/templates/gcc/startup_samg55.o
 .debug_abbrev  0x00002563      0x102 src/ASF/sam/utils/cmsis/samg/samg55/source/templates/system_samg55.o
 .debug_abbrev  0x00002665      0x43e src/main.o

.debug_loc      0x00000000     0x34c2
 .debug_loc     0x00000000      0x562 src/ASF/sam/drivers/tc/tc.o
 .debug_loc     0x00000562      0x184 src/ASF/common/services/clock/samg/sysclk.o
 .debug_loc     0x000006e6      0x528 src/ASF/sam/boards/samg55_xplained_pro/board_init.o
 .debug_loc     0x00000c0e      0x5bf src/ASF/sam/drivers/efc/efc.o
 .debug_loc     0x000011cd      0x3c6 src/ASF/sam/drivers/flexcom/flexcom.o
 .debug_loc     0x00001593      0x1c3 src/ASF/sam/drivers/pdc/pdc.o
 .debug_loc     0x00001756      0x2e5 src/ASF/sam/drivers/pdm/pdm.o
 .debug_loc     0x00001a3b      0xc7c src/ASF/sam/drivers/pmc/pmc.o
 .debug_loc     0x000026b7      0x82c src/ASF/sam/drivers/spi/spi.o
 .debug_loc     0x00002ee3      0x1a0 src/ASF/sam/drivers/supc/supc.o
 .debug_loc     0x00003083       0x77 src/ASF/sam/utils/cmsis/samg/samg55/source/templates/gcc/startup_samg55.o
 .debug_loc     0x000030fa      0x3c8 src/main.o

.debug_aranges  0x00000000      0x6e8
 .debug_aranges
                0x00000000       0xb0 src/ASF/sam/drivers/tc/tc.o
 .debug_aranges
                0x000000b0       0x30 src/ASF/common/services/clock/samg/sysclk.o
 .debug_aranges
                0x000000e0       0x18 src/ASF/common/services/sleepmgr/sam/sleepmgr.o
 .debug_aranges
                0x000000f8       0x28 src/ASF/common/utils/interrupt/interrupt_sam_nvic.o
 .debug_aranges
                0x00000120       0x20 src/ASF/sam/boards/samg55_xplained_pro/board_init.o
 .debug_aranges
                0x00000140       0x90 src/ASF/sam/drivers/efc/efc.o
 .debug_aranges
                0x000001d0       0x48 src/ASF/sam/drivers/flexcom/flexcom.o
 .debug_aranges
                0x00000218       0x88 src/ASF/sam/drivers/pdc/pdc.o
 .debug_aranges
                0x000002a0       0x50 src/ASF/sam/drivers/pdm/pdm.o
 .debug_aranges
                0x000002f0      0x240 src/ASF/sam/drivers/pmc/pmc.o
 .debug_aranges
                0x00000530       0x90 src/ASF/sam/drivers/spi/spi.o
 .debug_aranges
                0x000005c0       0x98 src/ASF/sam/drivers/supc/supc.o
 .debug_aranges
                0x00000658       0x28 src/ASF/sam/utils/cmsis/samg/samg55/source/templates/gcc/startup_samg55.o
 .debug_aranges
                0x00000680       0x30 src/ASF/sam/utils/cmsis/samg/samg55/source/templates/system_samg55.o
 .debug_aranges
                0x000006b0       0x38 src/main.o

.debug_ranges   0x00000000      0x620
 .debug_ranges  0x00000000       0xa0 src/ASF/sam/drivers/tc/tc.o
 .debug_ranges  0x000000a0       0x20 src/ASF/common/services/clock/samg/sysclk.o
 .debug_ranges  0x000000c0       0x18 src/ASF/common/utils/interrupt/interrupt_sam_nvic.o
 .debug_ranges  0x000000d8       0x10 src/ASF/sam/boards/samg55_xplained_pro/board_init.o
 .debug_ranges  0x000000e8       0x80 src/ASF/sam/drivers/efc/efc.o
 .debug_ranges  0x00000168       0x68 src/ASF/sam/drivers/flexcom/flexcom.o
 .debug_ranges  0x000001d0       0x78 src/ASF/sam/drivers/pdc/pdc.o
 .debug_ranges  0x00000248       0x40 src/ASF/sam/drivers/pdm/pdm.o
 .debug_ranges  0x00000288      0x230 src/ASF/sam/drivers/pmc/pmc.o
 .debug_ranges  0x000004b8       0x80 src/ASF/sam/drivers/spi/spi.o
 .debug_ranges  0x00000538       0x88 src/ASF/sam/drivers/supc/supc.o
 .debug_ranges  0x000005c0       0x18 src/ASF/sam/utils/cmsis/samg/samg55/source/templates/gcc/startup_samg55.o
 .debug_ranges  0x000005d8       0x20 src/ASF/sam/utils/cmsis/samg/samg55/source/templates/system_samg55.o
 .debug_ranges  0x000005f8       0x28 src/main.o

.debug_macro    0x00000000    0x1433a
 .debug_macro   0x00000000      0x615 src/ASF/sam/drivers/tc/tc.o
 .debug_macro   0x00000615      0x8ce src/ASF/sam/drivers/tc/tc.o
 .debug_macro   0x00000ee3       0x22 src/ASF/sam/drivers/tc/tc.o
 .debug_macro   0x00000f05       0x52 src/ASF/sam/drivers/tc/tc.o
 .debug_macro   0x00000f57       0x8d src/ASF/sam/drivers/tc/tc.o
 .debug_macro   0x00000fe4       0x35 src/ASF/sam/drivers/tc/tc.o
 .debug_macro   0x00001019       0x9c src/ASF/sam/drivers/tc/tc.o
 .debug_macro   0x000010b5       0x16 src/ASF/sam/drivers/tc/tc.o
 .debug_macro   0x000010cb      0x16d src/ASF/sam/drivers/tc/tc.o
 .debug_macro   0x00001238      0x652 src/ASF/sam/drivers/tc/tc.o
 .debug_macro   0x0000188a       0x76 src/ASF/sam/drivers/tc/tc.o
 .debug_macro   0x00001900       0x16 src/ASF/sam/drivers/tc/tc.o
 .debug_macro   0x00001916      0x6e4 src/ASF/sam/drivers/tc/tc.o
 .debug_macro   0x00001ffa       0x57 src/ASF/sam/drivers/tc/tc.o
 .debug_macro   0x00002051       0xef src/ASF/sam/drivers/tc/tc.o
 .debug_macro   0x00002140       0x6a src/ASF/sam/drivers/tc/tc.o
 .debug_macro   0x000021aa      0x1df src/ASF/sam/drivers/tc/tc.o
 .debug_macro   0x00002389       0x27 src/ASF/sam/drivers/tc/tc.o
 .debug_macro   0x000023b0       0x3b src/ASF/sam/drivers/tc/tc.o
 .debug_macro   0x000023eb       0x2d src/ASF/sam/drivers/tc/tc.o
 .debug_macro   0x00002418       0x26 src/ASF/sam/drivers/tc/tc.o
 .debug_macro   0x0000243e      0xd39 src/ASF/sam/drivers/tc/tc.o
 .debug_macro   0x00003177      0x7a4 src/ASF/sam/drivers/tc/tc.o
 .debug_macro   0x0000391b      0x19e src/ASF/sam/drivers/tc/tc.o
 .debug_macro   0x00003ab9      0x13e src/ASF/sam/drivers/tc/tc.o
 .debug_macro   0x00003bf7       0xbe src/ASF/sam/drivers/tc/tc.o
 .debug_macro   0x00003cb5      0x11e src/ASF/sam/drivers/tc/tc.o
 .debug_macro   0x00003dd3       0x4c src/ASF/sam/drivers/tc/tc.o
 .debug_macro   0x00003e1f       0x1c src/ASF/sam/drivers/tc/tc.o
 .debug_macro   0x00003e3b      0x3bf src/ASF/sam/drivers/tc/tc.o
 .debug_macro   0x000041fa      0x31f src/ASF/sam/drivers/tc/tc.o
 .debug_macro   0x00004519      0x15e src/ASF/sam/drivers/tc/tc.o
 .debug_macro   0x00004677       0xee src/ASF/sam/drivers/tc/tc.o
 .debug_macro   0x00004765      0x1ff src/ASF/sam/drivers/tc/tc.o
 .debug_macro   0x00004964     0x25e8 src/ASF/sam/drivers/tc/tc.o
 .debug_macro   0x00006f4c      0xc32 src/ASF/sam/drivers/tc/tc.o
 .debug_macro   0x00007b7e       0xa6 src/ASF/sam/drivers/tc/tc.o
 .debug_macro   0x00007c24      0x37c src/ASF/sam/drivers/tc/tc.o
 .debug_macro   0x00007fa0       0xee src/ASF/sam/drivers/tc/tc.o
 .debug_macro   0x0000808e      0x436 src/ASF/sam/drivers/tc/tc.o
 .debug_macro   0x000084c4      0x710 src/ASF/sam/drivers/tc/tc.o
 .debug_macro   0x00008bd4      0x5c6 src/ASF/sam/drivers/tc/tc.o
 .debug_macro   0x0000919a      0x65c src/ASF/sam/drivers/tc/tc.o
 .debug_macro   0x000097f6      0x291 src/ASF/sam/drivers/tc/tc.o
 .debug_macro   0x00009a87      0x3df src/ASF/sam/drivers/tc/tc.o
 .debug_macro   0x00009e66      0x7d7 src/ASF/sam/drivers/tc/tc.o
 .debug_macro   0x0000a63d       0x76 src/ASF/sam/drivers/tc/tc.o
 .debug_macro   0x0000a6b3       0x82 src/ASF/sam/drivers/tc/tc.o
 .debug_macro   0x0000a735       0x82 src/ASF/sam/drivers/tc/tc.o
 .debug_macro   0x0000a7b7       0x1c src/ASF/sam/drivers/tc/tc.o
 .debug_macro   0x0000a7d3       0xb8 src/ASF/sam/drivers/tc/tc.o
 .debug_macro   0x0000a88b       0x8e src/ASF/sam/drivers/tc/tc.o
 .debug_macro   0x0000a919       0xac src/ASF/sam/drivers/tc/tc.o
 .debug_macro   0x0000a9c5       0x1c src/ASF/sam/drivers/tc/tc.o
 .debug_macro   0x0000a9e1       0xb8 src/ASF/sam/drivers/tc/tc.o
 .debug_macro   0x0000aa99       0x8e src/ASF/sam/drivers/tc/tc.o
 .debug_macro   0x0000ab27       0xac src/ASF/sam/drivers/tc/tc.o
 .debug_macro   0x0000abd3      0x10d src/ASF/sam/drivers/tc/tc.o
 .debug_macro   0x0000ace0       0xe2 src/ASF/sam/drivers/tc/tc.o
 .debug_macro   0x0000adc2       0x1c src/ASF/sam/drivers/tc/tc.o
 .debug_macro   0x0000adde       0xb8 src/ASF/sam/drivers/tc/tc.o
 .debug_macro   0x0000ae96       0x8e src/ASF/sam/drivers/tc/tc.o
 .debug_macro   0x0000af24       0xac src/ASF/sam/drivers/tc/tc.o
 .debug_macro   0x0000afd0       0x1c src/ASF/sam/drivers/tc/tc.o
 .debug_macro   0x0000afec       0xb8 src/ASF/sam/drivers/tc/tc.o
 .debug_macro   0x0000b0a4       0x8e src/ASF/sam/drivers/tc/tc.o
 .debug_macro   0x0000b132       0xac src/ASF/sam/drivers/tc/tc.o
 .debug_macro   0x0000b1de       0x1c src/ASF/sam/drivers/tc/tc.o
 .debug_macro   0x0000b1fa       0xb8 src/ASF/sam/drivers/tc/tc.o
 .debug_macro   0x0000b2b2       0x8e src/ASF/sam/drivers/tc/tc.o
 .debug_macro   0x0000b340       0xac src/ASF/sam/drivers/tc/tc.o
 .debug_macro   0x0000b3ec       0x1c src/ASF/sam/drivers/tc/tc.o
 .debug_macro   0x0000b408       0xb8 src/ASF/sam/drivers/tc/tc.o
 .debug_macro   0x0000b4c0       0x8e src/ASF/sam/drivers/tc/tc.o
 .debug_macro   0x0000b54e       0xac src/ASF/sam/drivers/tc/tc.o
 .debug_macro   0x0000b5fa       0x6a src/ASF/sam/drivers/tc/tc.o
 .debug_macro   0x0000b664       0x70 src/ASF/sam/drivers/tc/tc.o
 .debug_macro   0x0000b6d4       0x70 src/ASF/sam/drivers/tc/tc.o
 .debug_macro   0x0000b744       0x1c src/ASF/sam/drivers/tc/tc.o
 .debug_macro   0x0000b760       0xb8 src/ASF/sam/drivers/tc/tc.o
 .debug_macro   0x0000b818       0x8e src/ASF/sam/drivers/tc/tc.o
 .debug_macro   0x0000b8a6       0xac src/ASF/sam/drivers/tc/tc.o
 .debug_macro   0x0000b952       0xa6 src/ASF/sam/drivers/tc/tc.o
 .debug_macro   0x0000b9f8       0x46 src/ASF/sam/drivers/tc/tc.o
 .debug_macro   0x0000ba3e       0x1c src/ASF/sam/drivers/tc/tc.o
 .debug_macro   0x0000ba5a       0xb8 src/ASF/sam/drivers/tc/tc.o
 .debug_macro   0x0000bb12       0x8e src/ASF/sam/drivers/tc/tc.o
 .debug_macro   0x0000bba0       0xac src/ASF/sam/drivers/tc/tc.o
 .debug_macro   0x0000bc4c       0x52 src/ASF/sam/drivers/tc/tc.o
 .debug_macro   0x0000bc9e       0x64 src/ASF/sam/drivers/tc/tc.o
 .debug_macro   0x0000bd02       0x8e src/ASF/sam/drivers/tc/tc.o
 .debug_macro   0x0000bd90       0x58 src/ASF/sam/drivers/tc/tc.o
 .debug_macro   0x0000bde8       0xb8 src/ASF/sam/drivers/tc/tc.o
 .debug_macro   0x0000bea0       0x16 src/ASF/sam/drivers/tc/tc.o
 .debug_macro   0x0000beb6       0x28 src/ASF/sam/drivers/tc/tc.o
 .debug_macro   0x0000bede      0x135 src/ASF/sam/drivers/tc/tc.o
 .debug_macro   0x0000c013      0x135 src/ASF/sam/drivers/tc/tc.o
 .debug_macro   0x0000c148       0x1c src/ASF/sam/drivers/tc/tc.o
 .debug_macro   0x0000c164       0x34 src/ASF/sam/drivers/tc/tc.o
 .debug_macro   0x0000c198       0x28 src/ASF/sam/drivers/tc/tc.o
 .debug_macro   0x0000c1c0       0x1c src/ASF/sam/drivers/tc/tc.o
 .debug_macro   0x0000c1dc       0x5e src/ASF/sam/drivers/tc/tc.o
 .debug_macro   0x0000c23a       0x10 src/ASF/sam/drivers/tc/tc.o
 .debug_macro   0x0000c24a      0x353 src/ASF/sam/drivers/tc/tc.o
 .debug_macro   0x0000c59d      0xb4f src/ASF/sam/drivers/tc/tc.o
 .debug_macro   0x0000d0ec       0xc8 src/ASF/sam/drivers/tc/tc.o
 .debug_macro   0x0000d1b4       0x1c src/ASF/sam/drivers/tc/tc.o
 .debug_macro   0x0000d1d0       0x35 src/ASF/sam/drivers/tc/tc.o
 .debug_macro   0x0000d205      0x353 src/ASF/sam/drivers/tc/tc.o
 .debug_macro   0x0000d558       0x10 src/ASF/sam/drivers/tc/tc.o
 .debug_macro   0x0000d568       0x58 src/ASF/sam/drivers/tc/tc.o
 .debug_macro   0x0000d5c0       0x1f src/ASF/sam/drivers/tc/tc.o
 .debug_macro   0x0000d5df       0x43 src/ASF/sam/drivers/tc/tc.o
 .debug_macro   0x0000d622       0x20 src/ASF/sam/drivers/tc/tc.o
 .debug_macro   0x0000d642      0x187 src/ASF/sam/drivers/tc/tc.o
 .debug_macro   0x0000d7c9       0x10 src/ASF/sam/drivers/tc/tc.o
 .debug_macro   0x0000d7d9       0x1c src/ASF/sam/drivers/tc/tc.o
 .debug_macro   0x0000d7f5       0x52 src/ASF/sam/drivers/tc/tc.o
 .debug_macro   0x0000d847       0x40 src/ASF/sam/drivers/tc/tc.o
 .debug_macro   0x0000d887       0x10 src/ASF/sam/drivers/tc/tc.o
 .debug_macro   0x0000d897       0x40 src/ASF/sam/drivers/tc/tc.o
 .debug_macro   0x0000d8d7       0xd7 src/ASF/sam/drivers/tc/tc.o
 .debug_macro   0x0000d9ae       0x16 src/ASF/sam/drivers/tc/tc.o
 .debug_macro   0x0000d9c4      0x18b src/ASF/sam/drivers/tc/tc.o
 .debug_macro   0x0000db4f       0x22 src/ASF/sam/drivers/tc/tc.o
 .debug_macro   0x0000db71       0x16 src/ASF/sam/drivers/tc/tc.o
 .debug_macro   0x0000db87       0x16 src/ASF/sam/drivers/tc/tc.o
 .debug_macro   0x0000db9d       0x29 src/ASF/sam/drivers/tc/tc.o
 .debug_macro   0x0000dbc6       0x75 src/ASF/sam/drivers/tc/tc.o
 .debug_macro   0x0000dc3b       0x3f src/ASF/sam/drivers/tc/tc.o
 .debug_macro   0x0000dc7a      0x3ca src/ASF/sam/drivers/tc/tc.o
 .debug_macro   0x0000e044      0x69c src/ASF/common/services/clock/samg/sysclk.o
 .debug_macro   0x0000e6e0      0x2b9 src/ASF/common/services/clock/samg/sysclk.o
 .debug_macro   0x0000e999      0x627 src/ASF/common/services/sleepmgr/sam/sleepmgr.o
 .debug_macro   0x0000efc0      0x5fd src/ASF/common/utils/interrupt/interrupt_sam_nvic.o
 .debug_macro   0x0000f5bd      0x6a9 src/ASF/sam/boards/samg55_xplained_pro/board_init.o
 .debug_macro   0x0000fc66       0x82 src/ASF/sam/boards/samg55_xplained_pro/board_init.o
 .debug_macro   0x0000fce8      0x625 src/ASF/sam/drivers/efc/efc.o
 .debug_macro   0x0001030d       0x94 src/ASF/sam/drivers/efc/efc.o
 .debug_macro   0x000103a1      0x6c7 src/ASF/sam/drivers/flexcom/flexcom.o
 .debug_macro   0x00010a68      0x608 src/ASF/sam/drivers/pdc/pdc.o
 .debug_macro   0x00011070      0x6a2 src/ASF/sam/drivers/pdm/pdm.o
 .debug_macro   0x00011712       0x1f src/ASF/sam/drivers/pdm/pdm.o
 .debug_macro   0x00011731      0x613 src/ASF/sam/drivers/pmc/pmc.o
 .debug_macro   0x00011d44       0x70 src/ASF/sam/drivers/pmc/pmc.o
 .debug_macro   0x00011db4      0x691 src/ASF/sam/drivers/spi/spi.o
 .debug_macro   0x00012445       0x10 src/ASF/sam/drivers/spi/spi.o
 .debug_macro   0x00012455      0x608 src/ASF/sam/drivers/supc/supc.o
 .debug_macro   0x00012a5d      0x61a src/ASF/sam/utils/cmsis/samg/samg55/source/templates/gcc/startup_samg55.o
 .debug_macro   0x00013077       0x10 src/ASF/sam/utils/cmsis/samg/samg55/source/templates/gcc/startup_samg55.o
 .debug_macro   0x00013087      0x40f src/ASF/sam/utils/cmsis/samg/samg55/source/templates/system_samg55.o
 .debug_macro   0x00013496      0x7fa src/main.o
 .debug_macro   0x00013c90       0x82 src/main.o
 .debug_macro   0x00013d12      0x45d src/main.o
 .debug_macro   0x0001416f       0xfd src/main.o
 .debug_macro   0x0001426c       0xa2 src/main.o
 .debug_macro   0x0001430e       0x16 src/main.o
 .debug_macro   0x00014324       0x16 src/main.o

.debug_line     0x00000000     0xacae
 .debug_line    0x00000000      0xaf7 src/ASF/sam/drivers/tc/tc.o
 .debug_line    0x00000af7      0xb4f src/ASF/common/services/clock/samg/sysclk.o
 .debug_line    0x00001646      0xa07 src/ASF/common/services/sleepmgr/sam/sleepmgr.o
 .debug_line    0x0000204d      0x9b9 src/ASF/common/utils/interrupt/interrupt_sam_nvic.o
 .debug_line    0x00002a06      0xc1e src/ASF/sam/boards/samg55_xplained_pro/board_init.o
 .debug_line    0x00003624      0xaf3 src/ASF/sam/drivers/efc/efc.o
 .debug_line    0x00004117      0xd39 src/ASF/sam/drivers/flexcom/flexcom.o
 .debug_line    0x00004e50      0xa7b src/ASF/sam/drivers/pdc/pdc.o
 .debug_line    0x000058cb      0xb9c src/ASF/sam/drivers/pdm/pdm.o
 .debug_line    0x00006467      0xfaf src/ASF/sam/drivers/pmc/pmc.o
 .debug_line    0x00007416      0xc21 src/ASF/sam/drivers/spi/spi.o
 .debug_line    0x00008037      0xa99 src/ASF/sam/drivers/supc/supc.o
 .debug_line    0x00008ad0      0xa33 src/ASF/sam/utils/cmsis/samg/samg55/source/templates/gcc/startup_samg55.o
 .debug_line    0x00009503      0x7a3 src/ASF/sam/utils/cmsis/samg/samg55/source/templates/system_samg55.o
 .debug_line    0x00009ca6     0x1008 src/main.o

.debug_str      0x00000000    0x5340f
 .debug_str     0x00000000    0x49d71 src/ASF/sam/drivers/tc/tc.o
                              0x4a0f0 (size before relaxing)
 .debug_str     0x00049d71     0x4932 src/ASF/common/services/clock/samg/sysclk.o
                              0x4e7a8 (size before relaxing)
 .debug_str     0x0004e6a3      0x1b9 src/ASF/common/services/sleepmgr/sam/sleepmgr.o
                              0x49f67 (size before relaxing)
 .debug_str     0x0004e85c       0x94 src/ASF/common/utils/interrupt/interrupt_sam_nvic.o
                              0x49e2b (size before relaxing)
 .debug_str     0x0004e8f0      0x7ac src/ASF/sam/boards/samg55_xplained_pro/board_init.o
                              0x4e973 (size before relaxing)
 .debug_str     0x0004f09c      0x2fb src/ASF/sam/drivers/efc/efc.o
                              0x4a310 (size before relaxing)
 .debug_str     0x0004f397      0x1e4 src/ASF/sam/drivers/flexcom/flexcom.o
                              0x4e52d (size before relaxing)
 .debug_str     0x0004f57b      0x1f4 src/ASF/sam/drivers/pdc/pdc.o
                              0x49f8c (size before relaxing)
 .debug_str     0x0004f76f      0x447 src/ASF/sam/drivers/pdm/pdm.o
                              0x4e631 (size before relaxing)
 .debug_str     0x0004fbb6      0x6af src/ASF/sam/drivers/pmc/pmc.o
                              0x4a99e (size before relaxing)
 .debug_str     0x00050265      0x41c src/ASF/sam/drivers/spi/spi.o
                              0x4e5cd (size before relaxing)
 .debug_str     0x00050681      0x1ff src/ASF/sam/drivers/supc/supc.o
                              0x4a02e (size before relaxing)
 .debug_str     0x00050880      0x6a5 src/ASF/sam/utils/cmsis/samg/samg55/source/templates/gcc/startup_samg55.o
                              0x4a53e (size before relaxing)
 .debug_str     0x00050f25      0x165 src/ASF/sam/utils/cmsis/samg/samg55/source/templates/system_samg55.o
                              0x3a78f (size before relaxing)
 .debug_str     0x0005108a     0x2385 src/main.o
                              0x515d5 (size before relaxing)

.debug_frame    0x00000000      0xf40
 .debug_frame   0x00000000      0x168 src/ASF/sam/drivers/tc/tc.o
 .debug_frame   0x00000168       0x64 src/ASF/common/services/clock/samg/sysclk.o
 .debug_frame   0x000001cc       0x30 src/ASF/common/utils/interrupt/interrupt_sam_nvic.o
 .debug_frame   0x000001fc       0x2c src/ASF/sam/boards/samg55_xplained_pro/board_init.o
 .debug_frame   0x00000228      0x168 src/ASF/sam/drivers/efc/efc.o
 .debug_frame   0x00000390       0x94 src/ASF/sam/drivers/flexcom/flexcom.o
 .debug_frame   0x00000424       0xf0 src/ASF/sam/drivers/pdc/pdc.o
 .debug_frame   0x00000514       0xa4 src/ASF/sam/drivers/pdm/pdm.o
 .debug_frame   0x000005b8      0x480 src/ASF/sam/drivers/pmc/pmc.o
 .debug_frame   0x00000a38      0x140 src/ASF/sam/drivers/spi/spi.o
 .debug_frame   0x00000b78      0x110 src/ASF/sam/drivers/supc/supc.o
 .debug_frame   0x00000c88       0x38 src/ASF/sam/utils/cmsis/samg/samg55/source/templates/gcc/startup_samg55.o
 .debug_frame   0x00000cc0       0x40 src/ASF/sam/utils/cmsis/samg/samg55/source/templates/system_samg55.o
 .debug_frame   0x00000d00       0x80 src/main.o
 .debug_frame   0x00000d80       0x2c d:/program files (x86)/atmel/studio/7.0/toolchain/arm/arm-gnu-toolchain/bin/../lib/gcc/arm-none-eabi/6.3.1/../../../../arm-none-eabi/lib/thumb/v7e-m\libc.a(lib_a-init.o)
 .debug_frame   0x00000dac       0x5c d:/program files (x86)/atmel/studio/7.0/toolchain/arm/arm-gnu-toolchain/bin/../lib/gcc/arm-none-eabi/6.3.1/../../../../arm-none-eabi/lib/thumb/v7e-m\libc.a(lib_a-__call_atexit.o)
 .debug_frame   0x00000e08       0x20 d:/program files (x86)/atmel/studio/7.0/toolchain/arm/arm-gnu-toolchain/bin/../lib/gcc/arm-none-eabi/6.3.1/../../../../arm-none-eabi/lib/thumb/v7e-m\libc.a(lib_a-atexit.o)
 .debug_frame   0x00000e28       0x34 d:/program files (x86)/atmel/studio/7.0/toolchain/arm/arm-gnu-toolchain/bin/../lib/gcc/arm-none-eabi/6.3.1/../../../../arm-none-eabi/lib/thumb/v7e-m\libc.a(lib_a-fini.o)
 .debug_frame   0x00000e5c       0xb0 d:/program files (x86)/atmel/studio/7.0/toolchain/arm/arm-gnu-toolchain/bin/../lib/gcc/arm-none-eabi/6.3.1/../../../../arm-none-eabi/lib/thumb/v7e-m\libc.a(lib_a-lock.o)
 .debug_frame   0x00000f0c       0x34 d:/program files (x86)/atmel/studio/7.0/toolchain/arm/arm-gnu-toolchain/bin/../lib/gcc/arm-none-eabi/6.3.1/../../../../arm-none-eabi/lib/thumb/v7e-m\libc.a(lib_a-__atexit.o)

Cross Reference Table

Symbol                                            File
ADC_Handler                                       src/ASF/sam/utils/cmsis/samg/samg55/source/templates/gcc/startup_samg55.o
ARM_Handler                                       src/ASF/sam/utils/cmsis/samg/samg55/source/templates/gcc/startup_samg55.o
BusFault_Handler                                  src/ASF/sam/utils/cmsis/samg/samg55/source/templates/gcc/startup_samg55.o
CRCCU_Handler                                     src/ASF/sam/utils/cmsis/samg/samg55/source/templates/gcc/startup_samg55.o
DebugMon_Handler                                  src/ASF/sam/utils/cmsis/samg/samg55/source/templates/gcc/startup_samg55.o
Dummy_Handler                                     src/ASF/sam/utils/cmsis/samg/samg55/source/templates/gcc/startup_samg55.o
EFC_Handler                                       src/ASF/sam/utils/cmsis/samg/samg55/source/templates/gcc/startup_samg55.o
FLEXCOM0_Handler                                  src/ASF/sam/utils/cmsis/samg/samg55/source/templates/gcc/startup_samg55.o
FLEXCOM1_Handler                                  src/ASF/sam/utils/cmsis/samg/samg55/source/templates/gcc/startup_samg55.o
FLEXCOM2_Handler                                  src/ASF/sam/utils/cmsis/samg/samg55/source/templates/gcc/startup_samg55.o
FLEXCOM3_Handler                                  src/ASF/sam/utils/cmsis/samg/samg55/source/templates/gcc/startup_samg55.o
FLEXCOM4_Handler                                  src/ASF/sam/utils/cmsis/samg/samg55/source/templates/gcc/startup_samg55.o
FLEXCOM5_Handler                                  src/main.o
                                                  src/ASF/sam/utils/cmsis/samg/samg55/source/templates/gcc/startup_samg55.o
FLEXCOM6_Handler                                  src/ASF/sam/utils/cmsis/samg/samg55/source/templates/gcc/startup_samg55.o
FLEXCOM7_Handler                                  src/ASF/sam/utils/cmsis/samg/samg55/source/templates/gcc/startup_samg55.o
HardFault_Handler                                 src/ASF/sam/utils/cmsis/samg/samg55/source/templates/gcc/startup_samg55.o
I2SC0_Handler                                     src/ASF/sam/utils/cmsis/samg/samg55/source/templates/gcc/startup_samg55.o
I2SC1_Handler                                     src/ASF/sam/utils/cmsis/samg/samg55/source/templates/gcc/startup_samg55.o
MEM2MEM_Handler                                   src/ASF/sam/utils/cmsis/samg/samg55/source/templates/gcc/startup_samg55.o
MemManage_Handler                                 src/ASF/sam/utils/cmsis/samg/samg55/source/templates/gcc/startup_samg55.o
NMI_Handler                                       src/ASF/sam/utils/cmsis/samg/samg55/source/templates/gcc/startup_samg55.o
PDMIC0_Handler                                    src/ASF/sam/drivers/pdm/pdm.o
PDMIC1_Handler                                    src/ASF/sam/drivers/pdm/pdm.o
PIOA_Handler                                      src/ASF/sam/utils/cmsis/samg/samg55/source/templates/gcc/startup_samg55.o
PIOB_Handler                                      src/ASF/sam/utils/cmsis/samg/samg55/source/templates/gcc/startup_samg55.o
PMC_Handler                                       src/ASF/sam/utils/cmsis/samg/samg55/source/templates/gcc/startup_samg55.o
PendSV_Handler                                    src/ASF/sam/utils/cmsis/samg/samg55/source/templates/gcc/startup_samg55.o
RSTC_Handler                                      src/ASF/sam/utils/cmsis/samg/samg55/source/templates/gcc/startup_samg55.o
RTC_Handler                                       src/ASF/sam/utils/cmsis/samg/samg55/source/templates/gcc/startup_samg55.o
RTT_Handler                                       src/ASF/sam/utils/cmsis/samg/samg55/source/templates/gcc/startup_samg55.o
Reset_Handler                                     src/ASF/sam/utils/cmsis/samg/samg55/source/templates/gcc/startup_samg55.o
SUPC_Handler                                      src/ASF/sam/utils/cmsis/samg/samg55/source/templates/gcc/startup_samg55.o
SVC_Handler                                       src/ASF/sam/utils/cmsis/samg/samg55/source/templates/gcc/startup_samg55.o
SysTick_Handler                                   src/ASF/sam/utils/cmsis/samg/samg55/source/templates/gcc/startup_samg55.o
SystemCoreClock                                   src/ASF/sam/utils/cmsis/samg/samg55/source/templates/system_samg55.o
                                                  src/ASF/common/services/clock/samg/sysclk.o
SystemCoreClockUpdate                             src/ASF/sam/utils/cmsis/samg/samg55/source/templates/system_samg55.o
                                                  src/ASF/common/services/clock/samg/sysclk.o
SystemInit                                        src/ASF/sam/utils/cmsis/samg/samg55/source/templates/system_samg55.o
TC0_Handler                                       src/ASF/sam/utils/cmsis/samg/samg55/source/templates/gcc/startup_samg55.o
TC1_Handler                                       src/ASF/sam/utils/cmsis/samg/samg55/source/templates/gcc/startup_samg55.o
TC2_Handler                                       src/ASF/sam/utils/cmsis/samg/samg55/source/templates/gcc/startup_samg55.o
TC3_Handler                                       src/ASF/sam/utils/cmsis/samg/samg55/source/templates/gcc/startup_samg55.o
TC4_Handler                                       src/ASF/sam/utils/cmsis/samg/samg55/source/templates/gcc/startup_samg55.o
TC5_Handler                                       src/ASF/sam/utils/cmsis/samg/samg55/source/templates/gcc/startup_samg55.o
UDP_Handler                                       src/ASF/sam/utils/cmsis/samg/samg55/source/templates/gcc/startup_samg55.o
UHP_Handler                                       src/ASF/sam/utils/cmsis/samg/samg55/source/templates/gcc/startup_samg55.o
UsageFault_Handler                                src/ASF/sam/utils/cmsis/samg/samg55/source/templates/gcc/startup_samg55.o
WDT_Handler                                       src/ASF/sam/utils/cmsis/samg/samg55/source/templates/gcc/startup_samg55.o
_Jv_RegisterClasses                               d:/program files (x86)/atmel/studio/7.0/toolchain/arm/arm-gnu-toolchain/bin/../lib/gcc/arm-none-eabi/6.3.1/thumb/v7e-m/crtbegin.o
__atexit_recursive_mutex                          d:/program files (x86)/atmel/studio/7.0/toolchain/arm/arm-gnu-toolchain/bin/../lib/gcc/arm-none-eabi/6.3.1/../../../../arm-none-eabi/lib/thumb/v7e-m\libc.a(lib_a-__call_atexit.o)
                                                  d:/program files (x86)/atmel/studio/7.0/toolchain/arm/arm-gnu-toolchain/bin/../lib/gcc/arm-none-eabi/6.3.1/../../../../arm-none-eabi/lib/thumb/v7e-m\libc.a(lib_a-__atexit.o)
__bss_end__                                       d:/program files (x86)/atmel/studio/7.0/toolchain/arm/arm-gnu-toolchain/bin/../lib/gcc/arm-none-eabi/6.3.1/../../../../arm-none-eabi/lib/thumb/v7e-m/crt0.o
__bss_start__                                     d:/program files (x86)/atmel/studio/7.0/toolchain/arm/arm-gnu-toolchain/bin/../lib/gcc/arm-none-eabi/6.3.1/../../../../arm-none-eabi/lib/thumb/v7e-m/crt0.o
__call_exitprocs                                  d:/program files (x86)/atmel/studio/7.0/toolchain/arm/arm-gnu-toolchain/bin/../lib/gcc/arm-none-eabi/6.3.1/../../../../arm-none-eabi/lib/thumb/v7e-m\libc.a(lib_a-__call_atexit.o)
                                                  d:/program files (x86)/atmel/studio/7.0/toolchain/arm/arm-gnu-toolchain/bin/../lib/gcc/arm-none-eabi/6.3.1/../../../../arm-none-eabi/lib/thumb/v7e-m\libc.a(lib_a-exit.o)
__deregister_frame_info                           d:/program files (x86)/atmel/studio/7.0/toolchain/arm/arm-gnu-toolchain/bin/../lib/gcc/arm-none-eabi/6.3.1/thumb/v7e-m/crtbegin.o
__dso_handle                                      d:/program files (x86)/atmel/studio/7.0/toolchain/arm/arm-gnu-toolchain/bin/../lib/gcc/arm-none-eabi/6.3.1/thumb/v7e-m/crtbegin.o
__fini_array_end                                  d:/program files (x86)/atmel/studio/7.0/toolchain/arm/arm-gnu-toolchain/bin/../lib/gcc/arm-none-eabi/6.3.1/../../../../arm-none-eabi/lib/thumb/v7e-m\libc.a(lib_a-fini.o)
__fini_array_start                                d:/program files (x86)/atmel/studio/7.0/toolchain/arm/arm-gnu-toolchain/bin/../lib/gcc/arm-none-eabi/6.3.1/../../../../arm-none-eabi/lib/thumb/v7e-m\libc.a(lib_a-fini.o)
__init_array_end                                  d:/program files (x86)/atmel/studio/7.0/toolchain/arm/arm-gnu-toolchain/bin/../lib/gcc/arm-none-eabi/6.3.1/../../../../arm-none-eabi/lib/thumb/v7e-m\libc.a(lib_a-init.o)
__init_array_start                                d:/program files (x86)/atmel/studio/7.0/toolchain/arm/arm-gnu-toolchain/bin/../lib/gcc/arm-none-eabi/6.3.1/../../../../arm-none-eabi/lib/thumb/v7e-m\libc.a(lib_a-init.o)
__libc_fini                                       d:/program files (x86)/atmel/studio/7.0/toolchain/arm/arm-gnu-toolchain/bin/../lib/gcc/arm-none-eabi/6.3.1/../../../../arm-none-eabi/lib/thumb/v7e-m\libc.a(lib_a-__call_atexit.o)
__libc_fini_array                                 d:/program files (x86)/atmel/studio/7.0/toolchain/arm/arm-gnu-toolchain/bin/../lib/gcc/arm-none-eabi/6.3.1/../../../../arm-none-eabi/lib/thumb/v7e-m\libc.a(lib_a-fini.o)
                                                  d:/program files (x86)/atmel/studio/7.0/toolchain/arm/arm-gnu-toolchain/bin/../lib/gcc/arm-none-eabi/6.3.1/../../../../arm-none-eabi/lib/thumb/v7e-m\libc.a(lib_a-__call_atexit.o)
                                                  d:/program files (x86)/atmel/studio/7.0/toolchain/arm/arm-gnu-toolchain/bin/../lib/gcc/arm-none-eabi/6.3.1/../../../../arm-none-eabi/lib/thumb/v7e-m/crt0.o
__libc_init_array                                 d:/program files (x86)/atmel/studio/7.0/toolchain/arm/arm-gnu-toolchain/bin/../lib/gcc/arm-none-eabi/6.3.1/../../../../arm-none-eabi/lib/thumb/v7e-m\libc.a(lib_a-init.o)
                                                  src/ASF/sam/utils/cmsis/samg/samg55/source/templates/gcc/startup_samg55.o
                                                  d:/program files (x86)/atmel/studio/7.0/toolchain/arm/arm-gnu-toolchain/bin/../lib/gcc/arm-none-eabi/6.3.1/../../../../arm-none-eabi/lib/thumb/v7e-m/crt0.o
__lock___arc4random_mutex                         d:/program files (x86)/atmel/studio/7.0/toolchain/arm/arm-gnu-toolchain/bin/../lib/gcc/arm-none-eabi/6.3.1/../../../../arm-none-eabi/lib/thumb/v7e-m\libc.a(lib_a-lock.o)
__lock___at_quick_exit_mutex                      d:/program files (x86)/atmel/studio/7.0/toolchain/arm/arm-gnu-toolchain/bin/../lib/gcc/arm-none-eabi/6.3.1/../../../../arm-none-eabi/lib/thumb/v7e-m\libc.a(lib_a-lock.o)
__lock___atexit_recursive_mutex                   d:/program files (x86)/atmel/studio/7.0/toolchain/arm/arm-gnu-toolchain/bin/../lib/gcc/arm-none-eabi/6.3.1/../../../../arm-none-eabi/lib/thumb/v7e-m\libc.a(lib_a-lock.o)
                                                  d:/program files (x86)/atmel/studio/7.0/toolchain/arm/arm-gnu-toolchain/bin/../lib/gcc/arm-none-eabi/6.3.1/../../../../arm-none-eabi/lib/thumb/v7e-m\libc.a(lib_a-__call_atexit.o)
__lock___dd_hash_mutex                            d:/program files (x86)/atmel/studio/7.0/toolchain/arm/arm-gnu-toolchain/bin/../lib/gcc/arm-none-eabi/6.3.1/../../../../arm-none-eabi/lib/thumb/v7e-m\libc.a(lib_a-lock.o)
__lock___env_recursive_mutex                      d:/program files (x86)/atmel/studio/7.0/toolchain/arm/arm-gnu-toolchain/bin/../lib/gcc/arm-none-eabi/6.3.1/../../../../arm-none-eabi/lib/thumb/v7e-m\libc.a(lib_a-lock.o)
__lock___malloc_recursive_mutex                   d:/program files (x86)/atmel/studio/7.0/toolchain/arm/arm-gnu-toolchain/bin/../lib/gcc/arm-none-eabi/6.3.1/../../../../arm-none-eabi/lib/thumb/v7e-m\libc.a(lib_a-lock.o)
__lock___sfp_recursive_mutex                      d:/program files (x86)/atmel/studio/7.0/toolchain/arm/arm-gnu-toolchain/bin/../lib/gcc/arm-none-eabi/6.3.1/../../../../arm-none-eabi/lib/thumb/v7e-m\libc.a(lib_a-lock.o)
__lock___sinit_recursive_mutex                    d:/program files (x86)/atmel/studio/7.0/toolchain/arm/arm-gnu-toolchain/bin/../lib/gcc/arm-none-eabi/6.3.1/../../../../arm-none-eabi/lib/thumb/v7e-m\libc.a(lib_a-lock.o)
__lock___tz_mutex                                 d:/program files (x86)/atmel/studio/7.0/toolchain/arm/arm-gnu-toolchain/bin/../lib/gcc/arm-none-eabi/6.3.1/../../../../arm-none-eabi/lib/thumb/v7e-m\libc.a(lib_a-lock.o)
__preinit_array_end                               d:/program files (x86)/atmel/studio/7.0/toolchain/arm/arm-gnu-toolchain/bin/../lib/gcc/arm-none-eabi/6.3.1/../../../../arm-none-eabi/lib/thumb/v7e-m\libc.a(lib_a-init.o)
__preinit_array_start                             d:/program files (x86)/atmel/studio/7.0/toolchain/arm/arm-gnu-toolchain/bin/../lib/gcc/arm-none-eabi/6.3.1/../../../../arm-none-eabi/lib/thumb/v7e-m\libc.a(lib_a-init.o)
__ram_end__                                       src/ASF/sam/utils/syscalls/gcc/syscalls.o
__register_exitproc                               d:/program files (x86)/atmel/studio/7.0/toolchain/arm/arm-gnu-toolchain/bin/../lib/gcc/arm-none-eabi/6.3.1/../../../../arm-none-eabi/lib/thumb/v7e-m\libc.a(lib_a-__atexit.o)
                                                  d:/program files (x86)/atmel/studio/7.0/toolchain/arm/arm-gnu-toolchain/bin/../lib/gcc/arm-none-eabi/6.3.1/../../../../arm-none-eabi/lib/thumb/v7e-m\libc.a(lib_a-atexit.o)
__register_frame_info                             d:/program files (x86)/atmel/studio/7.0/toolchain/arm/arm-gnu-toolchain/bin/../lib/gcc/arm-none-eabi/6.3.1/thumb/v7e-m/crtbegin.o
__retarget_lock_acquire                           d:/program files (x86)/atmel/studio/7.0/toolchain/arm/arm-gnu-toolchain/bin/../lib/gcc/arm-none-eabi/6.3.1/../../../../arm-none-eabi/lib/thumb/v7e-m\libc.a(lib_a-lock.o)
__retarget_lock_acquire_recursive                 d:/program files (x86)/atmel/studio/7.0/toolchain/arm/arm-gnu-toolchain/bin/../lib/gcc/arm-none-eabi/6.3.1/../../../../arm-none-eabi/lib/thumb/v7e-m\libc.a(lib_a-lock.o)
                                                  d:/program files (x86)/atmel/studio/7.0/toolchain/arm/arm-gnu-toolchain/bin/../lib/gcc/arm-none-eabi/6.3.1/../../../../arm-none-eabi/lib/thumb/v7e-m\libc.a(lib_a-__atexit.o)
                                                  d:/program files (x86)/atmel/studio/7.0/toolchain/arm/arm-gnu-toolchain/bin/../lib/gcc/arm-none-eabi/6.3.1/../../../../arm-none-eabi/lib/thumb/v7e-m\libc.a(lib_a-__call_atexit.o)
__retarget_lock_close                             d:/program files (x86)/atmel/studio/7.0/toolchain/arm/arm-gnu-toolchain/bin/../lib/gcc/arm-none-eabi/6.3.1/../../../../arm-none-eabi/lib/thumb/v7e-m\libc.a(lib_a-lock.o)
__retarget_lock_close_recursive                   d:/program files (x86)/atmel/studio/7.0/toolchain/arm/arm-gnu-toolchain/bin/../lib/gcc/arm-none-eabi/6.3.1/../../../../arm-none-eabi/lib/thumb/v7e-m\libc.a(lib_a-lock.o)
__retarget_lock_init                              d:/program files (x86)/atmel/studio/7.0/toolchain/arm/arm-gnu-toolchain/bin/../lib/gcc/arm-none-eabi/6.3.1/../../../../arm-none-eabi/lib/thumb/v7e-m\libc.a(lib_a-lock.o)
__retarget_lock_init_recursive                    d:/program files (x86)/atmel/studio/7.0/toolchain/arm/arm-gnu-toolchain/bin/../lib/gcc/arm-none-eabi/6.3.1/../../../../arm-none-eabi/lib/thumb/v7e-m\libc.a(lib_a-lock.o)
__retarget_lock_release                           d:/program files (x86)/atmel/studio/7.0/toolchain/arm/arm-gnu-toolchain/bin/../lib/gcc/arm-none-eabi/6.3.1/../../../../arm-none-eabi/lib/thumb/v7e-m\libc.a(lib_a-lock.o)
__retarget_lock_release_recursive                 d:/program files (x86)/atmel/studio/7.0/toolchain/arm/arm-gnu-toolchain/bin/../lib/gcc/arm-none-eabi/6.3.1/../../../../arm-none-eabi/lib/thumb/v7e-m\libc.a(lib_a-lock.o)
                                                  d:/program files (x86)/atmel/studio/7.0/toolchain/arm/arm-gnu-toolchain/bin/../lib/gcc/arm-none-eabi/6.3.1/../../../../arm-none-eabi/lib/thumb/v7e-m\libc.a(lib_a-__atexit.o)
                                                  d:/program files (x86)/atmel/studio/7.0/toolchain/arm/arm-gnu-toolchain/bin/../lib/gcc/arm-none-eabi/6.3.1/../../../../arm-none-eabi/lib/thumb/v7e-m\libc.a(lib_a-__call_atexit.o)
__retarget_lock_try_acquire                       d:/program files (x86)/atmel/studio/7.0/toolchain/arm/arm-gnu-toolchain/bin/../lib/gcc/arm-none-eabi/6.3.1/../../../../arm-none-eabi/lib/thumb/v7e-m\libc.a(lib_a-lock.o)
__retarget_lock_try_acquire_recursive             d:/program files (x86)/atmel/studio/7.0/toolchain/arm/arm-gnu-toolchain/bin/../lib/gcc/arm-none-eabi/6.3.1/../../../../arm-none-eabi/lib/thumb/v7e-m\libc.a(lib_a-lock.o)
__stack                                           d:/program files (x86)/atmel/studio/7.0/toolchain/arm/arm-gnu-toolchain/bin/../lib/gcc/arm-none-eabi/6.3.1/../../../../arm-none-eabi/lib/thumb/v7e-m/crt0.o
_close                                            src/ASF/sam/utils/syscalls/gcc/syscalls.o
_end                                              src/ASF/sam/utils/syscalls/gcc/syscalls.o
_erelocate                                        src/ASF/sam/utils/cmsis/samg/samg55/source/templates/gcc/startup_samg55.o
_estack                                           src/ASF/sam/utils/cmsis/samg/samg55/source/templates/gcc/startup_samg55.o
_etext                                            src/ASF/sam/utils/cmsis/samg/samg55/source/templates/gcc/startup_samg55.o
_exit                                             src/ASF/sam/utils/syscalls/gcc/syscalls.o
                                                  d:/program files (x86)/atmel/studio/7.0/toolchain/arm/arm-gnu-toolchain/bin/../lib/gcc/arm-none-eabi/6.3.1/../../../../arm-none-eabi/lib/thumb/v7e-m\libc.a(lib_a-exit.o)
_ezero                                            src/ASF/sam/utils/cmsis/samg/samg55/source/templates/gcc/startup_samg55.o
_fini                                             d:/program files (x86)/atmel/studio/7.0/toolchain/arm/arm-gnu-toolchain/bin/../lib/gcc/arm-none-eabi/6.3.1/thumb/v7e-m/crti.o
                                                  d:/program files (x86)/atmel/studio/7.0/toolchain/arm/arm-gnu-toolchain/bin/../lib/gcc/arm-none-eabi/6.3.1/../../../../arm-none-eabi/lib/thumb/v7e-m\libc.a(lib_a-fini.o)
_fstat                                            src/ASF/sam/utils/syscalls/gcc/syscalls.o
_getpid                                           src/ASF/sam/utils/syscalls/gcc/syscalls.o
_global_impure_ptr                                d:/program files (x86)/atmel/studio/7.0/toolchain/arm/arm-gnu-toolchain/bin/../lib/gcc/arm-none-eabi/6.3.1/../../../../arm-none-eabi/lib/thumb/v7e-m\libc.a(lib_a-impure.o)
                                                  d:/program files (x86)/atmel/studio/7.0/toolchain/arm/arm-gnu-toolchain/bin/../lib/gcc/arm-none-eabi/6.3.1/../../../../arm-none-eabi/lib/thumb/v7e-m\libc.a(lib_a-__atexit.o)
                                                  d:/program files (x86)/atmel/studio/7.0/toolchain/arm/arm-gnu-toolchain/bin/../lib/gcc/arm-none-eabi/6.3.1/../../../../arm-none-eabi/lib/thumb/v7e-m\libc.a(lib_a-__call_atexit.o)
                                                  d:/program files (x86)/atmel/studio/7.0/toolchain/arm/arm-gnu-toolchain/bin/../lib/gcc/arm-none-eabi/6.3.1/../../../../arm-none-eabi/lib/thumb/v7e-m\libc.a(lib_a-exit.o)
_impure_ptr                                       d:/program files (x86)/atmel/studio/7.0/toolchain/arm/arm-gnu-toolchain/bin/../lib/gcc/arm-none-eabi/6.3.1/../../../../arm-none-eabi/lib/thumb/v7e-m\libc.a(lib_a-impure.o)
_init                                             d:/program files (x86)/atmel/studio/7.0/toolchain/arm/arm-gnu-toolchain/bin/../lib/gcc/arm-none-eabi/6.3.1/thumb/v7e-m/crti.o
                                                  d:/program files (x86)/atmel/studio/7.0/toolchain/arm/arm-gnu-toolchain/bin/../lib/gcc/arm-none-eabi/6.3.1/../../../../arm-none-eabi/lib/thumb/v7e-m\libc.a(lib_a-init.o)
_isatty                                           src/ASF/sam/utils/syscalls/gcc/syscalls.o
_kill                                             src/ASF/sam/utils/syscalls/gcc/syscalls.o
_lseek                                            src/ASF/sam/utils/syscalls/gcc/syscalls.o
_mainCRTStartup                                   d:/program files (x86)/atmel/studio/7.0/toolchain/arm/arm-gnu-toolchain/bin/../lib/gcc/arm-none-eabi/6.3.1/../../../../arm-none-eabi/lib/thumb/v7e-m/crt0.o
_read                                             src/ASF/common/utils/stdio/read.o
_sbrk                                             src/ASF/sam/utils/syscalls/gcc/syscalls.o
_sfixed                                           src/ASF/sam/utils/cmsis/samg/samg55/source/templates/gcc/startup_samg55.o
_srelocate                                        src/ASF/sam/utils/cmsis/samg/samg55/source/templates/gcc/startup_samg55.o
_start                                            d:/program files (x86)/atmel/studio/7.0/toolchain/arm/arm-gnu-toolchain/bin/../lib/gcc/arm-none-eabi/6.3.1/../../../../arm-none-eabi/lib/thumb/v7e-m/crt0.o
_szero                                            src/ASF/sam/utils/cmsis/samg/samg55/source/templates/gcc/startup_samg55.o
_write                                            src/ASF/common/utils/stdio/write.o
atexit                                            d:/program files (x86)/atmel/studio/7.0/toolchain/arm/arm-gnu-toolchain/bin/../lib/gcc/arm-none-eabi/6.3.1/../../../../arm-none-eabi/lib/thumb/v7e-m\libc.a(lib_a-atexit.o)
                                                  d:/program files (x86)/atmel/studio/7.0/toolchain/arm/arm-gnu-toolchain/bin/../lib/gcc/arm-none-eabi/6.3.1/../../../../arm-none-eabi/lib/thumb/v7e-m\libc.a(lib_a-__call_atexit.o)
                                                  d:/program files (x86)/atmel/studio/7.0/toolchain/arm/arm-gnu-toolchain/bin/../lib/gcc/arm-none-eabi/6.3.1/../../../../arm-none-eabi/lib/thumb/v7e-m/crt0.o
board_init                                        src/ASF/sam/boards/samg55_xplained_pro/board_init.o
                                                  src/main.o
counterClock                                      src/main.o
counterData                                       src/main.o
cpu_irq_enter_critical                            src/ASF/common/utils/interrupt/interrupt_sam_nvic.o
cpu_irq_leave_critical                            src/ASF/common/utils/interrupt/interrupt_sam_nvic.o
efc_disable_cloe                                  src/ASF/sam/drivers/efc/efc.o
efc_disable_frdy_interrupt                        src/ASF/sam/drivers/efc/efc.o
efc_enable_cloe                                   src/ASF/sam/drivers/efc/efc.o
efc_enable_frdy_interrupt                         src/ASF/sam/drivers/efc/efc.o
efc_get_flash_access_mode                         src/ASF/sam/drivers/efc/efc.o
efc_get_result                                    src/ASF/sam/drivers/efc/efc.o
efc_get_status                                    src/ASF/sam/drivers/efc/efc.o
efc_get_wait_state                                src/ASF/sam/drivers/efc/efc.o
efc_init                                          src/ASF/sam/drivers/efc/efc.o
efc_perform_command                               src/ASF/sam/drivers/efc/efc.o
efc_perform_fcr                                   src/ASF/sam/drivers/efc/efc.o
efc_perform_read_sequence                         src/ASF/sam/drivers/efc/efc.o
                                                  src/ASF/common/services/clock/samg/sysclk.o
efc_set_flash_access_mode                         src/ASF/sam/drivers/efc/efc.o
efc_set_wait_state                                src/ASF/sam/drivers/efc/efc.o
efc_write_fmr                                     src/ASF/sam/drivers/efc/efc.o
enable_pdm                                        src/main.o
exception_table                                   src/ASF/sam/utils/cmsis/samg/samg55/source/templates/gcc/startup_samg55.o
exit                                              d:/program files (x86)/atmel/studio/7.0/toolchain/arm/arm-gnu-toolchain/bin/../lib/gcc/arm-none-eabi/6.3.1/../../../../arm-none-eabi/lib/thumb/v7e-m\libc.a(lib_a-exit.o)
                                                  d:/program files (x86)/atmel/studio/7.0/toolchain/arm/arm-gnu-toolchain/bin/../lib/gcc/arm-none-eabi/6.3.1/../../../../arm-none-eabi/lib/thumb/v7e-m/crt0.o
filter                                            src/filter_design.o
flexcom_disable                                   src/ASF/sam/drivers/flexcom/flexcom.o
flexcom_enable                                    src/ASF/sam/drivers/flexcom/flexcom.o
                                                  src/main.o
flexcom_get_opmode                                src/ASF/sam/drivers/flexcom/flexcom.o
flexcom_read                                      src/ASF/sam/drivers/flexcom/flexcom.o
flexcom_set_opmode                                src/ASF/sam/drivers/flexcom/flexcom.o
                                                  src/main.o
flexcom_write                                     src/ASF/sam/drivers/flexcom/flexcom.o
free                                              d:/program files (x86)/atmel/studio/7.0/toolchain/arm/arm-gnu-toolchain/bin/../lib/gcc/arm-none-eabi/6.3.1/../../../../arm-none-eabi/lib/thumb/v7e-m\libc.a(lib_a-__call_atexit.o)
g_interrupt_enabled                               src/ASF/common/utils/interrupt/interrupt_sam_nvic.o
                                                  src/main.o
                                                  src/ASF/sam/utils/cmsis/samg/samg55/source/templates/gcc/startup_samg55.o
                                                  src/ASF/sam/drivers/pmc/sleep.o
                                                  src/ASF/sam/drivers/flexcom/flexcom.o
                                                  src/ASF/sam/drivers/efc/efc.o
g_mic_gain                                        src/main.o
g_p_spim_pdc                                      src/main.o
g_p_spis_pdc                                      src/main.o
hardware_init_hook                                d:/program files (x86)/atmel/studio/7.0/toolchain/arm/arm-gnu-toolchain/bin/../lib/gcc/arm-none-eabi/6.3.1/../../../../arm-none-eabi/lib/thumb/v7e-m/crt0.o
init_pdm                                          src/main.o
link                                              src/ASF/sam/utils/syscalls/gcc/syscalls.o
main                                              src/main.o
                                                  src/ASF/sam/utils/cmsis/samg/samg55/source/templates/gcc/startup_samg55.o
                                                  d:/program files (x86)/atmel/studio/7.0/toolchain/arm/arm-gnu-toolchain/bin/../lib/gcc/arm-none-eabi/6.3.1/../../../../arm-none-eabi/lib/thumb/v7e-m/crt0.o
malloc                                            d:/program files (x86)/atmel/studio/7.0/toolchain/arm/arm-gnu-toolchain/bin/../lib/gcc/arm-none-eabi/6.3.1/../../../../arm-none-eabi/lib/thumb/v7e-m\libc.a(lib_a-__atexit.o)
memset                                            d:/program files (x86)/atmel/studio/7.0/toolchain/arm/arm-gnu-toolchain/bin/../lib/gcc/arm-none-eabi/6.3.1/../../../../arm-none-eabi/lib/thumb/v7e-m\libc.a(lib_a-memset.o)
                                                  d:/program files (x86)/atmel/studio/7.0/toolchain/arm/arm-gnu-toolchain/bin/../lib/gcc/arm-none-eabi/6.3.1/../../../../arm-none-eabi/lib/thumb/v7e-m/crt0.o
pdc_disable_transfer                              src/ASF/sam/drivers/pdc/pdc.o
                                                  src/main.o
pdc_enable_transfer                               src/ASF/sam/drivers/pdc/pdc.o
                                                  src/main.o
pdc_read_rx_counter                               src/ASF/sam/drivers/pdc/pdc.o
pdc_read_rx_next_counter                          src/ASF/sam/drivers/pdc/pdc.o
pdc_read_rx_next_ptr                              src/ASF/sam/drivers/pdc/pdc.o
pdc_read_rx_ptr                                   src/ASF/sam/drivers/pdc/pdc.o
pdc_read_status                                   src/ASF/sam/drivers/pdc/pdc.o
pdc_read_tx_counter                               src/ASF/sam/drivers/pdc/pdc.o
pdc_read_tx_next_counter                          src/ASF/sam/drivers/pdc/pdc.o
pdc_read_tx_next_ptr                              src/ASF/sam/drivers/pdc/pdc.o
pdc_read_tx_ptr                                   src/ASF/sam/drivers/pdc/pdc.o
pdc_rx_clear_cnt                                  src/ASF/sam/drivers/pdc/pdc.o
pdc_rx_init                                       src/ASF/sam/drivers/pdc/pdc.o
pdc_tx_init                                       src/ASF/sam/drivers/pdc/pdc.o
                                                  src/main.o
pdm_init                                          src/ASF/sam/drivers/pdm/pdm.o
                                                  src/main.o
pdm_read_convert_data                             src/ASF/sam/drivers/pdm/pdm.o
pdm_register_callback                             src/ASF/sam/drivers/pdm/pdm.o
pdm_unregister_callback                           src/ASF/sam/drivers/pdm/pdm.o
pmc_clr_fast_startup_input                        src/ASF/sam/drivers/pmc/pmc.o
pmc_disable_all_pck                               src/ASF/sam/drivers/pmc/pmc.o
pmc_disable_all_periph_clk                        src/ASF/sam/drivers/pmc/pmc.o
pmc_disable_clock_failure_detector                src/ASF/sam/drivers/pmc/pmc.o
pmc_disable_interrupt                             src/ASF/sam/drivers/pmc/pmc.o
pmc_disable_pck                                   src/ASF/sam/drivers/pmc/pmc.o
                                                  src/main.o
                                                  src/ASF/sam/drivers/flexcom/flexcom.o
pmc_disable_periph_clk                            src/ASF/sam/drivers/pmc/pmc.o
                                                  src/ASF/sam/drivers/spi/spi.o
                                                  src/ASF/sam/drivers/flexcom/flexcom.o
pmc_disable_pllack                                src/ASF/sam/drivers/pmc/pmc.o
                                                  src/ASF/sam/drivers/pmc/sleep.o
                                                  src/ASF/common/services/clock/samg/sysclk.o
pmc_disable_pllbck                                src/ASF/sam/drivers/pmc/pmc.o
pmc_disable_sleepwalking                          src/ASF/sam/drivers/pmc/pmc.o
pmc_disable_udpck                                 src/ASF/sam/drivers/pmc/pmc.o
pmc_enable_all_pck                                src/ASF/sam/drivers/pmc/pmc.o
pmc_enable_all_periph_clk                         src/ASF/sam/drivers/pmc/pmc.o
pmc_enable_backupmode                             src/ASF/sam/drivers/pmc/pmc.o
pmc_enable_clock_failure_detector                 src/ASF/sam/drivers/pmc/pmc.o
pmc_enable_interrupt                              src/ASF/sam/drivers/pmc/pmc.o
pmc_enable_pck                                    src/ASF/sam/drivers/pmc/pmc.o
                                                  src/main.o
                                                  src/ASF/sam/drivers/flexcom/flexcom.o
pmc_enable_periph_clk                             src/ASF/sam/drivers/pmc/pmc.o
                                                  src/main.o
                                                  src/ASF/sam/drivers/spi/spi.o
                                                  src/ASF/sam/drivers/pdm/pdm.o
                                                  src/ASF/sam/drivers/flexcom/flexcom.o
                                                  src/ASF/sam/boards/samg55_xplained_pro/board_init.o
pmc_enable_pllack                                 src/ASF/sam/drivers/pmc/pmc.o
pmc_enable_pllbck                                 src/ASF/sam/drivers/pmc/pmc.o
pmc_enable_sleepmode                              src/ASF/sam/drivers/pmc/pmc.o
pmc_enable_sleepwalking                           src/ASF/sam/drivers/pmc/pmc.o
pmc_enable_udpck                                  src/ASF/sam/drivers/pmc/pmc.o
pmc_enable_uhpck                                  src/ASF/sam/drivers/pmc/pmc.o
pmc_enable_waitmode                               src/ASF/sam/drivers/pmc/pmc.o
                                                  src/ASF/sam/drivers/pmc/sleep.o
pmc_get_active_status0                            src/ASF/sam/drivers/pmc/pmc.o
pmc_get_interrupt_mask                            src/ASF/sam/drivers/pmc/pmc.o
pmc_get_sleepwalking_status0                      src/ASF/sam/drivers/pmc/pmc.o
pmc_get_status                                    src/ASF/sam/drivers/pmc/pmc.o
pmc_get_writeprotect_status                       src/ASF/sam/drivers/pmc/pmc.o
pmc_is_locked_pllack                              src/ASF/sam/drivers/pmc/pmc.o
                                                  src/ASF/common/services/clock/samg/sysclk.o
pmc_is_locked_pllbck                              src/ASF/sam/drivers/pmc/pmc.o
pmc_is_pck_enabled                                src/ASF/sam/drivers/pmc/pmc.o
pmc_is_periph_clk_enabled                         src/ASF/sam/drivers/pmc/pmc.o
pmc_is_wakeup_clocks_restored                     src/ASF/sam/drivers/pmc/sleep.o
pmc_mainck_osc_select                             src/ASF/sam/drivers/pmc/pmc.o
pmc_mck_set_prescaler                             src/ASF/sam/drivers/pmc/pmc.o
                                                  src/ASF/common/services/clock/samg/sysclk.o
pmc_mck_set_source                                src/ASF/sam/drivers/pmc/pmc.o
                                                  src/ASF/common/services/clock/samg/sysclk.o
pmc_osc_bypass_main_xtal                          src/ASF/sam/drivers/pmc/pmc.o
pmc_osc_disable_fastrc                            src/ASF/sam/drivers/pmc/pmc.o
pmc_osc_disable_main_xtal                         src/ASF/sam/drivers/pmc/pmc.o
pmc_osc_disable_xtal                              src/ASF/sam/drivers/pmc/pmc.o
pmc_osc_enable_fastrc                             src/ASF/sam/drivers/pmc/pmc.o
pmc_osc_enable_main_xtal                          src/ASF/sam/drivers/pmc/pmc.o
pmc_osc_is_bypassed_main_xtal                     src/ASF/sam/drivers/pmc/pmc.o
pmc_osc_is_ready_32kxtal                          src/ASF/sam/drivers/pmc/pmc.o
                                                  src/ASF/common/services/clock/samg/sysclk.o
pmc_osc_is_ready_fastrc                           src/ASF/sam/drivers/pmc/pmc.o
pmc_osc_is_ready_main_xtal                        src/ASF/sam/drivers/pmc/pmc.o
pmc_osc_is_ready_mainck                           src/ASF/sam/drivers/pmc/pmc.o
pmc_pck_set_prescaler                             src/ASF/sam/drivers/pmc/pmc.o
pmc_pck_set_source                                src/ASF/sam/drivers/pmc/pmc.o
pmc_set_fast_startup_input                        src/ASF/sam/drivers/pmc/pmc.o
pmc_set_flash_in_wait_mode                        src/ASF/sam/drivers/pmc/pmc.o
                                                  src/ASF/sam/drivers/pmc/sleep.o
pmc_set_writeprotect                              src/ASF/sam/drivers/pmc/pmc.o
pmc_sleep                                         src/ASF/sam/drivers/pmc/sleep.o
pmc_switch_mainck_to_fastrc                       src/ASF/sam/drivers/pmc/pmc.o
pmc_switch_mainck_to_xtal                         src/ASF/sam/drivers/pmc/pmc.o
pmc_switch_mck_to_mainck                          src/ASF/sam/drivers/pmc/pmc.o
pmc_switch_mck_to_pllack                          src/ASF/sam/drivers/pmc/pmc.o
                                                  src/ASF/common/services/clock/samg/sysclk.o
pmc_switch_mck_to_pllbck                          src/ASF/sam/drivers/pmc/pmc.o
pmc_switch_mck_to_sclk                            src/ASF/sam/drivers/pmc/pmc.o
pmc_switch_pck_to_mainck                          src/ASF/sam/drivers/pmc/pmc.o
pmc_switch_pck_to_mck                             src/ASF/sam/drivers/pmc/pmc.o
                                                  src/main.o
                                                  src/ASF/sam/drivers/flexcom/flexcom.o
pmc_switch_pck_to_pllack                          src/ASF/sam/drivers/pmc/pmc.o
pmc_switch_pck_to_pllbck                          src/ASF/sam/drivers/pmc/pmc.o
pmc_switch_pck_to_sclk                            src/ASF/sam/drivers/pmc/pmc.o
pmc_switch_sclk_to_32kxtal                        src/ASF/sam/drivers/pmc/pmc.o
                                                  src/ASF/common/services/clock/samg/sysclk.o
pmc_switch_udpck_to_pllack                        src/ASF/sam/drivers/pmc/pmc.o
pmc_switch_udpck_to_pllbck                        src/ASF/sam/drivers/pmc/pmc.o
pmc_switch_uhpck_to_pllack                        src/ASF/sam/drivers/pmc/pmc.o
pmc_switch_uhpck_to_pllbck                        src/ASF/sam/drivers/pmc/pmc.o
pmc_wait_wakeup_clocks_restore                    src/ASF/sam/drivers/pmc/sleep.o
portable_delay_cycles                             src/ASF/common/services/delay/sam/cycle_counter.o
ptr_get                                           src/ASF/common/utils/stdio/read.o
ptr_put                                           src/ASF/common/utils/stdio/write.o
sleepmgr_locks                                    src/ASF/common/services/sleepmgr/sam/sleepmgr.o
                                                  src/ASF/sam/drivers/flexcom/flexcom.o
software_init_hook                                d:/program files (x86)/atmel/studio/7.0/toolchain/arm/arm-gnu-toolchain/bin/../lib/gcc/arm-none-eabi/6.3.1/../../../../arm-none-eabi/lib/thumb/v7e-m/crt0.o
spi_calc_baudrate_div                             src/ASF/sam/drivers/spi/spi.o
spi_configure_cs_behavior                         src/ASF/sam/drivers/spi/spi.o
spi_disable_clock                                 src/ASF/sam/drivers/spi/spi.o
spi_enable_clock                                  src/ASF/sam/drivers/spi/spi.o
spi_get_writeprotect_status                       src/ASF/sam/drivers/spi/spi.o
spi_read                                          src/ASF/sam/drivers/spi/spi.o
spi_set_baudrate_div                              src/ASF/sam/drivers/spi/spi.o
spi_set_bits_per_transfer                         src/ASF/sam/drivers/spi/spi.o
                                                  src/main.o
spi_set_clock_phase                               src/ASF/sam/drivers/spi/spi.o
                                                  src/main.o
spi_set_clock_polarity                            src/ASF/sam/drivers/spi/spi.o
                                                  src/main.o
spi_set_delay_between_chip_select                 src/ASF/sam/drivers/spi/spi.o
spi_set_peripheral_chip_select_value              src/ASF/sam/drivers/spi/spi.o
                                                  src/main.o
spi_set_transfer_delay                            src/ASF/sam/drivers/spi/spi.o
spi_set_writeprotect                              src/ASF/sam/drivers/spi/spi.o
spi_write                                         src/ASF/sam/drivers/spi/spi.o
stdio_base                                        src/ASF/common/utils/stdio/write.o
                                                  src/ASF/common/utils/stdio/read.o
supc_disable_brownout_detector                    src/ASF/sam/drivers/supc/supc.o
supc_disable_brownout_reset                       src/ASF/sam/drivers/supc/supc.o
supc_disable_monitor_interrupt                    src/ASF/sam/drivers/supc/supc.o
supc_disable_monitor_reset                        src/ASF/sam/drivers/supc/supc.o
supc_enable_brownout_detector                     src/ASF/sam/drivers/supc/supc.o
supc_enable_brownout_reset                        src/ASF/sam/drivers/supc/supc.o
supc_enable_monitor_interrupt                     src/ASF/sam/drivers/supc/supc.o
supc_enable_monitor_reset                         src/ASF/sam/drivers/supc/supc.o
supc_get_status                                   src/ASF/sam/drivers/supc/supc.o
supc_set_monitor_sampling_period                  src/ASF/sam/drivers/supc/supc.o
supc_set_monitor_threshold                        src/ASF/sam/drivers/supc/supc.o
supc_set_regulator_trim_factory                   src/ASF/sam/drivers/supc/supc.o
supc_set_regulator_trim_user                      src/ASF/sam/drivers/supc/supc.o
                                                  src/ASF/common/services/clock/samg/sysclk.o
supc_set_wakeup_inputs                            src/ASF/sam/drivers/supc/supc.o
supc_set_wakeup_mode                              src/ASF/sam/drivers/supc/supc.o
supc_switch_sclk_to_32kxtal                       src/ASF/sam/drivers/supc/supc.o
sysclk_init                                       src/ASF/common/services/clock/samg/sysclk.o
                                                  src/main.o
sysclk_set_prescalers                             src/ASF/common/services/clock/samg/sysclk.o
sysclk_set_source                                 src/ASF/common/services/clock/samg/sysclk.o
system_board_init                                 src/ASF/sam/boards/samg55_xplained_pro/board_init.o
system_init_flash                                 src/ASF/sam/utils/cmsis/samg/samg55/source/templates/system_samg55.o
                                                  src/ASF/common/services/clock/samg/sysclk.o
tc_disable_interrupt                              src/ASF/sam/drivers/tc/tc.o
tc_enable_interrupt                               src/ASF/sam/drivers/tc/tc.o
tc_find_mck_divisor                               src/ASF/sam/drivers/tc/tc.o
tc_get_interrupt_mask                             src/ASF/sam/drivers/tc/tc.o
tc_get_status                                     src/ASF/sam/drivers/tc/tc.o
tc_init                                           src/ASF/sam/drivers/tc/tc.o
                                                  src/main.o
tc_init_2bit_gray                                 src/ASF/sam/drivers/tc/tc.o
tc_read_cv                                        src/ASF/sam/drivers/tc/tc.o
tc_read_ra                                        src/ASF/sam/drivers/tc/tc.o
tc_read_rb                                        src/ASF/sam/drivers/tc/tc.o
tc_read_rc                                        src/ASF/sam/drivers/tc/tc.o
tc_set_block_mode                                 src/ASF/sam/drivers/tc/tc.o
tc_set_writeprotect                               src/ASF/sam/drivers/tc/tc.o
tc_start                                          src/ASF/sam/drivers/tc/tc.o
                                                  src/main.o
tc_stop                                           src/ASF/sam/drivers/tc/tc.o
tc_sync_trigger                                   src/ASF/sam/drivers/tc/tc.o
tc_write_ra                                       src/ASF/sam/drivers/tc/tc.o
                                                  src/main.o
tc_write_rb                                       src/ASF/sam/drivers/tc/tc.o
                                                  src/main.o
tc_write_rc                                       src/ASF/sam/drivers/tc/tc.o
                                                  src/main.o
twi_disable_interrupt                             src/ASF/sam/drivers/twi/twi.o
twi_disable_master_mode                           src/ASF/sam/drivers/twi/twi.o
twi_disable_slave_mode                            src/ASF/sam/drivers/twi/twi.o
twi_enable_interrupt                              src/ASF/sam/drivers/twi/twi.o
twi_enable_master_mode                            src/ASF/sam/drivers/twi/twi.o
twi_enable_slave_mode                             src/ASF/sam/drivers/twi/twi.o
twi_get_interrupt_mask                            src/ASF/sam/drivers/twi/twi.o
twi_get_interrupt_status                          src/ASF/sam/drivers/twi/twi.o
twi_get_pdc_base                                  src/ASF/sam/drivers/twi/twi.o
twi_mask_slave_addr                               src/ASF/sam/drivers/twi/twi.o
twi_master_init                                   src/ASF/sam/drivers/twi/twi.o
twi_master_read                                   src/ASF/sam/drivers/twi/twi.o
                                                  src/yas_acc_driver-lis331dlh.o
twi_master_write                                  src/ASF/sam/drivers/twi/twi.o
                                                  src/yas_acc_driver-lis331dlh.o
twi_mk_addr                                       src/ASF/sam/drivers/twi/twi.o
twi_probe                                         src/ASF/sam/drivers/twi/twi.o
twi_read_byte                                     src/ASF/sam/drivers/twi/twi.o
twi_read_write_protection_status                  src/ASF/sam/drivers/twi/twi.o
twi_reset                                         src/ASF/sam/drivers/twi/twi.o
twi_set_alternative_command                       src/ASF/sam/drivers/twi/twi.o
twi_set_filter                                    src/ASF/sam/drivers/twi/twi.o
twi_set_slave_addr                                src/ASF/sam/drivers/twi/twi.o
twi_set_sleepwalking                              src/ASF/sam/drivers/twi/twi.o
twi_set_speed                                     src/ASF/sam/drivers/twi/twi.o
twi_set_write_protection                          src/ASF/sam/drivers/twi/twi.o
twi_slave_init                                    src/ASF/sam/drivers/twi/twi.o
twi_slave_read                                    src/ASF/sam/drivers/twi/twi.o
twi_slave_write                                   src/ASF/sam/drivers/twi/twi.o
twi_smbus_set_timing                              src/ASF/sam/drivers/twi/twi.o